\BOOKMARK [0][-]{chapter*.1}{\376\377\144\130\211\201}{}% 1
\BOOKMARK [0][-]{chapter*.2}{\376\377\131\202\117\125\226\005\213\373\116\016\131\015\163\260}{}% 2
\BOOKMARK [0][-]{chapter.1}{\376\377\116\373\122\241\060\001\213\301\143\156\124\214\123\101\116\224\153\145\116\244\123\311\122\006\147\220\150\106\147\266}{}% 3
\BOOKMARK [1][-]{section.1.1}{\376\377\116\373\122\241\217\271\165\114\116\016\127\372\147\054\122\044\145\255}{chapter.1}% 4
\BOOKMARK [1][-]{section.1.2}{\376\377\123\101\116\224\153\145\116\244\123\311\122\006\147\220\150\106\147\266}{chapter.1}% 5
\BOOKMARK [1][-]{section.1.3}{\376\377\213\301\143\156\134\102\176\247\060\001\156\220\170\001\210\114\123\367\116\016\145\160\143\156\217\271\165\114}{chapter.1}% 6
\BOOKMARK [0][-]{chapter.2}{\376\377\162\151\164\006\121\154\164\006\060\001\177\244\213\272\176\246\133\232\116\016\217\336\176\355\040\024\150\074\160\271\146\040\134\004}{}% 7
\BOOKMARK [1][-]{section.2.1}{\376\377\117\177\165\050\166\204\162\151\164\006\121\154\164\006\116\016\135\345\117\134\120\107\213\276}{chapter.2}% 8
\BOOKMARK [1][-]{section.2.2}{\376\377\000Q\000C\000D\000\040\000E\000u\000c\000l\000i\000d\000e\000a\000n\000\040\117\134\165\050\221\317\116\016\230\234\202\162\137\122\116\000}{chapter.2}% 9
\BOOKMARK [1][-]{section.2.3}{\376\377\224\376\143\245\123\330\221\317\060\001\000p\000l\000a\000q\000u\000e\000t\000t\000e\000\040\124\214\000\040\000W\000i\000l\000s\000o\000n\000\040\117\134\165\050\221\317}{chapter.2}% 10
\BOOKMARK [1][-]{section.2.4}{\376\377\000P\000y\000Q\000C\000D\000\040\166\204\137\040\221\317\176\246\133\232}{chapter.2}% 11
\BOOKMARK [1][-]{section.2.5}{\376\377\147\054\172\340\123\357\232\214\213\301\166\204\147\201\226\120\116\016\116\015\123\330\221\317}{chapter.2}% 12
\BOOKMARK [0][-]{chapter.3}{\376\377\155\202\142\271\060\001\122\250\221\317\130\236\137\072\116\016\204\270\231\217\117\116\171\351\210\150\171\072}{}% 13
\BOOKMARK [1][-]{section.3.1}{\376\377\116\072\116\300\116\110\121\110\131\004\164\006\000\040\000U\000V\000\040\152\041\137\017}{chapter.3}% 14
\BOOKMARK [1][-]{section.3.2}{\376\377\000H\000Y\000P\000\040\224\376\143\245\155\202\142\271\377\032\116\011\176\247\143\222\226\144\145\271\124\021\173\227\154\325}{chapter.3}% 15
\BOOKMARK [1][-]{section.3.3}{\376\377\000S\000t\000o\000u\000t\000\040\155\202\142\271\377\032\211\343\147\220\143\007\145\160\117\335\143\001\177\244\120\074}{chapter.3}% 16
\BOOKMARK [1][-]{section.3.4}{\376\377\000G\000a\000u\000s\000s\000i\000a\000n\000/\000J\000a\000c\000o\000b\000i\000\040\131\070\121\113\155\202\142\271\116\016\000\040\000m\000o\000m\000e\000n\000t\000u\000m\000\040\000s\000m\000e\000a\000r\000i\000n\000g}{chapter.3}% 17
\BOOKMARK [1][-]{section.3.5}{\376\377\204\270\231\217\377\032\172\172\225\364\117\116\152\041\142\225\137\161\116\016\000\040\000p\000e\000r\000a\000m\000b\000u\000l\000a\000t\000o\000r}{chapter.3}% 18
\BOOKMARK [1][-]{section.3.6}{\376\377\000V\000d\000V\000\040\116\016\000\040\000V\000V\000V\377\032\173\227\173\046\121\103\175\040\166\204\162\151\164\006\124\053\116\111}{chapter.3}% 19
\BOOKMARK [1][-]{section.3.7}{\376\377\147\054\172\340\166\204\213\301\143\156\217\271\165\114}{chapter.3}% 20
\BOOKMARK [0][-]{chapter.4}{\376\377\213\301\143\156\122\006\176\247\060\001\123\302\200\003\156\220\116\016\124\016\176\355\150\070\232\214}{}% 21
\BOOKMARK [1][-]{section.4.1}{\376\377\164\006\213\272\133\241\213\241\176\323\147\234}{chapter.4}% 22
\BOOKMARK [1][-]{section.4.2}{\376\377\123\302\200\003\156\220\154\107\140\073}{chapter.4}% 23
\BOOKMARK [0][-]{chapter.5}{\376\377\153\047\154\017\000\040\000Q\000C\000D\000\040\166\204\147\204\220\040\116\016\217\336\176\355\147\201\226\120\377\032\116\316\121\154\164\006\122\060\171\273\145\143\117\134\165\050\221\317}{}% 24
\BOOKMARK [1][-]{section.5.1}{\376\377\134\100\127\337\211\304\203\003\123\237\164\006\131\202\117\125\137\072\122\066\116\247\165\037\224\376\143\245}{chapter.5}% 25
\BOOKMARK [1][-]{section.5.2}{\376\377\000p\000l\000a\000q\000u\000e\000t\000t\000e\000\040\134\125\137\000\116\016\000\040\000W\000i\000l\000s\000o\000n\000\040\211\304\203\003\117\134\165\050\221\317}{chapter.5}% 26
\BOOKMARK [1][-]{section.5.3}{\376\377\215\071\174\163\133\120\171\273\145\143\060\001\000d\000o\000u\000b\000l\000i\000n\000g\000\040\116\016\000\040\000W\000i\000l\000s\000o\000n\000\040\230\171}{chapter.5}% 27
\BOOKMARK [1][-]{section.5.4}{\376\377\000S\000y\000m\000a\000n\000z\000i\000k\000\040\134\125\137\000\116\016\145\071\217\333\166\204\162\151\164\006\124\053\116\111}{chapter.5}% 28
\BOOKMARK [1][-]{section.5.5}{\376\377\116\316\117\134\165\050\221\317\122\060\000\040\000H\000M\000C\377\032\217\205\122\251\173\227\154\325\166\204\133\214\145\164\224\376}{chapter.5}% 29
\BOOKMARK [1][-]{section.5.6}{\376\377\147\054\172\340\166\204\123\357\131\015\150\070\143\250\164\006\116\016\147\201\226\120}{chapter.5}% 30
\BOOKMARK [0][-]{chapter.6}{\376\377\117\040\220\022\167\351\226\065\060\001\123\315\134\004\153\143\140\047\116\016\121\163\200\124\121\375\145\160\166\204\214\061\164\006\213\272}{}% 31
\BOOKMARK [1][-]{section.6.1}{\376\377\000E\000u\000c\000l\000i\000d\000e\000a\000n\000\040\145\366\225\364\116\072\117\125\200\375\176\331\121\372\200\375\214\061}{chapter.6}% 32
\BOOKMARK [1][-]{section.6.2}{\376\377\147\011\145\110\215\050\221\317\116\015\146\057\176\317\232\214\136\163\123\360}{chapter.6}% 33
\BOOKMARK [1][-]{section.6.3}{\376\377\000G\000E\000V\000P\000\040\166\204\123\330\122\006\143\250\133\374}{chapter.6}% 34
\BOOKMARK [1][-]{section.6.4}{\376\377\116\011\160\271\121\375\145\160\060\001\167\351\226\065\121\103\124\214\153\324\120\074\137\122\116\000\123\026}{chapter.6}% 35
\BOOKMARK [1][-]{section.6.5}{\376\377\147\011\226\120\117\123\171\357\060\001\122\250\221\317\221\317\133\120\123\026\124\214\131\032\137\072\133\120\200\375\176\247}{chapter.6}% 36
\BOOKMARK [1][-]{section.6.6}{\376\377\176\337\213\241\166\370\121\163\140\047\116\016\214\061\221\317\123\357\217\250\213\306\140\047}{chapter.6}% 37
\BOOKMARK [1][-]{section.6.7}{\376\377\133\232\164\006\060\001\120\107\213\276\116\016\123\357\232\214\213\301\217\271\165\114\166\204\133\371\136\224}{chapter.6}% 38
\BOOKMARK [0][-]{chapter.7}{\376\377\227\136\134\100\127\337\173\227\173\046\060\001\221\315\145\164\123\026\060\001\000O\000P\000E\000\040\116\016\000\040\000T\000M\000D\000\040\126\340\133\120\123\026\166\204\164\006\213\272\225\355\163\257}{}% 39
\BOOKMARK [1][-]{section.7.1}{\376\377\000W\000i\000l\000s\000o\000n\000\040\176\277\201\352\200\375\116\072\117\125\116\247\165\037\176\277\140\047\123\321\145\143}{chapter.7}% 40
\BOOKMARK [1][-]{section.7.2}{\376\377\000R\000I\000/\000M\000O\000M\000\040\116\016\155\367\124\010\167\351\226\065\166\204\133\232\116\111}{chapter.7}% 41
\BOOKMARK [1][-]{section.7.3}{\376\377\123\117\123\330\000\040\000T\000a\000y\000l\000o\000r\000\040\134\125\137\000\116\016\134\100\127\337\000\040\000O\000P\000E}{chapter.7}% 42
\BOOKMARK [1][-]{section.7.4}{\376\377\000L\000a\000M\000E\000T\000\040\123\071\221\115\124\214\147\011\226\120\000\040\000F\000o\000u\000r\000i\000e\000r\000\040\123\072\225\364}{chapter.7}% 43
\BOOKMARK [1][-]{section.7.5}{\376\377\000f\000i\000n\000i\000t\000e\000-\000s\000t\000a\000p\000l\000e\000\040\200\366\133\120\000\040\000T\000M\000D\000\040\116\016\000\040\000s\000o\000f\000t\000\040\000f\000a\000c\000t\000o\000r}{chapter.7}% 44
\BOOKMARK [1][-]{section.7.6}{\376\377\000C\000o\000l\000l\000i\000n\000s\040\023\000S\000o\000p\000e\000r\000\040\145\271\172\013\166\204\123\357\171\357\140\047}{chapter.7}% 45
\BOOKMARK [1][-]{section.7.7}{\376\377\000T\000M\000D\040\024\000c\000o\000l\000l\000i\000n\000e\000a\000r\000\040\200\124\174\373\124\214\155\101\172\227\123\343}{chapter.7}% 46
\BOOKMARK [1][-]{section.7.8}{\376\377\200\124\124\010\147\201\226\120\166\204\213\301\143\156\122\006\176\247}{chapter.7}% 47
\BOOKMARK [0][-]{appendix.A}{\376\377\000G\000r\000a\000s\000s\000m\000a\000n\000n\000\040\145\066\177\051\060\001\210\370\167\351\226\065\121\103\116\016\000\040\000O\000P\000E\000\040\213\301\143\156\225\355\163\257}{}% 48
\BOOKMARK [1][-]{section.A.1}{\376\377\000G\000r\000a\000s\000s\000m\000a\000n\000n\000\040\171\357\122\006\116\016\000\040\000W\000i\000c\000k\000\040\220\073\217\221}{appendix.A}% 49
\BOOKMARK [1][-]{section.A.2}{\376\377\210\370\167\351\226\065\121\103\060\001\000r\000a\000t\000i\000o\000\040\116\016\116\011\160\271\000/\116\214\160\271\137\122\116\000}{appendix.A}% 50
\BOOKMARK [1][-]{section.A.3}{\376\377\200\366\133\120\000\040\000O\000P\000E\377\032\166\364\176\277\000\040\000W\000i\000l\000s\000o\000n\000\040\176\277\060\001\127\072\137\072\143\322\121\145\124\214\220\032\220\123\213\355\116\111}{appendix.A}% 51
\BOOKMARK [1][-]{section.A.4}{\376\377\116\343\170\001\040\024\162\151\164\006\133\371\214\141\040\024\217\223\121\145\000/\116\055\225\364\221\317\000/\217\223\121\372\146\040\134\004}{appendix.A}% 52
\BOOKMARK [1][-]{section.A.5}{\376\377\172\357\122\060\172\357\123\125\122\027\173\227\154\325}{appendix.A}% 53
\BOOKMARK [0][-]{appendix.B}{\376\377\214\061\133\146\143\320\123\326\060\001\221\315\221\307\150\067\116\016\166\370\121\163\142\337\124\010}{}% 54
\BOOKMARK [1][-]{section.B.1}{\376\377\122\250\221\317\060\001\200\375\221\317\124\214\147\011\145\110\215\050\221\317}{appendix.B}% 55
\BOOKMARK [1][-]{section.B.2}{\376\377\000J\000a\000c\000k\000k\000n\000i\000f\000e\060\001\000b\000o\000o\000t\000s\000t\000r\000a\000p\000\040\116\016\123\117\145\271\135\356}{appendix.B}% 56
\BOOKMARK [1][-]{section.B.3}{\376\377\166\370\121\163\142\337\124\010\124\214\123\357\217\250\213\306\140\047}{appendix.B}% 57
\BOOKMARK [1][-]{section.B.4}{\376\377\147\054\172\340\166\204\000\040\000S\000y\000m\000P\000y\000\040\131\015\163\260}{appendix.B}% 58
\BOOKMARK [0][-]{appendix.C}{\376\377\227\136\134\100\127\337\173\227\173\046\221\315\145\164\123\026\377\032\000Z\000R\060\001\000R\000I\000/\000M\000O\000M\000\040\116\016\155\367\124\010\145\271\150\110}{}% 59
\BOOKMARK [1][-]{section.C.1}{\376\377\116\072\116\300\116\110\000\040\000W\000i\000l\000s\000o\000n\000\040\176\277\136\046\147\145\145\260\166\204\123\321\145\143}{appendix.C}% 60
\BOOKMARK [1][-]{section.C.2}{\376\377\000Z\000R\000\040\166\204\123\302\145\160\123\026\116\016\145\160\143\156\217\223\121\145}{appendix.C}% 61
\BOOKMARK [1][-]{section.C.3}{\376\377\000R\000I\000/\000M\000O\000M\000\040\116\016\000\040\000D\000i\000r\000a\000c\000\040\155\367\124\010}{appendix.C}% 62
\BOOKMARK [1][-]{section.C.4}{\376\377\000h\000y\000b\000r\000i\000d\000\040\145\271\150\110\124\214\142\374\143\245\217\336\176\355\140\047}{appendix.C}% 63
\BOOKMARK [1][-]{section.C.5}{\376\377\147\054\172\340\166\204\000\040\000S\000y\000m\000P\000y\000\040\213\301\143\156}{appendix.C}% 64
\BOOKMARK [0][-]{appendix.D}{\376\377\000F\000o\000u\000r\000i\000e\000r\060\001\000O\000P\000E\000\040\116\016\000\040\000L\000a\000M\000E\000T\000\040\123\071\221\115}{}% 65
\BOOKMARK [1][-]{section.D.1}{\376\377\000I\000o\000f\000f\000e\000\040\145\366\225\364\124\214\121\306\122\006\136\003}{appendix.D}% 66
\BOOKMARK [1][-]{section.D.2}{\376\377\116\044\116\052\000\040\000F\000o\000u\000r\000i\000e\000r\000\040\220\032\220\123\137\305\230\173\122\006\137\000}{appendix.D}% 67
\BOOKMARK [1][-]{section.D.3}{\376\377\123\071\221\115\150\070\166\204\122\006\123\072\116\016\171\273\145\143\167\351\226\065}{appendix.D}% 68
\BOOKMARK [1][-]{section.D.4}{\376\377\213\301\143\156\217\271\165\114}{appendix.D}% 69
\BOOKMARK [0][-]{appendix.E}{\376\377\000W\000i\000l\000s\000o\000n\000/\150\257\136\246\155\101\060\001\000R\000K\0003\000\040\116\016\134\017\155\101\145\366\225\364\134\125\137\000}{}% 70
\BOOKMARK [1][-]{section.E.1}{\376\377\217\336\176\355\155\101\145\271\172\013\116\016\136\163\156\321\123\112\137\204}{appendix.E}% 71
\BOOKMARK [1][-]{section.E.2}{\376\377\150\074\160\271\155\101\133\374\145\160\116\016\116\011\226\066\000\040\000R\000u\000n\000g\000e\040\023\000K\000u\000t\000t\000a}{appendix.E}% 72
\BOOKMARK [1][-]{section.E.3}{\376\377\134\017\155\101\145\366\225\364\134\125\137\000\124\214\000\040\000S\000F\000T\000X}{appendix.E}% 73
\BOOKMARK [1][-]{section.E.4}{\376\377\000S\000y\000m\000P\000y\000\040\116\016\155\101\133\236\163\260\166\204\217\271\165\114}{appendix.E}% 74
\BOOKMARK [0][-]{appendix.F}{\376\377\200\366\133\120\000\040\000q\000u\000a\000s\000i\000-\000T\000M\000D\060\001\217\157\126\340\133\120\116\016\000\040\000C\000o\000l\000l\000i\000n\000s\040\023\000S\000o\000p\000e\000r\000\040\157\024\123\026}{}% 75
\BOOKMARK [1][-]{section.F.1}{\376\377\000f\000i\000n\000i\000t\000e\000-\000s\000t\000a\000p\000l\000e\000\040\121\340\117\125\124\214\211\304\203\003\225\355\124\010}{appendix.F}% 76
\BOOKMARK [1][-]{section.F.2}{\376\377\200\366\133\120\227\136\147\201\123\026\176\304\124\010\123\312\145\160\176\304\143\245\123\343}{appendix.F}% 77
\BOOKMARK [1][-]{section.F.3}{\376\377\217\157\126\340\133\120\124\214\000\040\000C\000o\000l\000l\000i\000n\000s\040\023\000S\000o\000p\000e\000r\000\040\150\070}{appendix.F}% 78
\BOOKMARK [1][-]{section.F.4}{\376\377\000T\000M\000D\000\040\123\071\221\115\225\355\163\257}{appendix.F}% 79
\BOOKMARK [1][-]{section.F.5}{\376\377\000T\000M\000D\000\040\166\204\147\052\232\214\213\301\217\271\165\114}{appendix.F}% 80
\BOOKMARK [2][-]{subsection.F.5.1}{\376\377\217\271\165\114\167\351\226\065\116\016\147\201\226\120\150\300\147\345}{section.F.5}% 81
\BOOKMARK [0][-]{appendix.G}{\376\377\133\371\171\360\140\047\060\001\221\315\145\164\123\026\116\016\147\201\226\120\134\102\153\041\377\032\116\316\134\100\127\337\173\227\173\046\122\060\227\136\134\100\127\337\122\006\136\003}{}% 82
\BOOKMARK [1][-]{section.G.1}{\376\377\153\047\154\017\133\371\171\360\140\047\060\001\171\273\145\143\133\371\171\360\116\016\173\227\173\046\122\006\174\173}{appendix.G}% 83
\BOOKMARK [1][-]{section.G.2}{\376\377\000W\000i\000l\000s\000o\000n\000\040\176\277\060\001\176\277\140\047\123\321\145\143\116\016\116\130\154\325\221\315\145\164\123\026}{appendix.G}% 84
\BOOKMARK [1][-]{section.G.3}{\376\377\134\017\215\335\171\273\000\040\000O\000P\000E\060\001\000L\000a\000M\000E\000T\000\040\116\016\134\017\000\040\000b\000T\000\040\134\125\137\000}{appendix.G}% 85
\BOOKMARK [1][-]{section.G.4}{\376\377\000C\000o\000l\000l\000i\000n\000s\040\023\000S\000o\000p\000e\000r\000\040\157\024\123\026\060\001\217\157\126\340\133\120\116\016\217\307\172\013\117\235\215\126}{appendix.G}% 86
\BOOKMARK [1][-]{section.G.5}{\376\377\147\011\226\120\117\123\171\357\060\001\171\273\145\143\213\357\135\356\116\016\217\336\176\355\131\026\143\250}{appendix.G}% 87
\BOOKMARK [0][-]{appendix.H}{\376\377\143\245\123\343\146\040\134\004\060\001\176\337\116\000\224\376\215\357\116\016\145\271\150\110\217\271\165\114}{}% 88
\BOOKMARK [1][-]{section.H.1}{\376\377\116\316\121\375\145\160\122\060\162\151\164\006\133\371\214\141\377\032\143\245\123\343\140\073\210\150}{appendix.H}% 89
\BOOKMARK [1][-]{section.H.2}{\376\377\176\337\116\000\173\227\154\325\224\376\215\357\377\032\116\316\176\304\140\001\122\060\123\357\123\071\221\115\122\006\136\003}{appendix.H}% 90
\BOOKMARK [1][-]{section.H.3}{\376\377\221\315\145\164\123\026\145\271\150\110\153\324\217\203\377\032\000r\000a\000t\000i\000o\060\001\000Z\000R\060\001\000R\000I\000/\000M\000O\000M\060\001\000h\000y\000b\000r\000i\000d\000\040\116\016\000\040\000f\000l\000o\000w}{appendix.H}% 91
\BOOKMARK [1][-]{section.H.4}{\376\377\121\306\000\040\000P\000D\000F\060\001\117\052\000\040\000P\000D\000F\000\040\116\016\121\306\000\040\000T\000M\000D\000\040\166\204\167\355\215\335\213\355\212\000}{appendix.H}% 92
\BOOKMARK [1][-]{section.H.5}{\376\377\147\054\172\340\166\204\147\000\134\017\232\214\213\301\225\350}{appendix.H}% 93
\BOOKMARK [1][-]{section.H.6}{\376\377\116\316\165\037\142\020\154\333\121\375\060\001\117\040\220\022\167\351\226\065\122\060\122\006\136\003\121\375\145\160\166\204\176\337\116\000\143\250\133\374}{appendix.H}% 94
\BOOKMARK [0][-]{appendix.I}{\376\377\000M\000y\000Q\000C\000D\000\040\166\204\133\214\145\164\121\154\137\017\224\376\060\001\000S\000y\000m\000P\000y\000\040\131\015\163\260\116\016\213\376\172\013\213\301\143\156}{}% 95
\BOOKMARK [1][-]{section.I.1}{\376\377\213\301\146\016\224\376\116\016\147\145\156\220\225\355\163\257}{appendix.I}% 96
\BOOKMARK [2][-]{subsection.I.1.1}{\376\377\116\316\165\037\142\020\154\333\121\375\122\060\150\074\160\271\224\376\143\245}{section.I.1}% 97
\BOOKMARK [2][-]{subsection.I.1.2}{\376\377\155\202\142\271\060\001\122\250\221\317\136\163\171\373\116\016\204\270\231\217}{section.I.1}% 98
\BOOKMARK [2][-]{subsection.I.1.3}{\376\377\214\061\133\146\143\320\123\326\060\001\123\117\145\271\135\356\116\016\153\324\120\074}{section.I.1}% 99
\BOOKMARK [2][-]{subsection.I.1.4}{\376\377\155\101\060\001\221\315\145\164\123\026\116\016\123\071\221\115}{section.I.1}% 100
\BOOKMARK [1][-]{section.I.2}{\376\377\000S\000y\000m\000P\000y\000\040\217\205\122\251\143\250\133\374\377\032\123\352\232\214\213\301\116\343\145\160\232\250\147\266}{appendix.I}% 101
\BOOKMARK [1][-]{section.I.3}{\376\377\217\205\122\251\152\041\127\127\166\204\217\271\165\114\377\032\177\244\213\272\060\001\214\061\133\146\060\001\221\315\145\164\123\026\116\016\000\040\000T\000M\000D}{appendix.I}% 102
\BOOKMARK [1][-]{section.I.4}{\376\377\203\003\126\364\117\356\153\143}{appendix.I}% 103
