This is XeTeX, Version 3.141592653-2.6-0.999997 (TeX Live 2025) (preloaded format=xelatex)
 restricted \write18 enabled.
entering extended mode
(./docs/report_pyqcd_lattice_qcd_theory_20260906.tex
LaTeX2e <2024-11-01> patch level 2
L3 programming layer <2025-01-18>
(/usr/local/texlive/2025/texmf-dist/tex/latex/ctex/ctexbook.cls
(/usr/local/texlive/2025/texmf-dist/tex/latex/ctex/config/ctexbackend.cfg)
(/usr/local/texlive/2025/texmf-dist/tex/latex/l3kernel/expl3.sty
(/usr/local/texlive/2025/texmf-dist/tex/latex/l3backend/l3backend-xetex.def))
Document Class: ctexbook 2022/07/14 v2.5.10 Chinese adapter for class book (CTE
X)
(/usr/local/texlive/2025/texmf-dist/tex/latex/ctex/ctexhook.sty)
(/usr/local/texlive/2025/texmf-dist/tex/latex/ctex/ctexpatch.sty)
(/usr/local/texlive/2025/texmf-dist/tex/latex/base/fix-cm.sty
(/usr/local/texlive/2025/texmf-dist/tex/latex/base/ts1enc.def))
(/usr/local/texlive/2025/texmf-dist/tex/latex/ctex/config/ctexopts.cfg)
(/usr/local/texlive/2025/texmf-dist/tex/latex/base/book.cls
Document Class: book 2024/06/29 v1.4n Standard LaTeX document class
(/usr/local/texlive/2025/texmf-dist/tex/latex/base/bk11.clo))
(/usr/local/texlive/2025/texmf-dist/tex/latex/ctex/engine/ctex-engine-xetex.def
(/usr/local/texlive/2025/texmf-dist/tex/xelatex/xecjk/xeCJK.sty
(/usr/local/texlive/2025/texmf-dist/tex/latex/l3packages/xtemplate/xtemplate.st
y) (/usr/local/texlive/2025/texmf-dist/tex/latex/fontspec/fontspec.sty
(/usr/local/texlive/2025/texmf-dist/tex/latex/l3packages/xparse/xparse.sty)
(/usr/local/texlive/2025/texmf-dist/tex/latex/fontspec/fontspec-xetex.sty
(/usr/local/texlive/2025/texmf-dist/tex/latex/base/fontenc.sty)
(/usr/local/texlive/2025/texmf-dist/tex/latex/fontspec/fontspec.cfg)))
(/usr/local/texlive/2025/texmf-dist/tex/xelatex/xecjk/xeCJK.cfg)))
(/usr/local/texlive/2025/texmf-dist/tex/latex/zhnumber/zhnumber.sty
(/usr/local/texlive/2025/texmf-dist/tex/latex/zhnumber/zhnumber-utf8.cfg))
(/usr/local/texlive/2025/texmf-dist/tex/latex/ctex/scheme/ctex-scheme-chinese-b
ook.def
(/usr/local/texlive/2025/texmf-dist/tex/latex/ctex/config/ctex-name-utf8.cfg))
(/usr/local/texlive/2025/texmf-dist/tex/latex/ctex/fontset/ctex-fontset-mac.def

(/usr/local/texlive/2025/texmf-dist/tex/latex/ctex/fontset/ctex-fontset-macold.
def))) (/usr/local/texlive/2025/texmf-dist/tex/latex/ctex/config/ctex.cfg)
(/usr/local/texlive/2025/texmf-dist/tex/latex/geometry/geometry.sty
(/usr/local/texlive/2025/texmf-dist/tex/latex/graphics/keyval.sty)
(/usr/local/texlive/2025/texmf-dist/tex/generic/iftex/ifvtex.sty
(/usr/local/texlive/2025/texmf-dist/tex/generic/iftex/iftex.sty)))
(/usr/local/texlive/2025/texmf-dist/tex/latex/amsmath/amsmath.sty
For additional information on amsmath, use the `?' option.
(/usr/local/texlive/2025/texmf-dist/tex/latex/amsmath/amstext.sty
(/usr/local/texlive/2025/texmf-dist/tex/latex/amsmath/amsgen.sty))
(/usr/local/texlive/2025/texmf-dist/tex/latex/amsmath/amsbsy.sty)
(/usr/local/texlive/2025/texmf-dist/tex/latex/amsmath/amsopn.sty))
(/usr/local/texlive/2025/texmf-dist/tex/latex/amsfonts/amssymb.sty
(/usr/local/texlive/2025/texmf-dist/tex/latex/amsfonts/amsfonts.sty))
(/usr/local/texlive/2025/texmf-dist/tex/latex/mathtools/mathtools.sty
(/usr/local/texlive/2025/texmf-dist/tex/latex/tools/calc.sty)
(/usr/local/texlive/2025/texmf-dist/tex/latex/mathtools/mhsetup.sty))
(/usr/local/texlive/2025/texmf-dist/tex/latex/booktabs/booktabs.sty)
(/usr/local/texlive/2025/texmf-dist/tex/latex/tools/longtable.sty)
(/usr/local/texlive/2025/texmf-dist/tex/latex/tools/tabularx.sty
(/usr/local/texlive/2025/texmf-dist/tex/latex/tools/array.sty))
(/usr/local/texlive/2025/texmf-dist/tex/latex/multirow/multirow.sty)
(/usr/local/texlive/2025/texmf-dist/tex/latex/enumitem/enumitem.sty)
(/usr/local/texlive/2025/texmf-dist/tex/latex/xcolor/xcolor.sty
(/usr/local/texlive/2025/texmf-dist/tex/latex/graphics-cfg/color.cfg)
(/usr/local/texlive/2025/texmf-dist/tex/latex/graphics-def/xetex.def)
(/usr/local/texlive/2025/texmf-dist/tex/latex/graphics/mathcolor.ltx))
(/usr/local/texlive/2025/texmf-dist/tex/latex/listings/listings.sty
(/usr/local/texlive/2025/texmf-dist/tex/latex/listings/lstpatch.sty)
(/usr/local/texlive/2025/texmf-dist/tex/latex/listings/lstmisc.sty)
(/usr/local/texlive/2025/texmf-dist/tex/latex/listings/listings.cfg))
(/usr/local/texlive/2025/texmf-dist/tex/xelatex/xecjk/xeCJK-listings.sty)
(/usr/local/texlive/2025/texmf-dist/tex/latex/url/url.sty)
(/usr/local/texlive/2025/texmf-dist/tex/latex/hyperref/hyperref.sty
(/usr/local/texlive/2025/texmf-dist/tex/latex/kvsetkeys/kvsetkeys.sty)
(/usr/local/texlive/2025/texmf-dist/tex/generic/kvdefinekeys/kvdefinekeys.sty)
(/usr/local/texlive/2025/texmf-dist/tex/generic/pdfescape/pdfescape.sty
(/usr/local/texlive/2025/texmf-dist/tex/generic/ltxcmds/ltxcmds.sty)
(/usr/local/texlive/2025/texmf-dist/tex/generic/pdftexcmds/pdftexcmds.sty
(/usr/local/texlive/2025/texmf-dist/tex/generic/infwarerr/infwarerr.sty)))
(/usr/local/texlive/2025/texmf-dist/tex/latex/hycolor/hycolor.sty)
(/usr/local/texlive/2025/texmf-dist/tex/latex/hyperref/nameref.sty
(/usr/local/texlive/2025/texmf-dist/tex/latex/refcount/refcount.sty)
(/usr/local/texlive/2025/texmf-dist/tex/generic/gettitlestring/gettitlestring.s
ty (/usr/local/texlive/2025/texmf-dist/tex/latex/kvoptions/kvoptions.sty)))
(/usr/local/texlive/2025/texmf-dist/tex/latex/etoolbox/etoolbox.sty)
(/usr/local/texlive/2025/texmf-dist/tex/generic/stringenc/stringenc.sty)
(/usr/local/texlive/2025/texmf-dist/tex/latex/hyperref/pd1enc.def)
(/usr/local/texlive/2025/texmf-dist/tex/generic/intcalc/intcalc.sty)
(/usr/local/texlive/2025/texmf-dist/tex/latex/hyperref/puenc.def)
(/usr/local/texlive/2025/texmf-dist/tex/generic/bitset/bitset.sty
(/usr/local/texlive/2025/texmf-dist/tex/generic/bigintcalc/bigintcalc.sty))
(/usr/local/texlive/2025/texmf-dist/tex/latex/base/atbegshi-ltx.sty))
(/usr/local/texlive/2025/texmf-dist/tex/latex/hyperref/hxetex.def
(/usr/local/texlive/2025/texmf-dist/tex/latex/rerunfilecheck/rerunfilecheck.sty
(/usr/local/texlive/2025/texmf-dist/tex/latex/base/atveryend-ltx.sty)
(/usr/local/texlive/2025/texmf-dist/tex/generic/uniquecounter/uniquecounter.sty
))) (/usr/local/texlive/2025/texmf-dist/tex/latex/fancyhdr/fancyhdr.sty)
(/usr/local/texlive/2025/texmf-dist/tex/latex/microtype/microtype.sty
(/usr/local/texlive/2025/texmf-dist/tex/latex/microtype/microtype-xetex.def)
(/usr/local/texlive/2025/texmf-dist/tex/latex/microtype/microtype.cfg))
(/Users/zhangxin/MyQCD/data/theory-report-build-WPLLUW/report_pyqcd_lattice_qcd
_theory_20260906.aux)
*geometry* driver: auto-detecting
*geometry* detected driver: xetex
(/usr/local/texlive/2025/texmf-dist/tex/latex/graphics/graphicx.sty
(/usr/local/texlive/2025/texmf-dist/tex/latex/graphics/graphics.sty
(/usr/local/texlive/2025/texmf-dist/tex/latex/graphics/trig.sty)
(/usr/local/texlive/2025/texmf-dist/tex/latex/graphics-cfg/graphics.cfg)))
(/Users/zhangxin/MyQCD/data/theory-report-build-WPLLUW/report_pyqcd_lattice_qcd
_theory_20260906.out)
(/Users/zhangxin/MyQCD/data/theory-report-build-WPLLUW/report_pyqcd_lattice_qcd
_theory_20260906.out)
(/usr/local/texlive/2025/texmf-dist/tex/latex/microtype/mt-LatinModernRoman.cfg
) (/usr/local/texlive/2025/texmf-dist/tex/latex/amsfonts/umsa.fd)
(/usr/local/texlive/2025/texmf-dist/tex/latex/microtype/mt-msa.cfg)
(/usr/local/texlive/2025/texmf-dist/tex/latex/amsfonts/umsb.fd)
(/usr/local/texlive/2025/texmf-dist/tex/latex/microtype/mt-msb.cfg)
(/usr/local/texlive/2025/texmf-dist/tex/latex/microtype/mt-cmr.cfg)
[1]
[1]
[2]
(/Users/zhangxin/MyQCD/data/theory-report-build-WPLLUW/report_pyqcd_lattice_qcd
_theory_20260906.toc
[3]
[4]
[5])
[6]
第一章

Overfull \hbox (69.02008pt too wide) in paragraph at lines 203--204
[]|\TU/lmr/m/n/10.95 PyQCD/pyqcd/lattice/_constants.py\TU/STSong(0)/m/n/10.95 、
| 
[1]
[2]
第二章

[3]
[4]
第三章

[5]
[6]
[7]
[8]
第四章

Overfull \hbox (65.8238pt too wide) in paragraph at lines 696--701
[]\TU/STSong(0)/m/n/10.95 本 次 审 计 结 果 落 盘 到 \TU/lmr/m/n/10.95 data/pyqcd_theory
_audit/theory_audit.json\TU/STSong(0)/m/n/10.95 ，|  由 \TU/lmr/m/n/10.95 ../myqc
d/pyqcd_theory_audit.py

Overfull \hbox (14.66853pt too wide) in paragraph at lines 716--716
[]|\TU/lmr/m/n/10 source_inventory.missing_files|  

Overfull \hbox (4.57852pt too wide) in paragraph at lines 716--716
[]|\TU/lmr/m/n/10 existing_myqcd_core.status|  

Overfull \hbox (14.69603pt too wide) in paragraph at lines 773--773
\TU/lmr/m/n/10 s/Quasi_Pseudo_PDF_Radyushkin_latex/\TU/STSong(0)/m/n/10 ；| 

Overfull \hbox (51.39603pt too wide) in paragraph at lines 773--773
[]|\TU/lmr/m/n/10 refer/papers/Properties_Uses_Wilson_Flow_latex/\TU/STSong(0)/
m/n/10 ；| 

[9]
[10]
第五章

[11]
[12]
[13]
Overfull \hbox (41.35304pt too wide) in paragraph at lines 1073--1074
[]|$[]\OMS/cmsy/m/n/10.95 f\OML/cmm/m/it/10.95 U[]\OMS/cmsy/m/n/10.95 g[]$|  
[14] [15]
[16]
第六章

[17]
[18]
[19]
Overfull \hbox (56.3739pt too wide) in paragraph at lines 1447--1448
[]|$[][]$|  
[20]
[21]
第七章

[22]
[23]
[24]
[25]
[26]
[27]
[28]
附录 A

[29]
Underfull \hbox (badness 10000) in paragraph at lines 1964--1979
\TU/lmtt/m/n/10.95 Nt, Nx \TU/STSong(0)/m/n/10.95 以 及 可 选 的 \TU/lmtt/m/n/10.95 
mu2, nu2, direction, second_insert, field_strength_cache,

Underfull \hbox (badness 6220) in paragraph at lines 1964--1979
\TU/lmtt/m/n/10.95 flow_time, sum_kind, normalization, output_projection, field
_projection\TU/STSong(0)/m/n/10.95 ；|  输 出 是

Overfull \hbox (75.65733pt too wide) in paragraph at lines 1964--1979
\OT1/cmr/m/n/10.95 (^^A\OML/cmm/m/it/10.95 z; N[]\OT1/cmr/m/n/10.95 )$ \TU/STSo
ng(0)/m/n/10.95 数 组。|  这 里 \TU/lmtt/m/n/10.95 sum_kind=full\TU/STSong(0)/m/n/10
.95 、| \TU/lmtt/m/n/10.95 normalization=bare_spatial_sum\TU/STSong(0)/m/n/10.95
 、| \TU/lmtt/m/n/10.95 field_projection=legacy_untraced

Overfull \hbox (0.13481pt too wide) in paragraph at lines 1964--1979
\TU/STSong(0)/m/n/10.95 是 一 整 套 \TU/lmr/m/n/10.95 legacy \TU/STSong(0)/m/n/10.9
5 语 义，|  不 是 可 以 任 意 拆 开 的 装 饰 参 数。| \TU/lmtt/m/n/10.95 gluon_ope_channel \TU/S
TSong(0)/m/n/10.95 只 是 \TU/lmtt/m/n/10.95 OPEChannelSpec

Underfull \hbox (badness 5331) in paragraph at lines 1964--1979
\TU/STSong(0)/m/n/10.95 的 全 显 式 包 装 器；| \TU/lmtt/m/n/10.95 gluon_ff_operator_z0
 \TU/STSong(0)/m/n/10.95 是 固 定 规 范 下 不 含 \TU/lmr/m/n/10.95 Wilson \TU/STSong(0)
/m/n/10.95 线 的 对 照 通 道；|

Underfull \hbox (badness 1968) in paragraph at lines 1964--1979
\TU/lmtt/m/n/10.95 get_ope_lorentz_pairs \TU/STSong(0)/m/n/10.95 则 给 出 \TU/lmr/
m/n/10.95 unpol/helicity/gauge-fix \TU/STSong(0)/m/n/10.95 的 \TU/lmr/m/n/10.95 
Lorentz \TU/STSong(0)/m/n/10.95 组 合 表。|  重 要 边 界

Overfull \hbox (41.49292pt too wide) in paragraph at lines 2008--2008
[]|\TU/lmtt/m/n/10.95 gluon_ope_operator_z0\TU/lmr/m/n/10.95 /\TU/lmtt/m/n/10.9
5 gluon_ope_channel\TU/lmr/m/n/10.95 /\TU/lmtt/m/n/10.95 gluon_ff_operator_z0\T
U/lmr/m/n/10.95 /\TU/lmtt/m/n/10.95 get_ope_lorentz_pairs\TU/lmr/m/n/10.95 : 
[30] [31] [32]
[33]
附录 B

[34]
Missing character: There is no ， (U+FF0C) in font [lmroman10-regular]:mapping=t
ex-text;!

Overfull \hbox (77.97835pt too wide) in paragraph at lines 2235--2239
[]\TU/STSong(0)/m/n/10.95 新 增 \TU/lmtt/m/n/10.95 jackknife_covariance \TU/STSon
g(0)/m/n/10.95 审 计 以 二 维 符 号 观 测 验 证 式 []；|  核 心 \TU/lmtt/m/n/10.95 three_point
_ratio_spectral_limit

[35]
[36]
附录 C

Package hyperref Warning: Token not allowed in a PDF string (Unicode):
(hyperref)                removing `\(' on input line 2245.


Package hyperref Warning: Token not allowed in a PDF string (Unicode):
(hyperref)                removing `subscript' on input line 2245.


Package hyperref Warning: Token not allowed in a PDF string (Unicode):
(hyperref)                removing `\)' on input line 2245.


Package hyperref Warning: Token not allowed in a PDF string (Unicode):
(hyperref)                removing `\(' on input line 2269.


Package hyperref Warning: Token not allowed in a PDF string (Unicode):
(hyperref)                removing `subscript' on input line 2269.


Package hyperref Warning: Token not allowed in a PDF string (Unicode):
(hyperref)                removing `\)' on input line 2269.


[37]
Missing character: There is no ， (U+FF0C) in font [lmroman10-regular]:mapping=t
ex-text;!

[38]
[39]
附录 D

[40]
[41]
附录 E
(/usr/local/texlive/2025/texmf-dist/tex/latex/amsfonts/ueuf.fd)
(/usr/local/texlive/2025/texmf-dist/tex/latex/microtype/mt-euf.cfg)
[42]
[43]
[44]
附录 F

Overfull \hbox (15.5195pt too wide) in paragraph at lines 2661--2670
\TU/STSong(0)/m/n/10.95 它 的 系 数 依 赖 场 强 和 极 化 张 量 约 定；|  不 能 从  |“看 起 来 是 三 项”|
  推 断 为 任 意 归 一 化。| \TU/lmtt/m/n/10.95 gluon_tmd_operator

[45]
Overfull \hbox (3.35428pt too wide) in paragraph at lines 2683--2686
\TU/STSong(0)/m/n/10.95 其 中 $\OML/cmm/m/it/10.95 ^^Z$ \TU/STSong(0)/m/n/10.95 是
 \TU/lmr/m/n/10.95 rapidity \TU/STSong(0)/m/n/10.95 调 节 器，|  最 终 物 理 量 应 独 立 于 
中 间 调 节 器。|  工 作 接 口 \TU/lmtt/m/n/10.95 soft_function_intrinsic

[46]
Overfull \hbox (24.89174pt too wide) in paragraph at lines 2775--2775
[]|\TU/lmtt/m/n/10 gluon_ope_operator_z0|  

Overfull \hbox (9.14174pt too wide) in paragraph at lines 2775--2775
[]|\TU/lmtt/m/n/10 gluon_tmd_operator|  

Overfull \hbox (45.89174pt too wide) in paragraph at lines 2775--2775
[]|\TU/lmtt/m/n/10 sftx_gluon_matching_coeff|  

Overfull \hbox (50.89174pt too wide) in paragraph at lines 2775--2775
[]|\TU/lmtt/m/n/10 hR_PDF\TU/lmr/m/n/10 /\TU/lmtt/m/n/10 tmd_matching_hybrid|  


[47]
附录 G

[48]

Package hyperref Warning: Token not allowed in a PDF string (Unicode):
(hyperref)                removing `\(' on input line 3325.


Package hyperref Warning: Token not allowed in a PDF string (Unicode):
(hyperref)                removing `subscript' on input line 3325.


Package hyperref Warning: Token not allowed in a PDF string (Unicode):
(hyperref)                removing `\)' on input line 3325.


[49]
[50]
附录 H

Overfull \hbox (5.21336pt too wide) in paragraph at lines 3449--3449
[]|\TU/lmtt/m/n/10 momsmear_phase 

Overfull \hbox (114.50557pt too wide) detected at line 3464
\OML/cmm/m/it/10.95 U[]\OT1/cmr/m/n/10.95 (\OML/cmm/m/it/10.95 x\OT1/cmr/m/n/10
.95 ) [] \OML/cmm/m/it/10.95 U[]\OT1/cmr/m/n/10.95 (\OML/cmm/m/it/10.95 x\OT1/c
mr/m/n/10.95 ) [] \OML/cmm/m/it/10.95 V; ^^\ [] VdV; VVV [] R; c[] [] h[] [] f[
]:

[51]
Overfull \hbox (36.17046pt too wide) in paragraph at lines 3486--3486
[]|$\OML/cmm/m/it/10 U[]\OT1/cmr/m/n/10 (\OML/cmm/m/it/10 x\OT1/cmr/m/n/10 )\OM
L/cmm/m/it/10 ; a; L; m[]; P[]; z; b[]; ^^V; ^^P$|  

Package hyperref Warning: Token not allowed in a PDF string (Unicode):
(hyperref)                removing `\(' on input line 3495.


Package hyperref Warning: Token not allowed in a PDF string (Unicode):
(hyperref)                removing `subscript' on input line 3495.


Package hyperref Warning: Token not allowed in a PDF string (Unicode):
(hyperref)                removing `\)' on input line 3495.


[52]
[53]
[54]
[55]
[56]
附录 I

Overfull \hbox (138.86858pt too wide) in paragraph at lines 3735--3735
[]|\TU/lmr/m/n/10 docs/lattice_qcd_gluon_tmd_course/myqcd/|  

[57]
[58]
Overfull \hbox (37.42929pt too wide) in paragraph at lines 3852--3862
\TU/lmtt/m/n/10.95 delete_one_jackknife_identity\TU/STSong(0)/m/n/10.95 、| \TU/
lmtt/m/n/10.95 gradient_flow_heat_kernel\TU/STSong(0)/m/n/10.95 、| \TU/lmtt/m/n
/10.95 wilson_line_linear_counterterm\TU/STSong(0)/m/n/10.95 、|

Underfull \hbox (badness 7468) in paragraph at lines 3852--3862
\TU/lmtt/m/n/10.95 ri_mom_and_ratio_schemes\TU/STSong(0)/m/n/10.95 、| \TU/lmtt/
m/n/10.95 soft_subtraction_identity\TU/STSong(0)/m/n/10.95 、| \TU/lmtt/m/n/10.9
5 collins_soper_evolution \TU/STSong(0)/m/n/10.95 和

Underfull \hbox (badness 1552) in paragraph at lines 3878--3882
\TU/STSong(0)/m/n/10.95 每 个 模 块 都 返 回 统 一 的 \TU/lmtt/m/n/10.95 SymbolicExample\
TU/STSong(0)/m/n/10.95 ：| \TU/lmtt/m/n/10.95 equations\TU/STSong(0)/m/n/10.95 、
| \TU/lmtt/m/n/10.95 checks\TU/STSong(0)/m/n/10.95 、| \TU/lmtt/m/n/10.95 assump
tions\TU/STSong(0)/m/n/10.95 、| \TU/lmtt/m/n/10.95 boundary\TU/STSong(0)/m/n/10
.95 、|

[59]
[60]
(/Users/zhangxin/MyQCD/data/theory-report-build-WPLLUW/report_pyqcd_lattice_qcd
_theory_20260906.aux) )
(see the transcript file for additional information)
Output written on /Users/zhangxin/MyQCD/data/theory-report-build-WPLLUW/report_
pyqcd_lattice_qcd_theory_20260906.pdf (67 pages).
Transcript written on /Users/zhangxin/MyQCD/data/theory-report-build-WPLLUW/rep
ort_pyqcd_lattice_qcd_theory_20260906.log.
