{
  "status": "verified_core_with_unparsed_inventory",
  "core": {
    "status": "verified",
    "derivation_count": 93,
    "failed_checks": [],
    "checks": {
      "generating_functional": {
        "gaussian_integral": true,
        "one_point_variation": true,
        "one_point_value": true,
        "connected_two_point": true
      },
      "lattice_link": {
        "unitarity": true,
        "series_through_a2": true
      },
      "stout_smearing_su2": {
        "q_is_hermitian": true,
        "q_is_traceless": true,
        "stout_factor_unitary": true,
        "stout_factor_su2": true,
        "smeared_link_unitary": true,
        "smeared_link_su2": true,
        "q_gauge_covariance": true
      },
      "momentum_smearing_shift": {
        "gaussian_fourier_closed_form": true,
        "minus_convention_shift": true,
        "plus_convention_shift": true,
        "phase_has_unit_modulus": true
      },
      "quark_gaussian_smearing": {
        "covariant_laplacian_free_hermitian": true,
        "plane_wave_laplacian_eigenvector": true,
        "finite_jacobi_eigenfactor": true,
        "gaussian_limit": true,
        "high_mode_suppression": true,
        "distillation_projector": true,
        "distillation_hermitian": true,
        "distillation_rank": true
      },
      "u1_gauge_invariance": {
        "link_transform_rule": true,
        "link_unitarity": true,
        "plaquette_phase_invariance": true,
        "plaquette_invariance": true,
        "action_formula": true,
        "action_invariance": true,
        "density_invariance": true
      },
      "u1_topological_charge": {
        "principal_argument_range": true,
        "topological_charge_quantization": true,
        "susceptibility_definition": true,
        "periodic_flux_closure": true
      },
      "u1_compact_action": {
        "exponential_to_cosine": true,
        "periodicity": true,
        "quadratic_limit": true,
        "quartic_series": true,
        "nonnegative_pi_value": true
      },
      "u1_lattice_field_strength": {
        "gauge_shift_cancellation": true,
        "gauge_invariant_field_strength": true,
        "rescaled_field_strength": true
      },
      "su3_generator_identities": {
        "trace_orthogonality": true,
        "antihermitian_generators": true,
        "commutator_algebra": true,
        "anticommutator_algebra": true,
        "completeness_relation": true,
        "f_real": true,
        "d_real": true,
        "f_totally_antisymmetric": true,
        "d_totally_symmetric": true
      },
      "su3_cayley_hamilton": {
        "cayley_hamilton": true,
        "det_trace_cubic": true,
        "c1_sum_of_squares": true,
        "discriminant_negative_square": true,
        "characteristic_factorization": true
      },
      "correlated_chi_square_profile": {
        "A_definition": true,
        "stationarity": true,
        "covariance_inverse": true,
        "profiled_covariance_form": true,
        "shifted_residual": true,
        "lambda_covariance_form": true,
        "chi_square_decomposition": true
      },
      "ising_mean_field": {
        "partition_function": true,
        "magnetization_numerator": true,
        "magnetization_tanh": true,
        "zero_field_solution": true,
        "critical_slope": true,
        "criticality_equation": true
      },
      "ape_projection_su2": {
        "ape_combination": true,
        "x_dagger_x": true,
        "inverse_square_root": true,
        "projected_unitarity": true,
        "projected_su2": true,
        "zero_smearing": true,
        "singular_example": true
      },
      "wilson_eigenvalue_statistics": {
        "variance_definition": true,
        "skewness_definition": true,
        "kurtosis_definition": true,
        "edge_transform_inverse": true,
        "edge_mean": true,
        "edge_variance": true
      },
      "wilson_fourier_endpoint": {
        "endpoint": true,
        "cutoff_periodicity": true,
        "cutoff_below_half_N": true
      },
      "wilson_edge_universal_formulas": {
        "painleve_i0_derivative": true,
        "painleve_i1_derivative": true,
        "extreme_density_log_derivative": true,
        "airy_equation": true,
        "airy_kernel_derivative": true,
        "airy_decay": true,
        "painleve_nonlinear_decay": true
      },
      "wilson_continuum_scale": {
        "b_improved_definition": true,
        "temperature_reciprocal": true,
        "lattice_spacing_temperature": true,
        "dimensionless_length": true,
        "continuum_extrapolation_limit": true,
        "crossing_line_substitution": true
      },
      "two_dimensional_wilson_loop": {
        "n1_formula": true,
        "n2_formula": true,
        "n3_formula": true,
        "zero_area_normalization": true,
        "polynomial_exponential": true
      },
      "instanton_holonomy_su2": {
        "U_unitarity": true,
        "U_su2": true,
        "A4_hermitian": true,
        "A4_traceless": true,
        "holonomy_unitarity": true,
        "holonomy_su2": true,
        "small_instanton_limit": true,
        "large_instanton_limit": true
      },
      "grassmann_determinant_identity": {
        "block_determinant": true,
        "boundary_sign": true,
        "scalar_n3_determinant": true
      },
      "wilson_gap_scaling": {
        "square_root_relation": true,
        "gap_closing_limit": true,
        "log_argument_dimensionless": true,
        "log_critical_point": true,
        "log_slope_positive": true
      },
      "wilson_smearing_kernel": {
        "projector_completeness": true,
        "projector_transverse": true,
        "projector_longitudinal": true,
        "projector_orthogonality": true,
        "kernel_square": true,
        "kernel_cube": true,
        "weak_smearing_limit": true,
        "max_momentum_bound": true
      },
      "wilson_smearing_scaling": {
        "bare_thooft_relation": true,
        "lattice_spacing_definition": true,
        "physical_length_inverse": true,
        "square_loop_steps": true,
        "physical_smearing_scale": true,
        "physical_mass_combination": true,
        "cutoff_profile_physical": true,
        "cutoff_profile_limit": true,
        "scaling_line_substitution": true,
        "scaling_line_slope_negative": true
      },
      "lattice_dispersion_relations": {
        "hat_momentum_continuum": true,
        "bar_momentum_continuum": true,
        "pion_rest_dispersion": true,
        "wilson_rest_dispersion": true,
        "hat_squared_periodicity": true,
        "bar_squared_periodicity": true
      },
      "boosted_smearing_width": {
        "boosted_laplacian": true,
        "parallel_link_normalization": true,
        "perpendicular_link_normalization": true,
        "gamma_one_parameter": true,
        "gamma_one_width": true,
        "width_matching": true,
        "parallel_width_shrinkage": true,
        "boost_parameter_ordering_at_two": true
      },
      "wilson_area_law": {
        "large_T_limit": true,
        "area_is_rectangle": true
      },
      "wilson_flow_five_dimensional": {
        "field_strength_antisymmetric": true,
        "flow_divergence": true,
        "five_dimensional_equation": true,
        "action_gradient": true,
        "action_monotone_form": true,
        "noise_free_flow": true,
        "flow_time_dimension": true,
        "flow_dimension_balance": true
      },
      "wilson_flow_runge_kutta": {
        "w0_initial_condition": true,
        "z_definition": true,
        "lower_orders_exact": true,
        "leading_local_error": true,
        "local_error_is_fourth_order": true
      },
      "gradient_flow_duhamel_solution": {
        "duhamel_integral_closed": true,
        "flow_equation": true,
        "initial_condition": true,
        "integral_representation": true,
        "degenerate_rate_limit": true
      },
      "wilson_flow_reference_scale": {
        "dimensionless_energy": true,
        "reference_condition": true,
        "reference_ratio": true,
        "smoothing_ratio": true,
        "cutoff_continuum_limit": true
      },
      "wilson_lattice_flow_monotonicity": {
        "link_unitarity": true,
        "lie_gradient_antihermitian": true,
        "group_flow_equation": true,
        "unitarity_along_flow": true,
        "action_monotone": true,
        "small_angle_continuum": true,
        "trivial_link_fixed_point": true
      },
      "flow_integral_ibp": {
        "radial_divergence_identity": true,
        "radial_integral_ibp": true,
        "integral_scaling": true,
        "flow_time_boundary_ibp": true
      },
      "gradient_flow_rg_log_recursion": {
        "e11_recurrence": true,
        "e21_recurrence": true,
        "e22_recurrence": true,
        "rg_invariance_through_x3": true,
        "log_scale_derivative": true
      },
      "gradient_flow_scheme_conversion": {
        "inverse_series": true,
        "beta_first_two_invariance": true,
        "beta_two_loop_conversion": true
      },
      "emt_operator_basis": {
        "coefficient_basis_reconstruction": true,
        "four_dimensional_gauge_trace": true,
        "inverse_matrix_shape": true
      },
      "ringed_fermion_normalization": {
        "tree_normalization": true,
        "D4_normalization": true,
        "ringed_dimension": true
      },
      "emt_trace_anomaly": {
        "gauge_trace_coefficient": true,
        "mass_trace_coefficient": true
      },
      "yang_mills_gradient_flow_emt": {
        "flow_emt_reconstruction": true,
        "flow_trace": true,
        "c_s_relation": true,
        "leading_flow_emt": true,
        "leading_trace_coefficient": true
      },
      "auxiliary_field_wilson_renormalization": {
        "slash_n_involution": true,
        "gamma_mixing_expansion": true,
        "wilson_line_renormalization": true,
        "operator_factorization": true
      },
      "ri_mom_ratio_renormalization": {
        "ri_to_ms_cancellation": true,
        "ratio_uv_cancellation": true,
        "tree_coordinate_matching": true,
        "short_distance_power_correction": true
      },
      "hybrid_renormalization": {
        "matching_point": true,
        "conversion_continuity": true,
        "hybrid_kernel_boundary": true,
        "scheme_kernel_fourier": true,
        "scheme_ambiguity_large_momentum": true
      },
      "hybrid_momentum_matching_kernel": {
        "sine_term_endpoint": true,
        "plus_distribution_definition": true,
        "lambda_S_dimensionless": true,
        "parton_momentum_substitution": true,
        "tree_level_extra": true,
        "hybrid_kernel_structure": true
      },
      "twist2_flowed_moment_matching": {
        "pdf_normalization": true,
        "pdf_moment": true,
        "ope_parton_substitution": true,
        "flowed_operator_renormalization": true,
        "ringed_bilinear_conversion": true,
        "gamma_n_harmonic": true,
        "lerch_definition": true,
        "matching_coefficient_structure": true,
        "matching_coefficient_tree": true,
        "flowed_matrix_element_reconstruction": true,
        "rg_exponent": true,
        "rg_solution": true,
        "twist_two_dimension": true
      },
      "euclidean_lightcone_factorization": {
        "gamma_z_support": true,
        "gamma_z_variable_change": true,
        "gamma_z_support_integral": true,
        "plus_definition": true,
        "plus_constant_test": true,
        "plus_polynomial_test": true,
        "infinity_delta_jacobian": true,
        "infinity_delta_action": true,
        "infinity_power_limit": true,
        "infinity_log_limit": true
      },
      "euclidean_ope_factorization": {
        "renormalization": true,
        "isovector_ope": true,
        "pdf_normalization": true,
        "moment_definitions": true,
        "ope_moment_substitution": true,
        "kernel_inverse_transform": true,
        "kernel_moments": true,
        "coordinate_factorization": true,
        "pseudo_moments": true,
        "quasi_scaling": true,
        "pseudo_support": true,
        "C0_one_loop": true,
        "gamma_z_moment": true,
        "ratio_factorization": true,
        "quasi_moment_singularity": true,
        "power_corrections": true
      },
      "euclidean_renormalization_schemes": {
        "operator_conversion": true,
        "regulator_cancellation": true,
        "continuum_uv_cancellation": true,
        "coordinate_factorization": true,
        "pseudo_factorization": true,
        "fourier_definition": true,
        "fourier_inverse": true,
        "quasi_kernel_convolution": true,
        "ri_mom_condition": true,
        "ri_mom_tree": true,
        "ri_mom_regulator_cancellation": true,
        "om_fourier_scaling": true,
        "om_matching_convolution": true,
        "p_r_equals_p_z": true,
        "smooth_scheme_limit": true,
        "smooth_current_limit": true,
        "mixing_covariance": true
      },
      "isovector_pdf_extension": {
        "negative_antiquark_extension": true,
        "isovector_rewrite": true,
        "isovector_formula": true
      },
      "euclidean_lattice_data_window": {
        "momentum_unit": true,
        "dimensionless_z_lambda": true,
        "dimensionless_lambda_over_pz": true,
        "fourier_truncation_kernel": true,
        "quadratic_data_scaling": true
      },
      "isovector_systematic_renorm_matching": {
        "minimal_projection": true,
        "slash_p_projection": true,
        "renormalized_matrix_element": true,
        "fourier_definition": true,
        "generalized_plus_constant": true,
        "bare_matching": true,
        "matching_counterterm": true,
        "matching_tree": true,
        "slash_p_bare_matching": true,
        "projection_difference_at_zero": true,
        "power_correction_order": true
      },
      "quasi_pdf_all_order_renormalization": {
        "one_loop_total_divergence": true,
        "small_x_fourier_scaling": true,
        "quasi_propagator_decomposition": true,
        "pdf_propagator_decomposition": true,
        "power_counting": true,
        "ordered_integral_n1": true,
        "ordered_integral_n2": true,
        "ordered_integral_n3": true,
        "exponential_resummation": true,
        "renormalization_factor": true,
        "no_mixing": true
      },
      "quasi_gluon_multiplicative_renormalization": {
        "independent_operator_count": true,
        "alpha_s_definition": true,
        "linear_divergence_bc_cancellation": true,
        "linear_m1a_coefficient": true,
        "propagator_decomposition": true,
        "ordered_integrals": true,
        "exponential_resummation": true,
        "ward_constraint_solution": true,
        "tensor_reduction": true,
        "ward_transversality": true,
        "coefficient_dimensions": true,
        "power_counting_exception": true,
        "power_counting_4d": true,
        "localized_3d_divergence": true,
        "z_component_count": true,
        "multiplicative_renormalization": true,
        "vertex_factor_count": true,
        "tree_level": true
      },
      "power_corrections_renormalons_quasi": {
        "borel_coefficient_rule": true,
        "qcd_beta0_definition": true,
        "h0_at_zero": true,
        "G0_at_zero": true,
        "uv_renormalon_residue": true,
        "ir_parallel_pole": true,
        "ir_perpendicular_pole": true,
        "ambiguity_scaling": true,
        "qitd_kernel_integrals": true,
        "plus_constant_annihilation": true,
        "qpdf_prefactor_identity": true,
        "qpdf_small_x_enhancement": true,
        "qpdf_large_x_enhancement": true,
        "ppdf_endpoint_kernel": true,
        "ppdf_endpoint_ratio": true,
        "target_mass_parallel": true,
        "target_mass_pseudo": true
      },
      "quasi_tmd_matching_and_cs_kernel": {
        "wilson_loop_cancellation": true,
        "multiplicative_factorization": true,
        "soft_extraction": true,
        "hard_kernel_tree_limit": true,
        "cs_extraction": true,
        "plus_minus_average": true
      },
      "quasi_tmd_hard_kernel_i_epsilon": {
        "hard_kernel_conjugation": true,
        "hard_kernel_plus_tree": true,
        "hard_kernel_minus_tree": true,
        "hard_kernel_imaginary": true,
        "hard_log_modulus": true,
        "rapidity_log_conjugation": true,
        "cs_exponential_conjugation": true
      },
      "ri_xmom_renormalization_conditions": {
        "mass_condition": true,
        "zeta_condition": true,
        "phi_condition": true,
        "mixing_projection": true,
        "conversion_tree": true
      },
      "wilson_line_linear_counterterm": {
        "coordinate_integral": true,
        "linear_coefficient": true,
        "linear_divergence_cancellation": true,
        "cutoff_matching": true
      },
      "quasi_pdf_one_loop_matching_kernel": {
        "outer_branch": true,
        "inner_branch": true,
        "negative_branch": true,
        "log_arguments": true,
        "tree_limit": true,
        "dimensionless_arguments": true
      },
      "quasi_pdf_finite_momentum_one_loop_matching_kernel": {
        "matching_subtraction": true,
        "linear_cutoff_dimensionless": true,
        "tree_limit": true,
        "finite_log_arguments": true,
        "asymptotic_log_arguments": true,
        "matching_support": true
      },
      "lamet_lightcone_kinematics": {
        "mass_shell": true,
        "photon_virtuality": true,
        "bjorken_relation": true,
        "lightcone_basis": true,
        "lightcone_decomposition": true,
        "transverse_is_orthogonal": true,
        "lightcone_hadron_mass_shell": true,
        "power_correction_limit": true
      },
      "gpd_kinematics_and_matching": {
        "average_delta_orthogonality": true,
        "transverse_t_reconstruction": true,
        "lightcone_transverse_bound": true,
        "quasi_transverse_bound": true,
        "matching_measure": true
      },
      "pion_da_normalization": {
        "normalization": true,
        "first_central_moment": true,
        "second_central_moment": true,
        "charge_conjugation_symmetry": true,
        "fourier_first_derivative": true,
        "fourier_second_derivative": true
      },
      "tmd_soft_rge_consistency": {
        "kernel_rge": true,
        "remainder_rge": true,
        "soft_rge": true,
        "collins_soper": true,
        "initial_conditions": true
      },
      "gradient_flow": {
        "fourier_heat_equation": true,
        "fourier_initial_condition": true,
        "kernel_normalized": true,
        "kernel_second_moment": true,
        "gradient_of_action": true
      },
      "gauge_flow_kernel": {
        "projector_completeness": true,
        "transverse_projector": true,
        "longitudinal_projector": true,
        "projector_orthogonality": true,
        "initial_condition": true,
        "semigroup": true,
        "linear_flow_equation": true,
        "source_formula": true
      },
      "flowed_propagators": {
        "gluon_projector_completeness": true,
        "gluon_initial_feynman": true,
        "transverse_flow_equation": true,
        "longitudinal_flow_equation": true,
        "quark_inverse": true,
        "quark_flow_equation": true,
        "ghost_propagator": true
      },
      "gradient_flow_energy_density": {
        "four_dimensional_kernel_normalized": true,
        "four_dimensional_kernel_radius": true,
        "D_equals_4_leading_energy": true,
        "running_coupling_conversion": true,
        "flow_scale_definition": true,
        "dimension_four_energy_scaling": true
      },
      "heat_kernel_semigroup": {
        "convolution_semigroup": true,
        "fourier_semigroup": true
      },
      "gradient_flow_pole_cancellation": {
        "beta_coefficient_matches_pole": true,
        "D4_prefactor": true,
        "scale_factor_at_four_dimensions": true,
        "g4_pole_cancellation": true
      },
      "target_mass_corrections": {
        "parallel_derivative_rule": true,
        "parallel_endpoint_enhancement": true,
        "target_mass_convolution": true,
        "perpendicular_integral_rule": true,
        "ppdf_endpoint_suppression": true
      },
      "qpdf_ppdf_fourier_inversion": {
        "gaussian_forward_fourier": true,
        "qpdf_inverse_transform": true,
        "ppdf_inverse_transform": true,
        "pdf_normalized": true
      },
      "flow_mcmc_balance": {
        "acceptance_01": true,
        "acceptance_10": true,
        "transition_normalized": true,
        "detailed_balance": true,
        "stationarity": true,
        "kl_identity": true,
        "kl_nonnegative": true
      },
      "phi4_lattice_observables": {
        "box_symmetric": true,
        "box_symmetric_residual": true,
        "box_zero_mode": true,
        "action_gradient": true,
        "sign_flip_residual": true,
        "connected_zero_mean": true,
        "chi2_definition": true,
        "effective_mass_cosh_residual": true
      },
      "mcmc_autocorrelation": {
        "jensen_gap_factorization": true,
        "tau_two_bound": true,
        "mean_acceptance_relation": true,
        "geometric_sum": true,
        "integrated_autocorrelation": true,
        "perfect_acceptance_limit": true
      },
      "pseudo_pdf_ir_regulators": {
        "schwinger_variable_change": true,
        "bessel_standard_representation": true,
        "bessel_small_distance": true,
        "sharp_cutoff_variable_change": true,
        "sharp_cutoff_identity": true,
        "sharp_cutoff_small_distance": true
      },
      "pseudo_pdf_one_loop": {
        "plus_constant_annihilation": true,
        "plus_linear_finite": true,
        "regular_plus_linear_finite": true,
        "kernel_rewrite": true,
        "effective_scale": true
      },
      "renormalization": {
        "inverse_relation": true,
        "composition_law": true,
        "cutoff_factor_cancellation": true
      },
      "nonperturbative_renormalization_conditions": {
        "operator_renormalization": true,
        "renormalization_condition": true,
        "amputated_green": true,
        "projection_normalization": true,
        "field_Zpsi": true,
        "vector_ward_identity": true,
        "four_fermion_mixing": true,
        "mixing_projector_solution": true,
        "landau_cancellation": true,
        "delta_one_loop": true,
        "boosted_coupling": true,
        "window_ordering": true
      },
      "mellin_convolution": {
        "fubini_polynomial_example": true
      },
      "lamet_matching": {
        "power_correction_limit": true,
        "scaled_power_correction": true,
        "dimensionless_ratio_scaling": true
      },
      "pseudo_itd": {
        "pseudo_pdf_fourier_sign": true,
        "integral_closed_form": true,
        "itd_normalization": true,
        "pdf_moments_from_fourier": true,
        "multiplicative_uv_cancellation": true,
        "short_distance_scale": true
      },
      "pdf_moment_relations": {
        "negative_extension": true,
        "moment_identity_n2": true,
        "moment_identity_n3": true,
        "K2_polynomial": true,
        "K4_polynomial": true,
        "K6_polynomial": true,
        "target_mass_correction_recovery": true,
        "zero_ratio_limit": true
      },
      "langevin_fokker_planck": {
        "drift_is_log_density_gradient": true,
        "fp_stationary": true,
        "equilibrium_normalized": true,
        "equilibrium_variance": true,
        "fp_ground_state": true,
        "ground_state_reconstruction": true,
        "discrete_noise_scaling": true,
        "quantum_substitution": true
      },
      "diffusion_processes": {
        "ve_variance_initial": true,
        "ve_variance_integral": true,
        "conditional_score": true,
        "score_projection": true,
        "score_matching_decomposition": true,
        "reverse_time_reparametrization": true,
        "reverse_noise_scaling": true,
        "probability_flow_residual": true,
        "source_probability_flow_convention": true,
        "logdet_divergence_residual": true,
        "density_mapping": true
      },
      "hmc_scalar": {
        "map_jacobian": true,
        "hamilton_equation_q": true,
        "hamilton_equation_p": true,
        "energy_conservation": true,
        "canonical_momentum_transform": true,
        "transformed_hamiltonian_equivalence": true
      },
      "trivializing_map": {
        "nonlinear_measure_jacobian": true,
        "flow_equation": true,
        "jacobian_flow_equation": true,
        "log_jacobian_rate": true,
        "trivializing_action": true
      },
      "trivializing_flow_factorization": {
        "effective_action_factorization": true,
        "unit_flow_is_field_independent": true
      },
      "euler_map_inverse_and_jacobian": {
        "fixed_point_equation": true,
        "contraction_bound": true,
        "jacobian_deviation_bound": true,
        "jacobian_chain_rule": true
      },
      "collins_soper_evolution": {
        "rapidity_evolution": true,
        "initial_rapidity_condition": true,
        "mu_rge": true,
        "initial_mu_condition": true
      },
      "tmd_fourier": {
        "momentum_space_normalization": true,
        "gaussian_fourier_transform": true
      },
      "quasi_pdf_tmd_relation": {
        "transverse_gaussian_integral": true,
        "erf_antiderivative": true,
        "tmd_to_quasi_closed_form": true,
        "quasi_pdf_normalization": true,
        "interior_pdf_limit": true,
        "outside_pdf_limit": true
      },
      "normalizing_flow": {
        "triangular_jacobian": true,
        "log_det": true,
        "density_volume_factor": true
      },
      "correlator_spectrum": {
        "continuous_effective_energy_limit": true,
        "discrete_effective_energy_limit": true
      }
    }
  },
  "inventory": {
    "paper_count": 50,
    "source_file_count": 402,
    "formula_count": 2263,
    "unparsed_count": 2263
  }
}
