\BOOKMARK [0][-]{chapter*.1}{\376\377\144\130\211\201}{}% 1
\BOOKMARK [0][-]{chapter*.2}{\376\377\131\202\117\125\226\005\213\373\116\016\131\015\163\260}{}% 2
\BOOKMARK [0][-]{chapter.1}{\376\377\116\373\122\241\060\001\213\301\143\156\124\214\123\101\116\224\153\145\116\244\123\311\122\006\147\220\150\106\147\266}{}% 3
\BOOKMARK [1][-]{section.1.1}{\376\377\116\373\122\241\217\271\165\114\116\016\127\372\147\054\122\044\145\255}{chapter.1}% 4
\BOOKMARK [1][-]{section.1.2}{\376\377\123\101\116\224\153\145\116\244\123\311\122\006\147\220\150\106\147\266}{chapter.1}% 5
\BOOKMARK [1][-]{section.1.3}{\376\377\213\301\143\156\134\102\176\247\060\001\156\220\170\001\210\114\123\367\116\016\145\160\143\156\217\271\165\114}{chapter.1}% 6
\BOOKMARK [0][-]{chapter.2}{\376\377\162\151\164\006\121\154\164\006\060\001\177\244\213\272\176\246\133\232\116\016\217\336\176\355\040\024\150\074\160\271\146\040\134\004}{}% 7
\BOOKMARK [1][-]{section.2.1}{\376\377\117\177\165\050\166\204\162\151\164\006\121\154\164\006\116\016\135\345\117\134\120\107\213\276}{chapter.2}% 8
\BOOKMARK [1][-]{section.2.2}{\376\377\000Q\000C\000D\000\040\000E\000u\000c\000l\000i\000d\000e\000a\000n\000\040\117\134\165\050\221\317\116\016\230\234\202\162\137\122\116\000}{chapter.2}% 9
\BOOKMARK [1][-]{section.2.3}{\376\377\224\376\143\245\123\330\221\317\060\001\000p\000l\000a\000q\000u\000e\000t\000t\000e\000\040\124\214\000\040\000W\000i\000l\000s\000o\000n\000\040\117\134\165\050\221\317}{chapter.2}% 10
\BOOKMARK [1][-]{section.2.4}{\376\377\000P\000y\000Q\000C\000D\000\040\166\204\137\040\221\317\176\246\133\232}{chapter.2}% 11
\BOOKMARK [1][-]{section.2.5}{\376\377\147\054\172\340\123\357\232\214\213\301\166\204\147\201\226\120\116\016\116\015\123\330\221\317}{chapter.2}% 12
\BOOKMARK [0][-]{chapter.3}{\376\377\155\202\142\271\060\001\122\250\221\317\130\236\137\072\116\016\204\270\231\217\117\116\171\351\210\150\171\072}{}% 13
\BOOKMARK [1][-]{section.3.1}{\376\377\116\072\116\300\116\110\121\110\131\004\164\006\000\040\000U\000V\000\040\152\041\137\017}{chapter.3}% 14
\BOOKMARK [1][-]{section.3.2}{\376\377\000H\000Y\000P\000\040\224\376\143\245\155\202\142\271\377\032\116\011\176\247\143\222\226\144\145\271\124\021\173\227\154\325}{chapter.3}% 15
\BOOKMARK [1][-]{section.3.3}{\376\377\000S\000t\000o\000u\000t\000\040\155\202\142\271\377\032\211\343\147\220\143\007\145\160\117\335\143\001\177\244\120\074}{chapter.3}% 16
\BOOKMARK [1][-]{section.3.4}{\376\377\000G\000a\000u\000s\000s\000i\000a\000n\000/\000J\000a\000c\000o\000b\000i\000\040\131\070\121\113\155\202\142\271\116\016\000\040\000m\000o\000m\000e\000n\000t\000u\000m\000\040\000s\000m\000e\000a\000r\000i\000n\000g}{chapter.3}% 17
\BOOKMARK [1][-]{section.3.5}{\376\377\204\270\231\217\377\032\172\172\225\364\117\116\152\041\142\225\137\161\116\016\000\040\000p\000e\000r\000a\000m\000b\000u\000l\000a\000t\000o\000r}{chapter.3}% 18
\BOOKMARK [1][-]{section.3.6}{\376\377\000V\000d\000V\000\040\116\016\000\040\000V\000V\000V\377\032\173\227\173\046\121\103\175\040\166\204\162\151\164\006\124\053\116\111}{chapter.3}% 19
\BOOKMARK [1][-]{section.3.7}{\376\377\147\054\172\340\166\204\213\301\143\156\217\271\165\114}{chapter.3}% 20
\BOOKMARK [0][-]{chapter.4}{\376\377\213\301\143\156\122\006\176\247\060\001\123\302\200\003\156\220\116\016\124\016\176\355\150\070\232\214}{}% 21
\BOOKMARK [1][-]{section.4.1}{\376\377\164\006\213\272\133\241\213\241\176\323\147\234}{chapter.4}% 22
\BOOKMARK [1][-]{section.4.2}{\376\377\123\302\200\003\156\220\154\107\140\073}{chapter.4}% 23
\BOOKMARK [0][-]{chapter.5}{\376\377\153\047\154\017\000\040\000Q\000C\000D\000\040\166\204\147\204\220\040\116\016\217\336\176\355\147\201\226\120\377\032\116\316\121\154\164\006\122\060\171\273\145\143\117\134\165\050\221\317}{}% 24
\BOOKMARK [1][-]{section.5.1}{\376\377\134\100\127\337\211\304\203\003\123\237\164\006\131\202\117\125\137\072\122\066\116\247\165\037\224\376\143\245}{chapter.5}% 25
\BOOKMARK [1][-]{section.5.2}{\376\377\000p\000l\000a\000q\000u\000e\000t\000t\000e\000\040\134\125\137\000\116\016\000\040\000W\000i\000l\000s\000o\000n\000\040\211\304\203\003\117\134\165\050\221\317}{chapter.5}% 26
\BOOKMARK [1][-]{section.5.3}{\376\377\215\071\174\163\133\120\171\273\145\143\060\001\000d\000o\000u\000b\000l\000i\000n\000g\000\040\116\016\000\040\000W\000i\000l\000s\000o\000n\000\040\230\171}{chapter.5}% 27
\BOOKMARK [1][-]{section.5.4}{\376\377\000S\000y\000m\000a\000n\000z\000i\000k\000\040\134\125\137\000\116\016\145\071\217\333\166\204\162\151\164\006\124\053\116\111}{chapter.5}% 28
\BOOKMARK [1][-]{section.5.5}{\376\377\116\316\117\134\165\050\221\317\122\060\000\040\000H\000M\000C\377\032\217\205\122\251\173\227\154\325\166\204\133\214\145\164\224\376}{chapter.5}% 29
