This is XeTeX, Version 3.141592653-2.6-0.999997 (TeX Live 2025) (preloaded format=xelatex)
 restricted \write18 enabled.
entering extended mode
(./core_complete.tex
LaTeX2e <2024-11-01> patch level 2
L3 programming layer <2025-01-18>
(/usr/local/texlive/2025/texmf-dist/tex/latex/ctex/ctexbeamer.cls
(/usr/local/texlive/2025/texmf-dist/tex/latex/ctex/config/ctexbackend.cfg)
(/usr/local/texlive/2025/texmf-dist/tex/latex/l3kernel/expl3.sty
(/usr/local/texlive/2025/texmf-dist/tex/latex/l3backend/l3backend-xetex.def))
Document Class: ctexbeamer 2022/07/14 v2.5.10 Chinese adapter for class beamer 
(CTEX)
(/usr/local/texlive/2025/texmf-dist/tex/latex/ctex/ctexhook.sty)
(/usr/local/texlive/2025/texmf-dist/tex/latex/ctex/ctexpatch.sty)
(/usr/local/texlive/2025/texmf-dist/tex/latex/base/fix-cm.sty
(/usr/local/texlive/2025/texmf-dist/tex/latex/base/ts1enc.def))
(/usr/local/texlive/2025/texmf-dist/tex/latex/ctex/config/ctexopts.cfg)
(/usr/local/texlive/2025/texmf-dist/tex/latex/beamer/beamer.cls
Document Class: beamer 2025/02/04 v3.72 A class for typesetting presentations
(/usr/local/texlive/2025/texmf-dist/tex/latex/beamer/beamerbasemodes.sty
(/usr/local/texlive/2025/texmf-dist/tex/latex/etoolbox/etoolbox.sty)
(/usr/local/texlive/2025/texmf-dist/tex/latex/beamer/beamerbasedecode.sty))
(/usr/local/texlive/2025/texmf-dist/tex/generic/iftex/iftex.sty)
(/usr/local/texlive/2025/texmf-dist/tex/latex/beamer/beamerbaseoptions.sty
(/usr/local/texlive/2025/texmf-dist/tex/latex/graphics/keyval.sty))
(/usr/local/texlive/2025/texmf-dist/tex/latex/geometry/geometry.sty
(/usr/local/texlive/2025/texmf-dist/tex/generic/iftex/ifvtex.sty))
(/usr/local/texlive/2025/texmf-dist/tex/latex/pgf/math/pgfmath.sty
(/usr/local/texlive/2025/texmf-dist/tex/latex/pgf/utilities/pgfrcs.sty
(/usr/local/texlive/2025/texmf-dist/tex/generic/pgf/utilities/pgfutil-common.te
x)
(/usr/local/texlive/2025/texmf-dist/tex/generic/pgf/utilities/pgfutil-latex.def
) (/usr/local/texlive/2025/texmf-dist/tex/generic/pgf/utilities/pgfrcs.code.tex
(/usr/local/texlive/2025/texmf-dist/tex/generic/pgf/pgf.revision.tex)))
(/usr/local/texlive/2025/texmf-dist/tex/latex/pgf/utilities/pgfkeys.sty
(/usr/local/texlive/2025/texmf-dist/tex/generic/pgf/utilities/pgfkeys.code.tex
(/usr/local/texlive/2025/texmf-dist/tex/generic/pgf/utilities/pgfkeyslibraryfil
tered.code.tex)))
(/usr/local/texlive/2025/texmf-dist/tex/generic/pgf/math/pgfmath.code.tex
(/usr/local/texlive/2025/texmf-dist/tex/generic/pgf/math/pgfmathutil.code.tex)
(/usr/local/texlive/2025/texmf-dist/tex/generic/pgf/math/pgfmathparser.code.tex
)
(/usr/local/texlive/2025/texmf-dist/tex/generic/pgf/math/pgfmathfunctions.code.
tex)
(/usr/local/texlive/2025/texmf-dist/tex/generic/pgf/math/pgfmathfunctions.basic
.code.tex)
(/usr/local/texlive/2025/texmf-dist/tex/generic/pgf/math/pgfmathfunctions.trigo
nometric.code.tex)
(/usr/local/texlive/2025/texmf-dist/tex/generic/pgf/math/pgfmathfunctions.rando
m.code.tex)
(/usr/local/texlive/2025/texmf-dist/tex/generic/pgf/math/pgfmathfunctions.compa
rison.code.tex)
(/usr/local/texlive/2025/texmf-dist/tex/generic/pgf/math/pgfmathfunctions.base.
code.tex)
(/usr/local/texlive/2025/texmf-dist/tex/generic/pgf/math/pgfmathfunctions.round
.code.tex)
(/usr/local/texlive/2025/texmf-dist/tex/generic/pgf/math/pgfmathfunctions.misc.
code.tex)
(/usr/local/texlive/2025/texmf-dist/tex/generic/pgf/math/pgfmathfunctions.integ
erarithmetics.code.tex)
(/usr/local/texlive/2025/texmf-dist/tex/generic/pgf/math/pgfmathcalc.code.tex)
(/usr/local/texlive/2025/texmf-dist/tex/generic/pgf/math/pgfmathfloat.code.tex)
)) (/usr/local/texlive/2025/texmf-dist/tex/latex/base/size10.clo)
(/usr/local/texlive/2025/texmf-dist/tex/latex/pgf/basiclayer/pgfcore.sty
(/usr/local/texlive/2025/texmf-dist/tex/latex/graphics/graphicx.sty
(/usr/local/texlive/2025/texmf-dist/tex/latex/graphics/graphics.sty
(/usr/local/texlive/2025/texmf-dist/tex/latex/graphics/trig.sty)
(/usr/local/texlive/2025/texmf-dist/tex/latex/graphics-cfg/graphics.cfg)
(/usr/local/texlive/2025/texmf-dist/tex/latex/graphics-def/xetex.def)))
(/usr/local/texlive/2025/texmf-dist/tex/latex/pgf/systemlayer/pgfsys.sty
(/usr/local/texlive/2025/texmf-dist/tex/generic/pgf/systemlayer/pgfsys.code.tex
(/usr/local/texlive/2025/texmf-dist/tex/generic/pgf/systemlayer/pgf.cfg)
(/usr/local/texlive/2025/texmf-dist/tex/generic/pgf/systemlayer/pgfsys-xetex.de
f
(/usr/local/texlive/2025/texmf-dist/tex/generic/pgf/systemlayer/pgfsys-dvipdfmx
.def
(/usr/local/texlive/2025/texmf-dist/tex/generic/pgf/systemlayer/pgfsys-common-p
df.def))))
(/usr/local/texlive/2025/texmf-dist/tex/generic/pgf/systemlayer/pgfsyssoftpath.
code.tex)
(/usr/local/texlive/2025/texmf-dist/tex/generic/pgf/systemlayer/pgfsysprotocol.
code.tex)) (/usr/local/texlive/2025/texmf-dist/tex/latex/xcolor/xcolor.sty
(/usr/local/texlive/2025/texmf-dist/tex/latex/graphics-cfg/color.cfg)
(/usr/local/texlive/2025/texmf-dist/tex/latex/graphics/mathcolor.ltx))
(/usr/local/texlive/2025/texmf-dist/tex/generic/pgf/basiclayer/pgfcore.code.tex
(/usr/local/texlive/2025/texmf-dist/tex/generic/pgf/math/pgfint.code.tex)
(/usr/local/texlive/2025/texmf-dist/tex/generic/pgf/basiclayer/pgfcorepoints.co
de.tex)
(/usr/local/texlive/2025/texmf-dist/tex/generic/pgf/basiclayer/pgfcorepathconst
ruct.code.tex)
(/usr/local/texlive/2025/texmf-dist/tex/generic/pgf/basiclayer/pgfcorepathusage
.code.tex)
(/usr/local/texlive/2025/texmf-dist/tex/generic/pgf/basiclayer/pgfcorescopes.co
de.tex)
(/usr/local/texlive/2025/texmf-dist/tex/generic/pgf/basiclayer/pgfcoregraphicst
ate.code.tex)
(/usr/local/texlive/2025/texmf-dist/tex/generic/pgf/basiclayer/pgfcoretransform
ations.code.tex)
(/usr/local/texlive/2025/texmf-dist/tex/generic/pgf/basiclayer/pgfcorequick.cod
e.tex)
(/usr/local/texlive/2025/texmf-dist/tex/generic/pgf/basiclayer/pgfcoreobjects.c
ode.tex)
(/usr/local/texlive/2025/texmf-dist/tex/generic/pgf/basiclayer/pgfcorepathproce
ssing.code.tex)
(/usr/local/texlive/2025/texmf-dist/tex/generic/pgf/basiclayer/pgfcorearrows.co
de.tex)
(/usr/local/texlive/2025/texmf-dist/tex/generic/pgf/basiclayer/pgfcoreshade.cod
e.tex)
(/usr/local/texlive/2025/texmf-dist/tex/generic/pgf/basiclayer/pgfcoreimage.cod
e.tex)
(/usr/local/texlive/2025/texmf-dist/tex/generic/pgf/basiclayer/pgfcoreexternal.
code.tex)
(/usr/local/texlive/2025/texmf-dist/tex/generic/pgf/basiclayer/pgfcorelayers.co
de.tex)
(/usr/local/texlive/2025/texmf-dist/tex/generic/pgf/basiclayer/pgfcoretranspare
ncy.code.tex)
(/usr/local/texlive/2025/texmf-dist/tex/generic/pgf/basiclayer/pgfcorepatterns.
code.tex)
(/usr/local/texlive/2025/texmf-dist/tex/generic/pgf/basiclayer/pgfcorerdf.code.
tex))) (/usr/local/texlive/2025/texmf-dist/tex/latex/pgf/utilities/xxcolor.sty)
 (/usr/local/texlive/2025/texmf-dist/tex/latex/base/atbegshi-ltx.sty)
(/usr/local/texlive/2025/texmf-dist/tex/latex/hyperref/hyperref.sty
(/usr/local/texlive/2025/texmf-dist/tex/latex/kvsetkeys/kvsetkeys.sty)
(/usr/local/texlive/2025/texmf-dist/tex/generic/kvdefinekeys/kvdefinekeys.sty)
(/usr/local/texlive/2025/texmf-dist/tex/generic/pdfescape/pdfescape.sty
(/usr/local/texlive/2025/texmf-dist/tex/generic/ltxcmds/ltxcmds.sty)
(/usr/local/texlive/2025/texmf-dist/tex/generic/pdftexcmds/pdftexcmds.sty
(/usr/local/texlive/2025/texmf-dist/tex/generic/infwarerr/infwarerr.sty)))
(/usr/local/texlive/2025/texmf-dist/tex/latex/hycolor/hycolor.sty)
(/usr/local/texlive/2025/texmf-dist/tex/latex/hyperref/nameref.sty
(/usr/local/texlive/2025/texmf-dist/tex/latex/refcount/refcount.sty)
(/usr/local/texlive/2025/texmf-dist/tex/generic/gettitlestring/gettitlestring.s
ty (/usr/local/texlive/2025/texmf-dist/tex/latex/kvoptions/kvoptions.sty)))
(/usr/local/texlive/2025/texmf-dist/tex/generic/stringenc/stringenc.sty)
(/usr/local/texlive/2025/texmf-dist/tex/latex/hyperref/pd1enc.def)
(/usr/local/texlive/2025/texmf-dist/tex/generic/intcalc/intcalc.sty)
(/usr/local/texlive/2025/texmf-dist/tex/latex/hyperref/puenc.def)
(/usr/local/texlive/2025/texmf-dist/tex/latex/url/url.sty)
(/usr/local/texlive/2025/texmf-dist/tex/generic/bitset/bitset.sty
(/usr/local/texlive/2025/texmf-dist/tex/generic/bigintcalc/bigintcalc.sty))

Package hyperref Message: Stopped early.

) (/usr/local/texlive/2025/texmf-dist/tex/latex/hyperref/hxetex.def
(/usr/local/texlive/2025/texmf-dist/tex/latex/rerunfilecheck/rerunfilecheck.sty
(/usr/local/texlive/2025/texmf-dist/tex/latex/base/atveryend-ltx.sty)
(/usr/local/texlive/2025/texmf-dist/tex/generic/uniquecounter/uniquecounter.sty
))) (/usr/local/texlive/2025/texmf-dist/tex/latex/beamer/beamerbaserequires.sty

(/usr/local/texlive/2025/texmf-dist/tex/latex/beamer/beamerbasecompatibility.st
y) (/usr/local/texlive/2025/texmf-dist/tex/latex/beamer/beamerbasefont.sty
(/usr/local/texlive/2025/texmf-dist/tex/latex/amsfonts/amssymb.sty
(/usr/local/texlive/2025/texmf-dist/tex/latex/amsfonts/amsfonts.sty))
(/usr/local/texlive/2025/texmf-dist/tex/latex/sansmathaccent/sansmathaccent.sty
(/usr/local/texlive/2025/texmf-dist/tex/latex/koma-script/scrlfile.sty
(/usr/local/texlive/2025/texmf-dist/tex/latex/koma-script/scrlfile-hook.sty
(/usr/local/texlive/2025/texmf-dist/tex/latex/koma-script/scrlogo.sty)))))
(/usr/local/texlive/2025/texmf-dist/tex/latex/beamer/beamerbasetranslator.sty
(/usr/local/texlive/2025/texmf-dist/tex/latex/translator/translator.sty))
(/usr/local/texlive/2025/texmf-dist/tex/latex/beamer/beamerbasemisc.sty)
(/usr/local/texlive/2025/texmf-dist/tex/latex/beamer/beamerbasetwoscreens.sty)
(/usr/local/texlive/2025/texmf-dist/tex/latex/beamer/beamerbaseoverlay.sty)
(/usr/local/texlive/2025/texmf-dist/tex/latex/beamer/beamerbasetitle.sty)
(/usr/local/texlive/2025/texmf-dist/tex/latex/beamer/beamerbasesection.sty)
(/usr/local/texlive/2025/texmf-dist/tex/latex/beamer/beamerbaseframe.sty)
(/usr/local/texlive/2025/texmf-dist/tex/latex/beamer/beamerbaseverbatim.sty)
(/usr/local/texlive/2025/texmf-dist/tex/latex/beamer/beamerbaseframesize.sty)
(/usr/local/texlive/2025/texmf-dist/tex/latex/beamer/beamerbaseframecomponents.
sty) (/usr/local/texlive/2025/texmf-dist/tex/latex/beamer/beamerbasecolor.sty)
(/usr/local/texlive/2025/texmf-dist/tex/latex/beamer/beamerbasenotes.sty)
(/usr/local/texlive/2025/texmf-dist/tex/latex/beamer/beamerbasetoc.sty)
(/usr/local/texlive/2025/texmf-dist/tex/latex/beamer/beamerbasetemplates.sty
(/usr/local/texlive/2025/texmf-dist/tex/latex/beamer/beamerbaseauxtemplates.sty
(/usr/local/texlive/2025/texmf-dist/tex/latex/beamer/beamerbaseboxes.sty)))
(/usr/local/texlive/2025/texmf-dist/tex/latex/beamer/beamerbaselocalstructure.s
ty (/usr/local/texlive/2025/texmf-dist/tex/latex/tools/enumerate.sty))
(/usr/local/texlive/2025/texmf-dist/tex/latex/beamer/beamerbasenavigation.sty
(/usr/local/texlive/2025/texmf-dist/tex/latex/beamer/beamerbasenavigationsymbol
s.tex))
(/usr/local/texlive/2025/texmf-dist/tex/latex/beamer/beamerbasetheorems.sty
(/usr/local/texlive/2025/texmf-dist/tex/latex/amsmath/amsmath.sty
For additional information on amsmath, use the `?' option.
(/usr/local/texlive/2025/texmf-dist/tex/latex/amsmath/amstext.sty
(/usr/local/texlive/2025/texmf-dist/tex/latex/amsmath/amsgen.sty))
(/usr/local/texlive/2025/texmf-dist/tex/latex/amsmath/amsbsy.sty)
(/usr/local/texlive/2025/texmf-dist/tex/latex/amsmath/amsopn.sty))
(/usr/local/texlive/2025/texmf-dist/tex/latex/amscls/amsthm.sty))
(/usr/local/texlive/2025/texmf-dist/tex/latex/beamer/beamerbasethemes.sty))
(/usr/local/texlive/2025/texmf-dist/tex/latex/beamer/beamerthemedefault.sty
(/usr/local/texlive/2025/texmf-dist/tex/latex/beamer/beamerfontthemedefault.sty
)
(/usr/local/texlive/2025/texmf-dist/tex/latex/beamer/beamercolorthemedefault.st
y)
(/usr/local/texlive/2025/texmf-dist/tex/latex/beamer/beamerinnerthemedefault.st
y)
(/usr/local/texlive/2025/texmf-dist/tex/latex/beamer/beamerouterthemedefault.st
y)))
(/usr/local/texlive/2025/texmf-dist/tex/latex/ctex/engine/ctex-engine-xetex.def
(/usr/local/texlive/2025/texmf-dist/tex/xelatex/xecjk/xeCJK.sty
(/usr/local/texlive/2025/texmf-dist/tex/latex/l3packages/xtemplate/xtemplate.st
y) (/usr/local/texlive/2025/texmf-dist/tex/latex/fontspec/fontspec.sty
(/usr/local/texlive/2025/texmf-dist/tex/latex/l3packages/xparse/xparse.sty)
(/usr/local/texlive/2025/texmf-dist/tex/latex/fontspec/fontspec-xetex.sty
(/usr/local/texlive/2025/texmf-dist/tex/latex/base/fontenc.sty)
(/usr/local/texlive/2025/texmf-dist/tex/latex/fontspec/fontspec.cfg)))
(/usr/local/texlive/2025/texmf-dist/tex/xelatex/xecjk/xeCJK.cfg)))
(/usr/local/texlive/2025/texmf-dist/tex/latex/zhnumber/zhnumber.sty
(/usr/local/texlive/2025/texmf-dist/tex/latex/zhnumber/zhnumber-utf8.cfg))
(/usr/local/texlive/2025/texmf-dist/tex/latex/ctex/scheme/ctex-scheme-chinese-b
eamer.def
(/usr/local/texlive/2025/texmf-dist/tex/latex/ctex/config/ctex-name-utf8.cfg))
(/usr/local/texlive/2025/texmf-dist/tex/latex/ctex/fontset/ctex-fontset-mac.def

(/usr/local/texlive/2025/texmf-dist/tex/latex/ctex/fontset/ctex-fontset-macold.
def))) (/usr/local/texlive/2025/texmf-dist/tex/latex/ctex/config/ctex.cfg)
(../course_style.tex
(/usr/local/texlive/2025/texmf-dist/tex/latex/mathtools/mathtools.sty
(/usr/local/texlive/2025/texmf-dist/tex/latex/tools/calc.sty)
(/usr/local/texlive/2025/texmf-dist/tex/latex/mathtools/mhsetup.sty))
(/usr/local/texlive/2025/texmf-dist/tex/latex/tools/bm.sty)
(/usr/local/texlive/2025/texmf-dist/tex/latex/booktabs/booktabs.sty)
(/usr/local/texlive/2025/texmf-dist/tex/latex/tools/tabularx.sty
(/usr/local/texlive/2025/texmf-dist/tex/latex/tools/array.sty))
(/usr/local/texlive/2025/texmf-dist/tex/latex/tools/longtable.sty)
(/usr/local/texlive/2025/texmf-dist/tex/latex/pgf/frontendlayer/tikz.sty
(/usr/local/texlive/2025/texmf-dist/tex/latex/pgf/basiclayer/pgf.sty
(/usr/local/texlive/2025/texmf-dist/tex/generic/pgf/modules/pgfmoduleshapes.cod
e.tex)
(/usr/local/texlive/2025/texmf-dist/tex/generic/pgf/modules/pgfmoduleplot.code.
tex)
(/usr/local/texlive/2025/texmf-dist/tex/latex/pgf/compatibility/pgfcomp-version
-0-65.sty)
(/usr/local/texlive/2025/texmf-dist/tex/latex/pgf/compatibility/pgfcomp-version
-1-18.sty))
(/usr/local/texlive/2025/texmf-dist/tex/latex/pgf/utilities/pgffor.sty
(/usr/local/texlive/2025/texmf-dist/tex/generic/pgf/utilities/pgffor.code.tex))

(/usr/local/texlive/2025/texmf-dist/tex/generic/pgf/frontendlayer/tikz/tikz.cod
e.tex
(/usr/local/texlive/2025/texmf-dist/tex/generic/pgf/libraries/pgflibraryplothan
dlers.code.tex)
(/usr/local/texlive/2025/texmf-dist/tex/generic/pgf/modules/pgfmodulematrix.cod
e.tex)
(/usr/local/texlive/2025/texmf-dist/tex/generic/pgf/frontendlayer/tikz/librarie
s/tikzlibrarytopaths.code.tex)))
(/usr/local/texlive/2025/texmf-dist/tex/generic/pgf/libraries/pgflibraryarrows.
meta.code.tex)
(/usr/local/texlive/2025/texmf-dist/tex/generic/pgf/frontendlayer/tikz/librarie
s/tikzlibrarypositioning.code.tex)
(/usr/local/texlive/2025/texmf-dist/tex/generic/pgf/frontendlayer/tikz/librarie
s/tikzlibrarycalc.code.tex)
(/usr/local/texlive/2025/texmf-dist/tex/generic/pgf/frontendlayer/tikz/librarie
s/tikzlibraryfit.code.tex)
(/usr/local/texlive/2025/texmf-dist/tex/generic/pgf/frontendlayer/tikz/librarie
s/tikzlibraryshapes.geometric.code.tex
(/usr/local/texlive/2025/texmf-dist/tex/generic/pgf/libraries/shapes/pgflibrary
shapes.geometric.code.tex))
(/usr/local/texlive/2025/texmf-dist/tex/latex/pgfplots/pgfplots.sty
(/usr/local/texlive/2025/texmf-dist/tex/generic/pgfplots/pgfplots.revision.tex)
(/usr/local/texlive/2025/texmf-dist/tex/generic/pgfplots/pgfplots.code.tex
(/usr/local/texlive/2025/texmf-dist/tex/generic/pgfplots/pgfplotscore.code.tex
(/usr/local/texlive/2025/texmf-dist/tex/generic/pgfplots/sys/pgfplotssysgeneric
.code.tex))
(/usr/local/texlive/2025/texmf-dist/tex/generic/pgfplots/libs/pgfplotslibrary.c
ode.tex)
(/usr/local/texlive/2025/texmf-dist/tex/generic/pgfplots/oldpgfcompatib/pgfplot
soldpgfsupp_loader.code.tex
(/usr/local/texlive/2025/texmf-dist/tex/generic/pgf/libraries/pgflibraryfpu.cod
e.tex)
Package pgfplots: loading complementary utilities for your pgf version...

(/usr/local/texlive/2025/texmf-dist/tex/generic/pgfplots/oldpgfcompatib/pgfplot
soldpgfsupp_pgfutil-common-lists.tex))
(/usr/local/texlive/2025/texmf-dist/tex/generic/pgfplots/util/pgfplotsutil.code
.tex
(/usr/local/texlive/2025/texmf-dist/tex/generic/pgfplots/liststructure/pgfplots
liststructure.code.tex)
(/usr/local/texlive/2025/texmf-dist/tex/generic/pgfplots/liststructure/pgfplots
liststructureext.code.tex)
(/usr/local/texlive/2025/texmf-dist/tex/generic/pgfplots/liststructure/pgfplots
array.code.tex)
(/usr/local/texlive/2025/texmf-dist/tex/generic/pgfplots/liststructure/pgfplots
matrix.code.tex)
(/usr/local/texlive/2025/texmf-dist/tex/generic/pgfplots/numtable/pgfplotstable
shared.code.tex)
(/usr/local/texlive/2025/texmf-dist/tex/generic/pgfplots/liststructure/pgfplots
deque.code.tex)
(/usr/local/texlive/2025/texmf-dist/tex/generic/pgfplots/util/pgfplotsbinary.co
de.tex
(/usr/local/texlive/2025/texmf-dist/tex/generic/pgfplots/util/pgfplotsbinary.da
ta.code.tex))
(/usr/local/texlive/2025/texmf-dist/tex/generic/pgfplots/util/pgfplotsutil.verb
.code.tex)
(/usr/local/texlive/2025/texmf-dist/tex/generic/pgfplots/libs/pgflibrarypgfplot
s.surfshading.code.tex
(/usr/local/texlive/2025/texmf-dist/tex/generic/pgfplots/sys/pgflibrarypgfplots
.surfshading.pgfsys-xetex.def
(/usr/local/texlive/2025/texmf-dist/tex/generic/pgfplots/sys/pgflibrarypgfplots
.surfshading.pgfsys-dvipdfmx.def))))
(/usr/local/texlive/2025/texmf-dist/tex/generic/pgfplots/util/pgfplotscolormap.
code.tex
(/usr/local/texlive/2025/texmf-dist/tex/generic/pgfplots/util/pgfplotscolor.cod
e.tex))
(/usr/local/texlive/2025/texmf-dist/tex/generic/pgfplots/pgfplotsstackedplots.c
ode.tex)
(/usr/local/texlive/2025/texmf-dist/tex/generic/pgfplots/pgfplotsplothandlers.c
ode.tex
(/usr/local/texlive/2025/texmf-dist/tex/generic/pgfplots/pgfplotsmeshplothandle
r.code.tex
(/usr/local/texlive/2025/texmf-dist/tex/generic/pgfplots/pgfplotsmeshplotimage.
code.tex)))
(/usr/local/texlive/2025/texmf-dist/tex/generic/pgfplots/pgfplots.scaling.code.
tex)
(/usr/local/texlive/2025/texmf-dist/tex/generic/pgfplots/pgfplotscoordprocessin
g.code.tex)
(/usr/local/texlive/2025/texmf-dist/tex/generic/pgfplots/pgfplots.errorbars.cod
e.tex)
(/usr/local/texlive/2025/texmf-dist/tex/generic/pgfplots/pgfplots.markers.code.
tex)
(/usr/local/texlive/2025/texmf-dist/tex/generic/pgfplots/pgfplotsticks.code.tex
)
(/usr/local/texlive/2025/texmf-dist/tex/generic/pgfplots/pgfplots.paths.code.te
x)
(/usr/local/texlive/2025/texmf-dist/tex/generic/pgf/frontendlayer/tikz/librarie
s/tikzlibrarydecorations.code.tex
(/usr/local/texlive/2025/texmf-dist/tex/generic/pgf/modules/pgfmoduledecoration
s.code.tex))
(/usr/local/texlive/2025/texmf-dist/tex/generic/pgf/frontendlayer/tikz/librarie
s/tikzlibrarydecorations.pathmorphing.code.tex
(/usr/local/texlive/2025/texmf-dist/tex/generic/pgf/libraries/decorations/pgfli
brarydecorations.pathmorphing.code.tex))
(/usr/local/texlive/2025/texmf-dist/tex/generic/pgf/frontendlayer/tikz/librarie
s/tikzlibrarydecorations.pathreplacing.code.tex
(/usr/local/texlive/2025/texmf-dist/tex/generic/pgf/libraries/decorations/pgfli
brarydecorations.pathreplacing.code.tex))
(/usr/local/texlive/2025/texmf-dist/tex/generic/pgfplots/libs/tikzlibrarypgfplo
ts.contourlua.code.tex))
(/usr/local/texlive/2025/texmf-dist/tex/generic/pgf/frontendlayer/tikz/librarie
s/tikzlibraryplotmarks.code.tex
(/usr/local/texlive/2025/texmf-dist/tex/generic/pgf/libraries/pgflibraryplotmar
ks.code.tex)))
(/usr/local/texlive/2025/texmf-dist/tex/latex/adjustbox/adjustbox.sty
(/usr/local/texlive/2025/texmf-dist/tex/latex/xkeyval/xkeyval.sty
(/usr/local/texlive/2025/texmf-dist/tex/generic/xkeyval/xkeyval.tex
(/usr/local/texlive/2025/texmf-dist/tex/generic/xkeyval/xkvutils.tex)))
(/usr/local/texlive/2025/texmf-dist/tex/latex/adjustbox/adjcalc.sty)
(/usr/local/texlive/2025/texmf-dist/tex/latex/adjustbox/trimclip.sty
(/usr/local/texlive/2025/texmf-dist/tex/latex/collectbox/collectbox.sty)
(/usr/local/texlive/2025/texmf-dist/tex/latex/adjustbox/tc-xetex.def))
(/usr/local/texlive/2025/texmf-dist/tex/latex/ifoddpage/ifoddpage.sty)
(/usr/local/texlive/2025/texmf-dist/tex/latex/varwidth/varwidth.sty))
(/usr/local/texlive/2025/texmf-dist/tex/latex/listings/listings.sty
(/usr/local/texlive/2025/texmf-dist/tex/latex/listings/lstpatch.sty)
(/usr/local/texlive/2025/texmf-dist/tex/latex/listings/lstmisc.sty)
(/usr/local/texlive/2025/texmf-dist/tex/latex/listings/listings.cfg))
(/usr/local/texlive/2025/texmf-dist/tex/xelatex/xecjk/xeCJK-listings.sty)
(/usr/local/texlive/2025/texmf-dist/tex/latex/microtype/microtype.sty
(/usr/local/texlive/2025/texmf-dist/tex/latex/microtype/microtype-xetex.def)
(/usr/local/texlive/2025/texmf-dist/tex/latex/microtype/microtype.cfg)))
(/Users/zhangxin/MyQCD/docs/lattice_qcd_gluon_tmd_course/build/core_complete/co
re_complete.aux)
*geometry* driver: auto-detecting
*geometry* detected driver: xetex

(/Users/zhangxin/MyQCD/docs/lattice_qcd_gluon_tmd_course/build/core_complete/co
re_complete.out)
(/Users/zhangxin/MyQCD/docs/lattice_qcd_gluon_tmd_course/build/core_complete/co
re_complete.out)
(/usr/local/texlive/2025/texmf-dist/tex/latex/translator/translator-basic-dicti
onary-English.dict)
(/usr/local/texlive/2025/texmf-dist/tex/latex/translator/translator-bibliograph
y-dictionary-English.dict)
(/usr/local/texlive/2025/texmf-dist/tex/latex/translator/translator-environment
-dictionary-English.dict)
(/usr/local/texlive/2025/texmf-dist/tex/latex/translator/translator-months-dict
ionary-English.dict)
(/usr/local/texlive/2025/texmf-dist/tex/latex/translator/translator-numbers-dic
tionary-English.dict)
(/usr/local/texlive/2025/texmf-dist/tex/latex/translator/translator-theorem-dic
tionary-English.dict)
(/usr/local/texlive/2025/texmf-dist/tex/latex/ctex/dictionary/translator-theore
m-dictionary-ChineseUTF8.dict)
Package pgfplots notification 'compat/show suggested version=true': you might b
enefit from \pgfplotsset{compat=1.18} (current compat level: 1.17).


(/Users/zhangxin/MyQCD/docs/lattice_qcd_gluon_tmd_course/build/core_complete/co
re_complete.nav)
[1]
(/usr/local/texlive/2025/texmf-dist/tex/latex/microtype/mt-LatinModernRoman.cfg
) (/usr/local/texlive/2025/texmf-dist/tex/latex/amsfonts/umsa.fd)
(/usr/local/texlive/2025/texmf-dist/tex/latex/microtype/mt-msa.cfg)
(/usr/local/texlive/2025/texmf-dist/tex/latex/amsfonts/umsb.fd)
(/usr/local/texlive/2025/texmf-dist/tex/latex/microtype/mt-msb.cfg)
(/usr/local/texlive/2025/texmf-dist/tex/latex/microtype/mt-cmr.cfg)
[2]
[3]
[4]
[5]
[6]
[7]
[8]
[9]
[10]
[11]
[12]
[13]
[14]
[15]
[16]
[17]
[18]
[19]
[20]
[21]
[22]
[23]
[24]
[25]
[26]
[27]
[28]
[29]
[30]
[31]
[32]
[33]
[34]
[35]
[36]
[37]
[38]
[39]
[40]
[41]
[42] (./fragments/V01.tex
[43]
[44]
[45]
[46]
[47]
[48]
[49]
[50]
[51]
[52]
[53]
[54]
[55]
[56]
[57]
[58]
[59]
[60]
[61]
[62]
[63]
[64]
[65]
[66]
[67]
[68]
[69]
[70]
[71]
[72]
Underfull \hbox (badness 10000) in paragraph at lines 361--361
[]|[]\TU/lmss/bx/n/7 Src BOOK-

Underfull \hbox (badness 1158) in paragraph at lines 361--361
[]|\TU/lmss/m/n/7 An Introduction to Quantum Field

[73]) (./fragments/V02.tex
[74]
[75]
[76]
[77]
[78]
[79]
[80]
[81]
[82]
[83]
[84]
[85]
[86]
[87]
[88]
[89]
[90]
[91]
[92]
[93]
[94]
[95]
[96]
[97]
[98]
[99]
[100]
[101]
[102]
[103]
Underfull \hbox (badness 1158) in paragraph at lines 359--359
[]|\TU/lmss/m/n/7 An Introduction to Quantum Field

Underfull \hbox (badness 10000) in paragraph at lines 359--359
[]|[]\TU/lmss/bx/n/7 Src BOOK-

[104]) (./fragments/V03.tex
[105]
[106]
[107]
[108]
[109]
[110]
[111]
[112]
[113]
[114]
[115]
[116]
[117]
[118]
[119]
[120]
[121]
[122]
[123]
[124]
[125]
[126]
[127]
[128]
[129]
[130]
[131]
[132]
[133]
[134]
Underfull \hbox (badness 10000) in paragraph at lines 360--360
[]|[]\TU/lmss/bx/n/7 Src BOOK-

[135]
[136]) (./fragments/V04.tex
[137]
[138]
[139]
[140]
[141]
[142]
[143]
[144]
[145]
[146]
[147]
[148]
[149]
[150]
[151]
[152]
[153]
[154]
[155]
[156]
[157]
[158]
[159]
[160]
[161]
[162]
[163]
[164]
[165]
[166]
Underfull \hbox (badness 1158) in paragraph at lines 359--359
[]|\TU/lmss/m/n/7 An Introduction to Quantum Field

Underfull \hbox (badness 10000) in paragraph at lines 359--359
[]|[]\TU/lmss/bx/n/7 Src BOOK-

[167]) (./fragments/V05.tex
[168]
[169]
[170]
[171]
[172]
[173]
[174]
[175]
[176]
[177]
[178]
[179]
[180]
[181]
[182]
[183]
[184]
[185]
[186]
[187]
[188]
[189]
[190]
[191]
[192]
[193]
[194]
[195]
[196]
[197]
Underfull \hbox (badness 1158) in paragraph at lines 361--361
[]|\TU/lmss/m/n/7 An Introduction to Quantum Field

[198]) (./fragments/V06.tex
[199]
[200]
[201]
[202]
[203]
[204]
[205]
[206]
[207]
[208]
[209]
[210]
[211]
[212]
[213]
[214]
[215]
[216]
[217]
[218]
[219]
[220]
[221]
[222]
[223]
[224]
[225]
[226]
[227]
[228]
Underfull \hbox (badness 1158) in paragraph at lines 361--361
[]|\TU/lmss/m/n/7 An Introduction to Quantum Field

Underfull \hbox (badness 10000) in paragraph at lines 361--361
[]|[]\TU/lmss/bx/n/7 Src MYQCD-

[229]) (./fragments/V07.tex
[230]
[231]
[232]
[233]
[234]
[235]
[236]
[237]
[238]
[239]
Underfull \hbox (badness 1178) in paragraph at lines 129--129
[]|[]\TU/lmss/bx/n/8 Def 07.02-2c00ee4eef[] \TU/lmss/m/n/8 Gell–Mann

[240]
[241]
[242]
[243]
[244]
[245]
[246]
[247]
[248]
[249]
[250]
[251]
[252]
[253]
[254]
[255]
[256]
[257]
[258]
[259]
Underfull \hbox (badness 1158) in paragraph at lines 364--364
[]|\TU/lmss/m/n/7 An Introduction to Quantum Field

Underfull \hbox (badness 10000) in paragraph at lines 364--364
[]|[]\TU/lmss/bx/n/7 Src MYQCD-

[260]) (./fragments/V08.tex
[261]
[262]
[263]
[264]
[265]
[266]
[267]
[268]
[269]
[270]
[271]
[272]
[273]
[274]
[275]
[276]
[277]
[278]
[279]
[280]
[281]
[282]
[283]
[284]
[285]
[286]
[287]
[288]
[289]
[290]
Underfull \hbox (badness 10000) in paragraph at lines 361--361
[]|[]\TU/lmss/bx/n/7 Src BOOK-QCD-

Underfull \hbox (badness 10000) in paragraph at lines 361--361
[]|[]\TU/lmss/bx/n/7 Src MYQCD-

[291]) (./fragments/V09.tex
[292]
[293]
[294]
[295]
[296]
[297]
[298]
[299]
[300]
[301]
Underfull \hbox (badness 10000) in paragraph at lines 131--131
[]|[]\TU/lmss/bx/n/8 Def 09.02-bc4e7f563c[] \TU/lmss/m/n/8 Nielsen–

[302]
[303]
[304]
[305]
[306]
[307]
[308]
[309]
[310]
[311]
[312]
[313]
[314]
[315]
[316]
Underfull \hbox (badness 2173) in paragraph at lines 305--305
[]|[]\TU/lmss/bx/n/8 Def 09.05-990d9ca07f[] \TU/lmss/m/n/8 Gaussian/

[317]
[318]
[319]
[320]
[321]
Underfull \hbox (badness 10000) in paragraph at lines 363--363
[]|[]\TU/lmss/bx/n/7 Src PYQCD-

Underfull \hbox (badness 1158) in paragraph at lines 363--363
[]|\TU/lmss/m/n/7 An Introduction to Quantum Field

[322]
Underfull \hbox (badness 10000) in paragraph at lines 373--373
[]|[]\TU/lmss/bx/n/7 Src PYQCD-

Underfull \hbox (badness 10000) in paragraph at lines 373--373
[]|[]\TU/lmss/bx/n/7 Src BOOK-QCD-

Underfull \hbox (badness 10000) in paragraph at lines 373--373
[]|[]\TU/lmss/bx/n/7 Src BOOK-

Underfull \hbox (badness 10000) in paragraph at lines 373--373
[]|[]\TU/lmss/bx/n/7 Src MYQCD-

[323]) (./fragments/V10.tex
[324]
[325]
[326]
[327]
[328]
[329]
[330]
[331]
[332]
[333]
[334]
[335]
[336]
[337]
[338]
[339]
[340]
[341]
[342]
[343]
[344]
[345]
[346]
[347]
[348]
[349]
[350]
[351]
[352]
[353]
Underfull \hbox (badness 10000) in paragraph at lines 362--362
[]|[]\TU/lmss/bx/n/7 Src PYQCD-

Underfull \hbox (badness 10000) in paragraph at lines 362--362
[]|[]\TU/lmss/bx/n/7 Src PYQCD-

[354]) (./fragments/V11.tex
[355]
[356]
[357]
[358]
[359]
[360]
[361]
[362]
[363]
[364]
[365]
[366]
[367]
[368]
[369]
[370]
[371]
[372]
[373]
[374]
Underfull \hbox (badness 2376) in paragraph at lines 245--245
[]|[]\TU/lmss/bx/n/8 Def 11.04-dc2e342a9a[] \TU/lmss/m/n/8 Euclidean

[375]
[376]
[377]
[378]
[379]
[380]
[381]
[382]
[383]
[384]
Underfull \hbox (badness 10000) in paragraph at lines 362--362
[]|[]\TU/lmss/bx/n/7 Src DOC-

Underfull \hbox (badness 10000) in paragraph at lines 362--362
[]|[]\TU/lmss/bx/n/7 Src PYQCD-

Underfull \hbox (badness 10000) in paragraph at lines 362--362
[]|[]\TU/lmss/bx/n/7 Src PYQCD-

[385]
[386]) (./fragments/V12.tex
[387]
[388]
[389]
[390]
[391]
[392]
[393]
[394]
[395]
[396]
[397]
[398]
[399]
[400]
[401]
[402]
[403]
[404]
[405]
[406]
[407]
[408]
[409]
[410]
[411]
[412]
[413]
[414]
[415]
[416]
Underfull \hbox (badness 10000) in paragraph at lines 360--360
[]|[]\TU/lmss/bx/n/7 Src PYQCD-

Underfull \hbox (badness 10000) in paragraph at lines 360--360
[]|[]\TU/lmss/bx/n/7 Src PYQCD-

Underfull \hbox (badness 10000) in paragraph at lines 360--360
[]|[]\TU/lmss/bx/n/7 Src MYQCD-

[417]) (./fragments/V13.tex
[418]
[419]
[420]
[421]
[422]
[423]
[424]
[425]
[426]
[427]
[428]
[429]
[430]
[431]
[432]
[433]
[434]
[435]
[436]
[437]
[438]
[439]
[440]
[441]
[442]
Underfull \hbox (badness 10000) in paragraph at lines 305--305
[]|[]\TU/lmss/bx/n/8 Def 13.05-7c358fe92a[] \TU/lmss/m/n/8 small-bT

[443]
[444]
[445]
[446]
[447]
[448]
Underfull \hbox (badness 1158) in paragraph at lines 373--373
[]|\TU/lmss/m/n/7 An Introduction to Quantum Field

[449]
[450]) (./fragments/V14.tex
[451]
[452]
[453]
[454]
[455]
[456]
[457]
[458]
[459]
[460]
[461]
[462]
[463]
[464]
[465]
[466]
[467]
[468]
[469]
[470]
Underfull \hbox (badness 4217) in paragraph at lines 247--247
[]|[]\TU/lmss/bx/n/8 Def 14.04-89e778acf7[] \TU/lmss/m/n/8 Ioffe-time

[471]
[472]
[473]
[474]
[475]
Underfull \hbox (badness 10000) in paragraph at lines 305--305
[]|[]\TU/lmss/bx/n/8 Def 14.05-c88ee0eb9d[] \TU/lmss/m/n/8 Collins–

[476]
[477]
[478]
[479]
[480]
[481]
[482]
[483]) (./fragments/V15.tex
[484]
[485]
[486]
[487]
[488]
[489]
[490]
[491]
[492]
[493]
Underfull \hbox (badness 4084) in paragraph at lines 130--130
[]|[]\TU/lmss/bx/n/8 Def 15.02-6f944159bc[] \TU/lmss/m/n/8 [-,-] link

[494]
[495]
[496]
[497]
[498]
[499]
[500]
[501]
[502]
[503]
Underfull \hbox (badness 10000) in paragraph at lines 246--246
[]|[]\TU/lmss/bx/n/8 Def 15.04-19e6ec18c2[] \TU/STXihei(0)/m/n/8 螺 旋 度

Underfull \hbox (badness 10000) in paragraph at lines 246--246
[]|[]\TU/lmss/bx/n/8 Def 15.04-4a8e7eacb8[] \TU/STXihei(0)/m/n/8 线 偏 振

[504]
[505]
[506]
[507]
[508]
[509]
[510]
[511]
[512]
[513]
Underfull \hbox (badness 10000) in paragraph at lines 364--364
[]|[]\TU/lmss/bx/n/7 Src PYQCD-TMD-

[514]
Underfull \hbox (badness 10000) in paragraph at lines 374--374
[]|[]\TU/lmss/bx/n/7 Src DOC-FIELD-

Underfull \hbox (badness 10000) in paragraph at lines 374--374
[]|[]\TU/lmss/bx/n/7 Src DOC-GLUON-

[515]) (./fragments/V16.tex
[516]
[517]
[518]
[519]
[520]
[521]
[522]
[523]
[524]
[525]
[526]
[527]
[528]
[529]
[530]
[531]
[532]
[533]
[534]
[535]
[536]
[537]
[538]
[539]
[540]
[541]
[542]
[543]
[544]
[545]
[546]
[547]
[548]) (./fragments/V17.tex
[549]
[550]
[551]
[552]
[553]
[554]
[555]
[556]
[557]
[558]
[559]
[560]
[561]
[562]
[563]
[564]
[565]
[566]
[567]
[568]
[569]
[570]
[571]
[572]
[573]
[574]
[575]
[576]
[577]
[578]
Underfull \hbox (badness 10000) in paragraph at lines 364--364
[]|[]\TU/lmss/bx/n/7 Src PYQCD-

[579]
Underfull \hbox (badness 10000) in paragraph at lines 374--374
[]|[]\TU/lmss/bx/n/7 Src PYQCD-TMD-

Underfull \hbox (badness 10000) in paragraph at lines 374--374
[]|[]\TU/lmss/bx/n/7 Src PYQCD-

[580]
[581]) (./fragments/V18.tex
[582]
[583]
[584]
[585]
[586]
[587]
[588]
[589]
[590]
[591]
Underfull \hbox (badness 1259) in paragraph at lines 130--130
[]|[]\TU/lmss/bx/n/8 Def 18.02-153db619b7[] \TU/lmss/m/n/8 quasi-soft

[592]
[593]
[594]
[595]
[596]
[597]
[598]
[599]
[600]
[601]
[602]
[603]
[604]
[605]
[606]
[607]
[608]
[609]
[610]
[611]
[612]
Underfull \hbox (badness 10000) in paragraph at lines 372--372
[]|[]\TU/lmss/bx/n/7 Src PYQCD-TMD-

[613]
[614]) (./fragments/V19.tex
[615]
[616]
[617]
[618]
[619]
[620]
[621]
[622]
[623]
[624]
[625]
[626]
[627]
[628]
[629]
[630]
[631]
[632]
[633]
[634]
[635]
[636]
[637]
[638]
[639]
[640]
[641]
[642]
[643]
[644]
Underfull \hbox (badness 10000) in paragraph at lines 367--367
[]|[]\TU/lmss/bx/n/7 Src PYQCD-TMD-

[645]
Underfull \hbox (badness 10000) in paragraph at lines 377--377
[]|[]\TU/lmss/bx/n/7 Src DOC-

[646]
Underfull \hbox (badness 10000) in paragraph at lines 385--385
[]|[]\TU/lmss/bx/n/7 Src PYQCD-

[647]) (./fragments/V20.tex
[648]
[649]
[650]
[651]
[652]
[653]
[654]
[655]
[656]
[657]
[658]
[659]
[660]
[661]
[662]
[663]
[664]
[665]
[666]
[667]
[668]
[669]
[670]
[671]
[672]
[673]
[674]
[675]
[676]
[677]
Underfull \hbox (badness 10000) in paragraph at lines 361--361
[]|[]\TU/lmss/bx/n/7 Src PYQCD-

[678]
Underfull \hbox (badness 10000) in paragraph at lines 371--371
[]|[]\TU/lmss/bx/n/7 Src PYQCD-TMD-

Underfull \hbox (badness 10000) in paragraph at lines 371--371
[]|[]\TU/lmss/bx/n/7 Src PYQCD-

[679]
Underfull \hbox (badness 10000) in paragraph at lines 377--377
[]|[]\TU/lmss/bx/n/7 Src MYQCD-

[680]) (./fragments/V21.tex
[681]
[682]
[683]
[684]
[685]
[686]
[687]
[688]
[689]
[690]
[691]
[692]
[693]
[694]
[695]
[696]
[697]
[698]
[699]
[700]
[701]
[702]
[703]
[704]
[705]
[706]
[707]
[708]
[709]
[710]
Underfull \hbox (badness 10000) in paragraph at lines 360--360
[]|[]\TU/lmss/bx/n/7 Src PYQCD-

[711]) (./fragments/V22.tex
[712]
[713]
[714]
[715]
[716]
[717]
[718]
[719]
[720]
[721]
[722]
[723]
[724]
[725]
[726]
[727]
[728]
[729]
[730]
[731]
[732]
[733]
[734]
[735]
[736]
[737]
[738]
[739]
[740]
[741]
Underfull \hbox (badness 1158) in paragraph at lines 360--360
[]|\TU/lmss/m/n/7 An Introduction to Quantum Field

Underfull \hbox (badness 10000) in paragraph at lines 360--360
[]|[]\TU/lmss/bx/n/7 Src MYQCD-

[742]) (./fragments/V23.tex
[743]
[744]
[745]
[746]
[747]
Underfull \hbox (badness 1681) in paragraph at lines 71--71
[]|[]\TU/lmss/bx/n/8 Def 23.01-286ecdb958[] \TU/STXihei(0)/m/n/8 电 弱 超 荷

[748]
[749]
[750]
[751]
[752]
Underfull \hbox (badness 2671) in paragraph at lines 129--129
[]|[]\TU/lmss/bx/n/8 Def 23.02-0fb80e2e21[] \TU/STXihei(0)/m/n/8 强 子 超 荷

[753]
[754]
[755]
[756]
[757]
[758]
[759]
[760]
[761]
[762]
[763]
[764]
[765]
[766]
[767]
[768]
[769]
[770]
[771]
[772]
Underfull \hbox (badness 1158) in paragraph at lines 361--361
[]|\TU/lmss/m/n/7 An Introduction to Quantum Field

Underfull \hbox (badness 10000) in paragraph at lines 361--361
[]|[]\TU/lmss/bx/n/7 Src PYQCD-

[773]
[774]) (./fragments/V24.tex
[775]
[776]
[777]
[778]
[779]
[780]
[781]
[782]
[783]
[784]
[785]
[786]
[787]
[788]
[789]
[790]
[791]
[792]
[793]
[794]
[795]
[796]
[797]
[798]
[799]
[800]
[801]
[802]
[803]
[804]
Underfull \hbox (badness 1158) in paragraph at lines 364--364
[]|\TU/lmss/m/n/7 An Introduction to Quantum Field

[805]) (./fragments/V25.tex
[806]
[807]
[808]
[809]
[810]
[811]
[812]
[813]
[814]
[815]
Underfull \hbox (badness 5878) in paragraph at lines 131--131
[]|[]\TU/lmss/bx/n/8 Def 25.02-69eba53f1e[] \TU/lmss/m/n/8 Faddeev–

[816]
[817]
[818]
[819]
[820]
[821]
[822]
[823]
[824]
[825]
Underfull \hbox (badness 10000) in paragraph at lines 252--252
[]|[]\TU/lmss/bx/n/8 Def 25.04-79454c87bf[] \TU/lmss/m/n/8 Slavnov–

[826]
[827]
[828]
[829]
[830]
[831]
[832]
[833]
[834]
[835]
Underfull \hbox (badness 1158) in paragraph at lines 369--369
[]|\TU/lmss/m/n/7 An Introduction to Quantum Field

[836]) (./fragments/V26.tex
[837]
[838]
[839]
[840]
[841]
[842]
[843]
[844]
[845]
[846]
Underfull \hbox (badness 10000) in paragraph at lines 128--128
[]|[]\TU/lmss/bx/n/8 Def 26.02-26b2784a2c[] \TU/lmss/m/n/8 unitary

[847]
[848]
[849]
[850]
[851]
[852]
[853]
[854]
[855]
[856]
[857]
[858]
[859]
[860]
[861]
Underfull \hbox (badness 4595) in paragraph at lines 307--307
[]|[]\TU/lmss/bx/n/8 Def 26.05-00dd0416c5[] \TU/lmss/m/n/8 Polyakov

[862]
[863]
[864]
[865]
[866]
Underfull \hbox (badness 1158) in paragraph at lines 366--366
[]|\TU/lmss/m/n/7 An Introduction to Quantum Field

[867]
Underfull \hbox (badness 10000) in paragraph at lines 373--373
[]|[]\TU/lmss/bx/n/7 Src BOOK-QCD-

[868]) (./fragments/V27.tex
[869]
[870]
[871]
[872]
[873]
[874]
[875]
[876]
[877]
[878]
[879]
[880]
[881]
[882]
[883]
[884]
[885]
[886]
[887]
[888]
[889]
[890]
[891]
[892]
[893]
[894]
[895]
[896]
[897]
[898]
Underfull \hbox (badness 10000) in paragraph at lines 367--367
[]|[]\TU/lmss/bx/n/7 Src PYQCD-

Underfull \hbox (badness 10000) in paragraph at lines 367--367
[]|[]\TU/lmss/bx/n/7 Src PYQCD-

Underfull \hbox (badness 10000) in paragraph at lines 367--367
[]|[]\TU/lmss/bx/n/7 Src PYQCD-

[899]
Underfull \hbox (badness 10000) in paragraph at lines 375--375
[]|[]\TU/lmss/bx/n/7 Src PYQCD-

Underfull \hbox (badness 10000) in paragraph at lines 375--375
[]|[]\TU/lmss/bx/n/7 Src PYQCD-

[900]) (./fragments/V28.tex
[901]
[902]
[903]
[904]
[905]
[906]
[907]
[908]
[909]
[910]
[911]
[912]
[913]
[914]
[915]
[916]
[917]
[918]
[919]
[920]
Underfull \hbox (badness 10000) in paragraph at lines 248--248
[]|[]\TU/lmss/bx/n/8 Def 28.04-d017a8a347[] \TU/lmss/m/n/8 moving

[921]
[922]
[923]
[924]
[925]
Underfull \hbox (badness 7631) in paragraph at lines 307--307
[]|[]\TU/lmss/bx/n/8 Def 28.05-c83423fdd7[] \TU/lmss/m/n/8 Riemann

[926]
[927]
[928]
[929]
[930]
Underfull \hbox (badness 1158) in paragraph at lines 366--366
[]|\TU/lmss/m/n/7 An Introduction to Quantum Field

Underfull \hbox (badness 10000) in paragraph at lines 366--366
[]|[]\TU/lmss/bx/n/7 Src PYQCD-

Underfull \hbox (badness 10000) in paragraph at lines 366--366
[]|[]\TU/lmss/bx/n/7 Src PYQCD-

[931]
Underfull \hbox (badness 10000) in paragraph at lines 373--373
[]|[]\TU/lmss/bx/n/7 Src BOOK-QCD-

[932]) (./fragments/V29.tex
[933]
[934]
[935]
[936]
[937]
[938]
[939]
[940]
[941]
[942]
[943]
[944]
[945]
[946]
[947]
Underfull \hbox (badness 10000) in paragraph at lines 188--188
[]|[]\TU/lmss/bx/n/8 Def 29.03-c1673cb7b3[] \TU/lmss/m/n/8 reduced

[948]
[949]
[950]
[951]
[952]
[953]
[954]
[955]
[956]
[957]
[958]
[959]
[960]
[961]
[962]
Underfull \hbox (badness 10000) in paragraph at lines 364--364
[]|[]\TU/lmss/bx/n/7 Src DOC-

Underfull \hbox (badness 10000) in paragraph at lines 364--364
[]|[]\TU/lmss/bx/n/7 Src PYQCD-

Underfull \hbox (badness 10000) in paragraph at lines 364--364
[]|[]\TU/lmss/bx/n/7 Src PYQCD-

[963]
Underfull \hbox (badness 1158) in paragraph at lines 370--370
[]|\TU/lmss/m/n/7 An Introduction to Quantum Field

[964]) (./fragments/V30.tex
[965]
[966]
[967]
[968]
[969]
Underfull \hbox (badness 1158) in paragraph at lines 71--71
[]|[]\TU/lmss/bx/n/8 Def 30.01-5e8cf8e961[] \TU/lmss/m/n/8 Matsubara

[970]
[971]
[972]
[973]
[974]
Underfull \hbox (badness 10000) in paragraph at lines 130--130
[]|[]\TU/lmss/bx/n/8 Def 30.02-4e7ca4fce5[] \TU/lmss/m/n/8 Polyakov

[975]
[976]
[977]
[978]
[979]
[980]
[981]
[982]
[983]
[984]
Underfull \hbox (badness 10000) in paragraph at lines 248--248
[]|[]\TU/lmss/bx/n/8 Def 30.04-8387eb6af6[] \TU/lmss/m/n/8 trace

[985]
[986]
[987]
[988]
[989]
[990]
[991]
[992]
[993]
[994]
Underfull \hbox (badness 1158) in paragraph at lines 366--366
[]|\TU/lmss/m/n/7 An Introduction to Quantum Field

Underfull \hbox (badness 10000) in paragraph at lines 366--366
[]|[]\TU/lmss/bx/n/7 Src PYQCD-

Underfull \hbox (badness 10000) in paragraph at lines 366--366
[]|[]\TU/lmss/bx/n/7 Src PYQCD-

[995]
Underfull \hbox (badness 10000) in paragraph at lines 372--372
[]|[]\TU/lmss/bx/n/7 Src BOOK-

[996]) (./fragments/V31.tex
[997]
[998]
[999]
[1000]
[1001]
[1002]
[1003]
[1004]
[1005]
[1006]
[1007]
[1008]
[1009]
[1010]
[1011]
Underfull \hbox (badness 2894) in paragraph at lines 190--190
[]|[]\TU/lmss/bx/n/8 Def 31.03-0d541e3d5f[] \TU/lmss/m/n/8 Ginsparg–

[1012]
[1013]
[1014]
[1015]
[1016]
Underfull \hbox (badness 10000) in paragraph at lines 249--249
[]|[]\TU/lmss/bx/n/8 Def 31.04-aba9b6662e[] \TU/lmss/m/n/8 twisted

[1017]
[1018]
[1019]
[1020]
[1021]
Underfull \hbox (badness 10000) in paragraph at lines 308--308
[]|[]\TU/lmss/bx/n/8 Def 31.05-e79d5f1841[] \TU/lmss/m/n/8 partial

[1022]
[1023]
[1024]
[1025]
[1026]
Underfull \hbox (badness 10000) in paragraph at lines 367--367
[]|[]\TU/lmss/bx/n/7 Src PYQCD-

Underfull \hbox (badness 1158) in paragraph at lines 367--367
[]|\TU/lmss/m/n/7 An Introduction to Quantum Field

[1027]) (./fragments/V32.tex
[1028]
[1029]
[1030]
[1031]
[1032]
Underfull \hbox (badness 3343) in paragraph at lines 73--73
[]|[]\TU/lmss/bx/n/8 Def 32.01-8d88e16b2d[] \TU/lmss/m/n/8 tree-level

Underfull \hbox (badness 3260) in paragraph at lines 73--73
[]|[]\TU/lmss/bx/n/8 Def 32.01-ddab0298a8[] \TU/lmss/m/n/8 rectangle

[1033]
[1034]
[1035]
[1036]
[1037]
Underfull \hbox (badness 10000) in paragraph at lines 132--132
[]|[]\TU/lmss/bx/n/8 Def 32.02-96a2955f18[] \TU/lmss/m/n/8 bare

Underfull \hbox (badness 7777) in paragraph at lines 132--132
[]|[]\TU/lmss/bx/n/8 Def 32.02-9f14c2b727[] \TU/lmss/m/n/8 speed-of-

[1038]
[1039]
[1040]
[1041]
[1042]
Underfull \hbox (badness 7081) in paragraph at lines 191--191
[]|[]\TU/lmss/bx/n/8 Def 32.03-2375b114be[] \TU/lmss/m/n/8 effective

[1043]
[1044]
[1045]
[1046]
[1047]
Underfull \hbox (badness 2837) in paragraph at lines 250--250
[]|[]\TU/lmss/bx/n/8 Def 32.04-a887664555[] \TU/lmss/m/n/8 boundary

[1048]
[1049]
[1050]
[1051]
[1052]
Underfull \hbox (badness 5050) in paragraph at lines 309--309
[]|[]\TU/lmss/bx/n/8 Def 32.05-0bbcbda519[] \TU/lmss/m/n/8 gradient-

Underfull \hbox (badness 10000) in paragraph at lines 309--309
[]|[]\TU/lmss/bx/n/8 Def 32.05-67ebebc9c6[] \TU/lmss/m/n/8 mass-

[1053]
[1054]
[1055]
[1056]
[1057]
Underfull \hbox (badness 10000) in paragraph at lines 368--368
[]|[]\TU/lmss/bx/n/7 Src PYQCD-

Underfull \hbox (badness 10000) in paragraph at lines 368--368
[]|[]\TU/lmss/bx/n/7 Src PYQCD-

[1058]
Underfull \hbox (badness 10000) in paragraph at lines 378--378
[]|[]\TU/lmss/bx/n/7 Src PYQCD-

Underfull \hbox (badness 10000) in paragraph at lines 378--378
[]|[]\TU/lmss/bx/n/7 Src DOC-

[1059]) (./fragments/V33.tex
[1060]
[1061]
[1062]
[1063]
[1064]
[1065]
[1066]
[1067]
[1068]
[1069]
[1070]
[1071]
[1072]
[1073]
[1074]
Underfull \hbox (badness 5105) in paragraph at lines 189--189
[]|[]\TU/lmss/bx/n/8 Def 33.03-62495e7eb7[] \TU/lmss/m/n/8 projector

[1075]
[1076]
[1077]
[1078]
[1079]
Underfull \hbox (badness 1248) in paragraph at lines 248--248
[]|[]\TU/lmss/bx/n/8 Def 33.04-f98e334cc4[] \TU/lmss/m/n/8 continuum

[1080]
[1081]
[1082]
[1083]
[1084]
[1085]
[1086]
[1087]
[1088]
[1089]
Underfull \hbox (badness 1158) in paragraph at lines 366--366
[]|\TU/lmss/m/n/7 An Introduction to Quantum Field

[1090]
Underfull \hbox (badness 10000) in paragraph at lines 376--376
[]|[]\TU/lmss/bx/n/7 Src PYQCD-

[1091]
[1092]) (./fragments/V34.tex
[1093]
[1094]
[1095]
[1096]
[1097]
[1098]
[1099]
[1100]
[1101]
[1102]
Underfull \hbox (badness 10000) in paragraph at lines 132--132
[]|[]\TU/lmss/bx/n/8 Def 34.02-a2095b2cd2[] \TU/lmss/m/n/8 auxiliary

Underfull \hbox (badness 4846) in paragraph at lines 132--132
[]|[]\TU/lmss/bx/n/8 Def 34.02-5bb129c110[] \TU/lmss/m/n/8 endpoint

[1103]
[1104]
[1105]
[1106]
[1107]
Underfull \hbox (badness 10000) in paragraph at lines 191--191
[]|[]\TU/lmss/bx/n/8 Def 34.03-32644db312[] \TU/lmss/m/n/8 ratio

Underfull \hbox (badness 10000) in paragraph at lines 191--191
[]|[]\TU/lmss/bx/n/8 Def 34.03-f215525ae5[] \TU/lmss/m/n/8 self-

[1108]
[1109]
[1110]
[1111]
[1112]
Underfull \hbox (badness 3977) in paragraph at lines 250--250
[]|[]\TU/lmss/bx/n/8 Def 34.04-193830f581[] \TU/lmss/m/n/8 switching

Underfull \hbox (badness 1460) in paragraph at lines 250--250
[]|[]\TU/lmss/bx/n/8 Def 34.04-d55a5c5a27[] \TU/lmss/m/n/8 continuity

[1113]
[1114]
[1115]
[1116]
[1117]
Underfull \hbox (badness 10000) in paragraph at lines 309--309
[]|[]\TU/lmss/bx/n/8 Def 34.05-9520262806[] \TU/lmss/m/n/8 Collins–

[1118]
[1119]
[1120]
[1121]
[1122]
Underfull \hbox (badness 10000) in paragraph at lines 368--368
[]|[]\TU/lmss/bx/n/7 Src PYQCD-TMD-

[1123]
Underfull \hbox (badness 1158) in paragraph at lines 378--378
[]|\TU/lmss/m/n/7 An Introduction to Quantum Field

[1124]
[1125]
[1126]) (./fragments/V35.tex
[1127]
[1128]
[1129]
[1130]
[1131]
Underfull \hbox (badness 4416) in paragraph at lines 75--75
[]|[]\TU/lmss/bx/n/8 Def 35.01-41773dd5c2[] \TU/lmss/m/n/8 evidence-

Underfull \hbox (badness 10000) in paragraph at lines 75--75
[]|[]\TU/lmss/bx/n/8 Def 35.01-8f933d7984[] \TU/lmss/m/n/8 stopping

[1132]
[1133]
[1134]
[1135]
[1136]
Underfull \hbox (badness 6526) in paragraph at lines 134--134
[]|[]\TU/lmss/bx/n/8 Def 35.02-13477d0039[] \TU/lmss/m/n/8 nonlocal

[1137]
[1138]
[1139]
[1140]
[1141]
Underfull \hbox (badness 1742) in paragraph at lines 193--193
[]|[]\TU/lmss/bx/n/8 Def 35.03-4757a69c85[] \TU/lmss/m/n/8 resolution

Underfull \hbox (badness 4120) in paragraph at lines 193--193
[]|[]\TU/lmss/bx/n/8 Def 35.03-5c0ed5f5f8[] \TU/lmss/m/n/8 regulariza-

[1142]
[1143]
[1144]
[1145]
[1146]
Underfull \hbox (badness 10000) in paragraph at lines 252--252
[]|[]\TU/lmss/bx/n/8 Def 35.04-098cc46aa9[] \TU/lmss/m/n/8 idempo-

[1147]
[1148]
[1149]
[1150]
[1151]
Underfull \hbox (badness 7238) in paragraph at lines 311--311
[]|[]\TU/lmss/bx/n/8 Def 35.05-32fcb63a30[] \TU/lmss/m/n/8 state 1:

[1152]
[1153]
[1154]
[1155]
[1156]
Underfull \hbox (badness 10000) in paragraph at lines 370--370
[]|[]\TU/lmss/bx/n/7 Src PYQCD-TMD-

Underfull \hbox (badness 10000) in paragraph at lines 370--370
[]|[]\TU/lmss/bx/n/7 Src PYQCD-

Underfull \hbox (badness 10000) in paragraph at lines 370--370
[]|[]\TU/lmss/bx/n/7 Src PYQCD-

[1157]
Underfull \hbox (badness 10000) in paragraph at lines 380--380
[]|[]\TU/lmss/bx/n/7 Src DOC-

Underfull \hbox (badness 10000) in paragraph at lines 380--380
[]|[]\TU/lmss/bx/n/7 Src BOOK-

[1158]
Underfull \hbox (badness 10000) in paragraph at lines 389--389
[]|[]\TU/lmss/bx/n/7 Src PYQCD-

Underfull \hbox (badness 10000) in paragraph at lines 389--389
[]|[]\TU/lmss/bx/n/7 Src PYQCD-TMD-

Underfull \hbox (badness 10000) in paragraph at lines 389--389
[]|[]\TU/lmss/bx/n/7 Src PYQCD-TMD-

[1159])
(/Users/zhangxin/MyQCD/docs/lattice_qcd_gluon_tmd_course/build/core_complete/co
re_complete.aux) )
(see the transcript file for additional information)
Output written on /Users/zhangxin/MyQCD/docs/lattice_qcd_gluon_tmd_course/build
/core_complete/core_complete.pdf (1159 pages).
Transcript written on /Users/zhangxin/MyQCD/docs/lattice_qcd_gluon_tmd_course/b
uild/core_complete/core_complete.log.


This is XeTeX, Version 3.141592653-2.6-0.999997 (TeX Live 2025) (preloaded format=xelatex)
 restricted \write18 enabled.
entering extended mode
(./core_complete.tex
LaTeX2e <2024-11-01> patch level 2
L3 programming layer <2025-01-18>
(/usr/local/texlive/2025/texmf-dist/tex/latex/ctex/ctexbeamer.cls
(/usr/local/texlive/2025/texmf-dist/tex/latex/ctex/config/ctexbackend.cfg)
(/usr/local/texlive/2025/texmf-dist/tex/latex/l3kernel/expl3.sty
(/usr/local/texlive/2025/texmf-dist/tex/latex/l3backend/l3backend-xetex.def))
Document Class: ctexbeamer 2022/07/14 v2.5.10 Chinese adapter for class beamer 
(CTEX)
(/usr/local/texlive/2025/texmf-dist/tex/latex/ctex/ctexhook.sty)
(/usr/local/texlive/2025/texmf-dist/tex/latex/ctex/ctexpatch.sty)
(/usr/local/texlive/2025/texmf-dist/tex/latex/base/fix-cm.sty
(/usr/local/texlive/2025/texmf-dist/tex/latex/base/ts1enc.def))
(/usr/local/texlive/2025/texmf-dist/tex/latex/ctex/config/ctexopts.cfg)
(/usr/local/texlive/2025/texmf-dist/tex/latex/beamer/beamer.cls
Document Class: beamer 2025/02/04 v3.72 A class for typesetting presentations
(/usr/local/texlive/2025/texmf-dist/tex/latex/beamer/beamerbasemodes.sty
(/usr/local/texlive/2025/texmf-dist/tex/latex/etoolbox/etoolbox.sty)
(/usr/local/texlive/2025/texmf-dist/tex/latex/beamer/beamerbasedecode.sty))
(/usr/local/texlive/2025/texmf-dist/tex/generic/iftex/iftex.sty)
(/usr/local/texlive/2025/texmf-dist/tex/latex/beamer/beamerbaseoptions.sty
(/usr/local/texlive/2025/texmf-dist/tex/latex/graphics/keyval.sty))
(/usr/local/texlive/2025/texmf-dist/tex/latex/geometry/geometry.sty
(/usr/local/texlive/2025/texmf-dist/tex/generic/iftex/ifvtex.sty))
(/usr/local/texlive/2025/texmf-dist/tex/latex/pgf/math/pgfmath.sty
(/usr/local/texlive/2025/texmf-dist/tex/latex/pgf/utilities/pgfrcs.sty
(/usr/local/texlive/2025/texmf-dist/tex/generic/pgf/utilities/pgfutil-common.te
x)
(/usr/local/texlive/2025/texmf-dist/tex/generic/pgf/utilities/pgfutil-latex.def
) (/usr/local/texlive/2025/texmf-dist/tex/generic/pgf/utilities/pgfrcs.code.tex
(/usr/local/texlive/2025/texmf-dist/tex/generic/pgf/pgf.revision.tex)))
(/usr/local/texlive/2025/texmf-dist/tex/latex/pgf/utilities/pgfkeys.sty
(/usr/local/texlive/2025/texmf-dist/tex/generic/pgf/utilities/pgfkeys.code.tex
(/usr/local/texlive/2025/texmf-dist/tex/generic/pgf/utilities/pgfkeyslibraryfil
tered.code.tex)))
(/usr/local/texlive/2025/texmf-dist/tex/generic/pgf/math/pgfmath.code.tex
(/usr/local/texlive/2025/texmf-dist/tex/generic/pgf/math/pgfmathutil.code.tex)
(/usr/local/texlive/2025/texmf-dist/tex/generic/pgf/math/pgfmathparser.code.tex
)
(/usr/local/texlive/2025/texmf-dist/tex/generic/pgf/math/pgfmathfunctions.code.
tex)
(/usr/local/texlive/2025/texmf-dist/tex/generic/pgf/math/pgfmathfunctions.basic
.code.tex)
(/usr/local/texlive/2025/texmf-dist/tex/generic/pgf/math/pgfmathfunctions.trigo
nometric.code.tex)
(/usr/local/texlive/2025/texmf-dist/tex/generic/pgf/math/pgfmathfunctions.rando
m.code.tex)
(/usr/local/texlive/2025/texmf-dist/tex/generic/pgf/math/pgfmathfunctions.compa
rison.code.tex)
(/usr/local/texlive/2025/texmf-dist/tex/generic/pgf/math/pgfmathfunctions.base.
code.tex)
(/usr/local/texlive/2025/texmf-dist/tex/generic/pgf/math/pgfmathfunctions.round
.code.tex)
(/usr/local/texlive/2025/texmf-dist/tex/generic/pgf/math/pgfmathfunctions.misc.
code.tex)
(/usr/local/texlive/2025/texmf-dist/tex/generic/pgf/math/pgfmathfunctions.integ
erarithmetics.code.tex)
(/usr/local/texlive/2025/texmf-dist/tex/generic/pgf/math/pgfmathcalc.code.tex)
(/usr/local/texlive/2025/texmf-dist/tex/generic/pgf/math/pgfmathfloat.code.tex)
)) (/usr/local/texlive/2025/texmf-dist/tex/latex/base/size10.clo)
(/usr/local/texlive/2025/texmf-dist/tex/latex/pgf/basiclayer/pgfcore.sty
(/usr/local/texlive/2025/texmf-dist/tex/latex/graphics/graphicx.sty
(/usr/local/texlive/2025/texmf-dist/tex/latex/graphics/graphics.sty
(/usr/local/texlive/2025/texmf-dist/tex/latex/graphics/trig.sty)
(/usr/local/texlive/2025/texmf-dist/tex/latex/graphics-cfg/graphics.cfg)
(/usr/local/texlive/2025/texmf-dist/tex/latex/graphics-def/xetex.def)))
(/usr/local/texlive/2025/texmf-dist/tex/latex/pgf/systemlayer/pgfsys.sty
(/usr/local/texlive/2025/texmf-dist/tex/generic/pgf/systemlayer/pgfsys.code.tex
(/usr/local/texlive/2025/texmf-dist/tex/generic/pgf/systemlayer/pgf.cfg)
(/usr/local/texlive/2025/texmf-dist/tex/generic/pgf/systemlayer/pgfsys-xetex.de
f
(/usr/local/texlive/2025/texmf-dist/tex/generic/pgf/systemlayer/pgfsys-dvipdfmx
.def
(/usr/local/texlive/2025/texmf-dist/tex/generic/pgf/systemlayer/pgfsys-common-p
df.def))))
(/usr/local/texlive/2025/texmf-dist/tex/generic/pgf/systemlayer/pgfsyssoftpath.
code.tex)
(/usr/local/texlive/2025/texmf-dist/tex/generic/pgf/systemlayer/pgfsysprotocol.
code.tex)) (/usr/local/texlive/2025/texmf-dist/tex/latex/xcolor/xcolor.sty
(/usr/local/texlive/2025/texmf-dist/tex/latex/graphics-cfg/color.cfg)
(/usr/local/texlive/2025/texmf-dist/tex/latex/graphics/mathcolor.ltx))
(/usr/local/texlive/2025/texmf-dist/tex/generic/pgf/basiclayer/pgfcore.code.tex
(/usr/local/texlive/2025/texmf-dist/tex/generic/pgf/math/pgfint.code.tex)
(/usr/local/texlive/2025/texmf-dist/tex/generic/pgf/basiclayer/pgfcorepoints.co
de.tex)
(/usr/local/texlive/2025/texmf-dist/tex/generic/pgf/basiclayer/pgfcorepathconst
ruct.code.tex)
(/usr/local/texlive/2025/texmf-dist/tex/generic/pgf/basiclayer/pgfcorepathusage
.code.tex)
(/usr/local/texlive/2025/texmf-dist/tex/generic/pgf/basiclayer/pgfcorescopes.co
de.tex)
(/usr/local/texlive/2025/texmf-dist/tex/generic/pgf/basiclayer/pgfcoregraphicst
ate.code.tex)
(/usr/local/texlive/2025/texmf-dist/tex/generic/pgf/basiclayer/pgfcoretransform
ations.code.tex)
(/usr/local/texlive/2025/texmf-dist/tex/generic/pgf/basiclayer/pgfcorequick.cod
e.tex)
(/usr/local/texlive/2025/texmf-dist/tex/generic/pgf/basiclayer/pgfcoreobjects.c
ode.tex)
(/usr/local/texlive/2025/texmf-dist/tex/generic/pgf/basiclayer/pgfcorepathproce
ssing.code.tex)
(/usr/local/texlive/2025/texmf-dist/tex/generic/pgf/basiclayer/pgfcorearrows.co
de.tex)
(/usr/local/texlive/2025/texmf-dist/tex/generic/pgf/basiclayer/pgfcoreshade.cod
e.tex)
(/usr/local/texlive/2025/texmf-dist/tex/generic/pgf/basiclayer/pgfcoreimage.cod
e.tex)
(/usr/local/texlive/2025/texmf-dist/tex/generic/pgf/basiclayer/pgfcoreexternal.
code.tex)
(/usr/local/texlive/2025/texmf-dist/tex/generic/pgf/basiclayer/pgfcorelayers.co
de.tex)
(/usr/local/texlive/2025/texmf-dist/tex/generic/pgf/basiclayer/pgfcoretranspare
ncy.code.tex)
(/usr/local/texlive/2025/texmf-dist/tex/generic/pgf/basiclayer/pgfcorepatterns.
code.tex)
(/usr/local/texlive/2025/texmf-dist/tex/generic/pgf/basiclayer/pgfcorerdf.code.
tex))) (/usr/local/texlive/2025/texmf-dist/tex/latex/pgf/utilities/xxcolor.sty)
 (/usr/local/texlive/2025/texmf-dist/tex/latex/base/atbegshi-ltx.sty)
(/usr/local/texlive/2025/texmf-dist/tex/latex/hyperref/hyperref.sty
(/usr/local/texlive/2025/texmf-dist/tex/latex/kvsetkeys/kvsetkeys.sty)
(/usr/local/texlive/2025/texmf-dist/tex/generic/kvdefinekeys/kvdefinekeys.sty)
(/usr/local/texlive/2025/texmf-dist/tex/generic/pdfescape/pdfescape.sty
(/usr/local/texlive/2025/texmf-dist/tex/generic/ltxcmds/ltxcmds.sty)
(/usr/local/texlive/2025/texmf-dist/tex/generic/pdftexcmds/pdftexcmds.sty
(/usr/local/texlive/2025/texmf-dist/tex/generic/infwarerr/infwarerr.sty)))
(/usr/local/texlive/2025/texmf-dist/tex/latex/hycolor/hycolor.sty)
(/usr/local/texlive/2025/texmf-dist/tex/latex/hyperref/nameref.sty
(/usr/local/texlive/2025/texmf-dist/tex/latex/refcount/refcount.sty)
(/usr/local/texlive/2025/texmf-dist/tex/generic/gettitlestring/gettitlestring.s
ty (/usr/local/texlive/2025/texmf-dist/tex/latex/kvoptions/kvoptions.sty)))
(/usr/local/texlive/2025/texmf-dist/tex/generic/stringenc/stringenc.sty)
(/usr/local/texlive/2025/texmf-dist/tex/latex/hyperref/pd1enc.def)
(/usr/local/texlive/2025/texmf-dist/tex/generic/intcalc/intcalc.sty)
(/usr/local/texlive/2025/texmf-dist/tex/latex/hyperref/puenc.def)
(/usr/local/texlive/2025/texmf-dist/tex/latex/url/url.sty)
(/usr/local/texlive/2025/texmf-dist/tex/generic/bitset/bitset.sty
(/usr/local/texlive/2025/texmf-dist/tex/generic/bigintcalc/bigintcalc.sty))

Package hyperref Message: Stopped early.

) (/usr/local/texlive/2025/texmf-dist/tex/latex/hyperref/hxetex.def
(/usr/local/texlive/2025/texmf-dist/tex/latex/rerunfilecheck/rerunfilecheck.sty
(/usr/local/texlive/2025/texmf-dist/tex/latex/base/atveryend-ltx.sty)
(/usr/local/texlive/2025/texmf-dist/tex/generic/uniquecounter/uniquecounter.sty
))) (/usr/local/texlive/2025/texmf-dist/tex/latex/beamer/beamerbaserequires.sty

(/usr/local/texlive/2025/texmf-dist/tex/latex/beamer/beamerbasecompatibility.st
y) (/usr/local/texlive/2025/texmf-dist/tex/latex/beamer/beamerbasefont.sty
(/usr/local/texlive/2025/texmf-dist/tex/latex/amsfonts/amssymb.sty
(/usr/local/texlive/2025/texmf-dist/tex/latex/amsfonts/amsfonts.sty))
(/usr/local/texlive/2025/texmf-dist/tex/latex/sansmathaccent/sansmathaccent.sty
(/usr/local/texlive/2025/texmf-dist/tex/latex/koma-script/scrlfile.sty
(/usr/local/texlive/2025/texmf-dist/tex/latex/koma-script/scrlfile-hook.sty
(/usr/local/texlive/2025/texmf-dist/tex/latex/koma-script/scrlogo.sty)))))
(/usr/local/texlive/2025/texmf-dist/tex/latex/beamer/beamerbasetranslator.sty
(/usr/local/texlive/2025/texmf-dist/tex/latex/translator/translator.sty))
(/usr/local/texlive/2025/texmf-dist/tex/latex/beamer/beamerbasemisc.sty)
(/usr/local/texlive/2025/texmf-dist/tex/latex/beamer/beamerbasetwoscreens.sty)
(/usr/local/texlive/2025/texmf-dist/tex/latex/beamer/beamerbaseoverlay.sty)
(/usr/local/texlive/2025/texmf-dist/tex/latex/beamer/beamerbasetitle.sty)
(/usr/local/texlive/2025/texmf-dist/tex/latex/beamer/beamerbasesection.sty)
(/usr/local/texlive/2025/texmf-dist/tex/latex/beamer/beamerbaseframe.sty)
(/usr/local/texlive/2025/texmf-dist/tex/latex/beamer/beamerbaseverbatim.sty)
(/usr/local/texlive/2025/texmf-dist/tex/latex/beamer/beamerbaseframesize.sty)
(/usr/local/texlive/2025/texmf-dist/tex/latex/beamer/beamerbaseframecomponents.
sty) (/usr/local/texlive/2025/texmf-dist/tex/latex/beamer/beamerbasecolor.sty)
(/usr/local/texlive/2025/texmf-dist/tex/latex/beamer/beamerbasenotes.sty)
(/usr/local/texlive/2025/texmf-dist/tex/latex/beamer/beamerbasetoc.sty)
(/usr/local/texlive/2025/texmf-dist/tex/latex/beamer/beamerbasetemplates.sty
(/usr/local/texlive/2025/texmf-dist/tex/latex/beamer/beamerbaseauxtemplates.sty
(/usr/local/texlive/2025/texmf-dist/tex/latex/beamer/beamerbaseboxes.sty)))
(/usr/local/texlive/2025/texmf-dist/tex/latex/beamer/beamerbaselocalstructure.s
ty (/usr/local/texlive/2025/texmf-dist/tex/latex/tools/enumerate.sty))
(/usr/local/texlive/2025/texmf-dist/tex/latex/beamer/beamerbasenavigation.sty
(/usr/local/texlive/2025/texmf-dist/tex/latex/beamer/beamerbasenavigationsymbol
s.tex))
(/usr/local/texlive/2025/texmf-dist/tex/latex/beamer/beamerbasetheorems.sty
(/usr/local/texlive/2025/texmf-dist/tex/latex/amsmath/amsmath.sty
For additional information on amsmath, use the `?' option.
(/usr/local/texlive/2025/texmf-dist/tex/latex/amsmath/amstext.sty
(/usr/local/texlive/2025/texmf-dist/tex/latex/amsmath/amsgen.sty))
(/usr/local/texlive/2025/texmf-dist/tex/latex/amsmath/amsbsy.sty)
(/usr/local/texlive/2025/texmf-dist/tex/latex/amsmath/amsopn.sty))
(/usr/local/texlive/2025/texmf-dist/tex/latex/amscls/amsthm.sty))
(/usr/local/texlive/2025/texmf-dist/tex/latex/beamer/beamerbasethemes.sty))
(/usr/local/texlive/2025/texmf-dist/tex/latex/beamer/beamerthemedefault.sty
(/usr/local/texlive/2025/texmf-dist/tex/latex/beamer/beamerfontthemedefault.sty
)
(/usr/local/texlive/2025/texmf-dist/tex/latex/beamer/beamercolorthemedefault.st
y)
(/usr/local/texlive/2025/texmf-dist/tex/latex/beamer/beamerinnerthemedefault.st
y)
(/usr/local/texlive/2025/texmf-dist/tex/latex/beamer/beamerouterthemedefault.st
y)))
(/usr/local/texlive/2025/texmf-dist/tex/latex/ctex/engine/ctex-engine-xetex.def
(/usr/local/texlive/2025/texmf-dist/tex/xelatex/xecjk/xeCJK.sty
(/usr/local/texlive/2025/texmf-dist/tex/latex/l3packages/xtemplate/xtemplate.st
y) (/usr/local/texlive/2025/texmf-dist/tex/latex/fontspec/fontspec.sty
(/usr/local/texlive/2025/texmf-dist/tex/latex/l3packages/xparse/xparse.sty)
(/usr/local/texlive/2025/texmf-dist/tex/latex/fontspec/fontspec-xetex.sty
(/usr/local/texlive/2025/texmf-dist/tex/latex/base/fontenc.sty)
(/usr/local/texlive/2025/texmf-dist/tex/latex/fontspec/fontspec.cfg)))
(/usr/local/texlive/2025/texmf-dist/tex/xelatex/xecjk/xeCJK.cfg)))
(/usr/local/texlive/2025/texmf-dist/tex/latex/zhnumber/zhnumber.sty
(/usr/local/texlive/2025/texmf-dist/tex/latex/zhnumber/zhnumber-utf8.cfg))
(/usr/local/texlive/2025/texmf-dist/tex/latex/ctex/scheme/ctex-scheme-chinese-b
eamer.def
(/usr/local/texlive/2025/texmf-dist/tex/latex/ctex/config/ctex-name-utf8.cfg))
(/usr/local/texlive/2025/texmf-dist/tex/latex/ctex/fontset/ctex-fontset-mac.def

(/usr/local/texlive/2025/texmf-dist/tex/latex/ctex/fontset/ctex-fontset-macold.
def))) (/usr/local/texlive/2025/texmf-dist/tex/latex/ctex/config/ctex.cfg)
(../course_style.tex
(/usr/local/texlive/2025/texmf-dist/tex/latex/mathtools/mathtools.sty
(/usr/local/texlive/2025/texmf-dist/tex/latex/tools/calc.sty)
(/usr/local/texlive/2025/texmf-dist/tex/latex/mathtools/mhsetup.sty))
(/usr/local/texlive/2025/texmf-dist/tex/latex/tools/bm.sty)
(/usr/local/texlive/2025/texmf-dist/tex/latex/booktabs/booktabs.sty)
(/usr/local/texlive/2025/texmf-dist/tex/latex/tools/tabularx.sty
(/usr/local/texlive/2025/texmf-dist/tex/latex/tools/array.sty))
(/usr/local/texlive/2025/texmf-dist/tex/latex/tools/longtable.sty)
(/usr/local/texlive/2025/texmf-dist/tex/latex/pgf/frontendlayer/tikz.sty
(/usr/local/texlive/2025/texmf-dist/tex/latex/pgf/basiclayer/pgf.sty
(/usr/local/texlive/2025/texmf-dist/tex/generic/pgf/modules/pgfmoduleshapes.cod
e.tex)
(/usr/local/texlive/2025/texmf-dist/tex/generic/pgf/modules/pgfmoduleplot.code.
tex)
(/usr/local/texlive/2025/texmf-dist/tex/latex/pgf/compatibility/pgfcomp-version
-0-65.sty)
(/usr/local/texlive/2025/texmf-dist/tex/latex/pgf/compatibility/pgfcomp-version
-1-18.sty))
(/usr/local/texlive/2025/texmf-dist/tex/latex/pgf/utilities/pgffor.sty
(/usr/local/texlive/2025/texmf-dist/tex/generic/pgf/utilities/pgffor.code.tex))

(/usr/local/texlive/2025/texmf-dist/tex/generic/pgf/frontendlayer/tikz/tikz.cod
e.tex
(/usr/local/texlive/2025/texmf-dist/tex/generic/pgf/libraries/pgflibraryplothan
dlers.code.tex)
(/usr/local/texlive/2025/texmf-dist/tex/generic/pgf/modules/pgfmodulematrix.cod
e.tex)
(/usr/local/texlive/2025/texmf-dist/tex/generic/pgf/frontendlayer/tikz/librarie
s/tikzlibrarytopaths.code.tex)))
(/usr/local/texlive/2025/texmf-dist/tex/generic/pgf/libraries/pgflibraryarrows.
meta.code.tex)
(/usr/local/texlive/2025/texmf-dist/tex/generic/pgf/frontendlayer/tikz/librarie
s/tikzlibrarypositioning.code.tex)
(/usr/local/texlive/2025/texmf-dist/tex/generic/pgf/frontendlayer/tikz/librarie
s/tikzlibrarycalc.code.tex)
(/usr/local/texlive/2025/texmf-dist/tex/generic/pgf/frontendlayer/tikz/librarie
s/tikzlibraryfit.code.tex)
(/usr/local/texlive/2025/texmf-dist/tex/generic/pgf/frontendlayer/tikz/librarie
s/tikzlibraryshapes.geometric.code.tex
(/usr/local/texlive/2025/texmf-dist/tex/generic/pgf/libraries/shapes/pgflibrary
shapes.geometric.code.tex))
(/usr/local/texlive/2025/texmf-dist/tex/latex/pgfplots/pgfplots.sty
(/usr/local/texlive/2025/texmf-dist/tex/generic/pgfplots/pgfplots.revision.tex)
(/usr/local/texlive/2025/texmf-dist/tex/generic/pgfplots/pgfplots.code.tex
(/usr/local/texlive/2025/texmf-dist/tex/generic/pgfplots/pgfplotscore.code.tex
(/usr/local/texlive/2025/texmf-dist/tex/generic/pgfplots/sys/pgfplotssysgeneric
.code.tex))
(/usr/local/texlive/2025/texmf-dist/tex/generic/pgfplots/libs/pgfplotslibrary.c
ode.tex)
(/usr/local/texlive/2025/texmf-dist/tex/generic/pgfplots/oldpgfcompatib/pgfplot
soldpgfsupp_loader.code.tex
(/usr/local/texlive/2025/texmf-dist/tex/generic/pgf/libraries/pgflibraryfpu.cod
e.tex)
Package pgfplots: loading complementary utilities for your pgf version...

(/usr/local/texlive/2025/texmf-dist/tex/generic/pgfplots/oldpgfcompatib/pgfplot
soldpgfsupp_pgfutil-common-lists.tex))
(/usr/local/texlive/2025/texmf-dist/tex/generic/pgfplots/util/pgfplotsutil.code
.tex
(/usr/local/texlive/2025/texmf-dist/tex/generic/pgfplots/liststructure/pgfplots
liststructure.code.tex)
(/usr/local/texlive/2025/texmf-dist/tex/generic/pgfplots/liststructure/pgfplots
liststructureext.code.tex)
(/usr/local/texlive/2025/texmf-dist/tex/generic/pgfplots/liststructure/pgfplots
array.code.tex)
(/usr/local/texlive/2025/texmf-dist/tex/generic/pgfplots/liststructure/pgfplots
matrix.code.tex)
(/usr/local/texlive/2025/texmf-dist/tex/generic/pgfplots/numtable/pgfplotstable
shared.code.tex)
(/usr/local/texlive/2025/texmf-dist/tex/generic/pgfplots/liststructure/pgfplots
deque.code.tex)
(/usr/local/texlive/2025/texmf-dist/tex/generic/pgfplots/util/pgfplotsbinary.co
de.tex
(/usr/local/texlive/2025/texmf-dist/tex/generic/pgfplots/util/pgfplotsbinary.da
ta.code.tex))
(/usr/local/texlive/2025/texmf-dist/tex/generic/pgfplots/util/pgfplotsutil.verb
.code.tex)
(/usr/local/texlive/2025/texmf-dist/tex/generic/pgfplots/libs/pgflibrarypgfplot
s.surfshading.code.tex
(/usr/local/texlive/2025/texmf-dist/tex/generic/pgfplots/sys/pgflibrarypgfplots
.surfshading.pgfsys-xetex.def
(/usr/local/texlive/2025/texmf-dist/tex/generic/pgfplots/sys/pgflibrarypgfplots
.surfshading.pgfsys-dvipdfmx.def))))
(/usr/local/texlive/2025/texmf-dist/tex/generic/pgfplots/util/pgfplotscolormap.
code.tex
(/usr/local/texlive/2025/texmf-dist/tex/generic/pgfplots/util/pgfplotscolor.cod
e.tex))
(/usr/local/texlive/2025/texmf-dist/tex/generic/pgfplots/pgfplotsstackedplots.c
ode.tex)
(/usr/local/texlive/2025/texmf-dist/tex/generic/pgfplots/pgfplotsplothandlers.c
ode.tex
(/usr/local/texlive/2025/texmf-dist/tex/generic/pgfplots/pgfplotsmeshplothandle
r.code.tex
(/usr/local/texlive/2025/texmf-dist/tex/generic/pgfplots/pgfplotsmeshplotimage.
code.tex)))
(/usr/local/texlive/2025/texmf-dist/tex/generic/pgfplots/pgfplots.scaling.code.
tex)
(/usr/local/texlive/2025/texmf-dist/tex/generic/pgfplots/pgfplotscoordprocessin
g.code.tex)
(/usr/local/texlive/2025/texmf-dist/tex/generic/pgfplots/pgfplots.errorbars.cod
e.tex)
(/usr/local/texlive/2025/texmf-dist/tex/generic/pgfplots/pgfplots.markers.code.
tex)
(/usr/local/texlive/2025/texmf-dist/tex/generic/pgfplots/pgfplotsticks.code.tex
)
(/usr/local/texlive/2025/texmf-dist/tex/generic/pgfplots/pgfplots.paths.code.te
x)
(/usr/local/texlive/2025/texmf-dist/tex/generic/pgf/frontendlayer/tikz/librarie
s/tikzlibrarydecorations.code.tex
(/usr/local/texlive/2025/texmf-dist/tex/generic/pgf/modules/pgfmoduledecoration
s.code.tex))
(/usr/local/texlive/2025/texmf-dist/tex/generic/pgf/frontendlayer/tikz/librarie
s/tikzlibrarydecorations.pathmorphing.code.tex
(/usr/local/texlive/2025/texmf-dist/tex/generic/pgf/libraries/decorations/pgfli
brarydecorations.pathmorphing.code.tex))
(/usr/local/texlive/2025/texmf-dist/tex/generic/pgf/frontendlayer/tikz/librarie
s/tikzlibrarydecorations.pathreplacing.code.tex
(/usr/local/texlive/2025/texmf-dist/tex/generic/pgf/libraries/decorations/pgfli
brarydecorations.pathreplacing.code.tex))
(/usr/local/texlive/2025/texmf-dist/tex/generic/pgfplots/libs/tikzlibrarypgfplo
ts.contourlua.code.tex))
(/usr/local/texlive/2025/texmf-dist/tex/generic/pgf/frontendlayer/tikz/librarie
s/tikzlibraryplotmarks.code.tex
(/usr/local/texlive/2025/texmf-dist/tex/generic/pgf/libraries/pgflibraryplotmar
ks.code.tex)))
(/usr/local/texlive/2025/texmf-dist/tex/latex/adjustbox/adjustbox.sty
(/usr/local/texlive/2025/texmf-dist/tex/latex/xkeyval/xkeyval.sty
(/usr/local/texlive/2025/texmf-dist/tex/generic/xkeyval/xkeyval.tex
(/usr/local/texlive/2025/texmf-dist/tex/generic/xkeyval/xkvutils.tex)))
(/usr/local/texlive/2025/texmf-dist/tex/latex/adjustbox/adjcalc.sty)
(/usr/local/texlive/2025/texmf-dist/tex/latex/adjustbox/trimclip.sty
(/usr/local/texlive/2025/texmf-dist/tex/latex/collectbox/collectbox.sty)
(/usr/local/texlive/2025/texmf-dist/tex/latex/adjustbox/tc-xetex.def))
(/usr/local/texlive/2025/texmf-dist/tex/latex/ifoddpage/ifoddpage.sty)
(/usr/local/texlive/2025/texmf-dist/tex/latex/varwidth/varwidth.sty))
(/usr/local/texlive/2025/texmf-dist/tex/latex/listings/listings.sty
(/usr/local/texlive/2025/texmf-dist/tex/latex/listings/lstpatch.sty)
(/usr/local/texlive/2025/texmf-dist/tex/latex/listings/lstmisc.sty)
(/usr/local/texlive/2025/texmf-dist/tex/latex/listings/listings.cfg))
(/usr/local/texlive/2025/texmf-dist/tex/xelatex/xecjk/xeCJK-listings.sty)
(/usr/local/texlive/2025/texmf-dist/tex/latex/microtype/microtype.sty
(/usr/local/texlive/2025/texmf-dist/tex/latex/microtype/microtype-xetex.def)
(/usr/local/texlive/2025/texmf-dist/tex/latex/microtype/microtype.cfg)))
(/Users/zhangxin/MyQCD/docs/lattice_qcd_gluon_tmd_course/build/core_complete/co
re_complete.aux)
*geometry* driver: auto-detecting
*geometry* detected driver: xetex

(/Users/zhangxin/MyQCD/docs/lattice_qcd_gluon_tmd_course/build/core_complete/co
re_complete.out)
(/Users/zhangxin/MyQCD/docs/lattice_qcd_gluon_tmd_course/build/core_complete/co
re_complete.out)
(/usr/local/texlive/2025/texmf-dist/tex/latex/translator/translator-basic-dicti
onary-English.dict)
(/usr/local/texlive/2025/texmf-dist/tex/latex/translator/translator-bibliograph
y-dictionary-English.dict)
(/usr/local/texlive/2025/texmf-dist/tex/latex/translator/translator-environment
-dictionary-English.dict)
(/usr/local/texlive/2025/texmf-dist/tex/latex/translator/translator-months-dict
ionary-English.dict)
(/usr/local/texlive/2025/texmf-dist/tex/latex/translator/translator-numbers-dic
tionary-English.dict)
(/usr/local/texlive/2025/texmf-dist/tex/latex/translator/translator-theorem-dic
tionary-English.dict)
(/usr/local/texlive/2025/texmf-dist/tex/latex/ctex/dictionary/translator-theore
m-dictionary-ChineseUTF8.dict)
Package pgfplots notification 'compat/show suggested version=true': you might b
enefit from \pgfplotsset{compat=1.18} (current compat level: 1.17).


(/Users/zhangxin/MyQCD/docs/lattice_qcd_gluon_tmd_course/build/core_complete/co
re_complete.nav)
[1]
(/usr/local/texlive/2025/texmf-dist/tex/latex/microtype/mt-LatinModernRoman.cfg
) (/usr/local/texlive/2025/texmf-dist/tex/latex/amsfonts/umsa.fd)
(/usr/local/texlive/2025/texmf-dist/tex/latex/microtype/mt-msa.cfg)
(/usr/local/texlive/2025/texmf-dist/tex/latex/amsfonts/umsb.fd)
(/usr/local/texlive/2025/texmf-dist/tex/latex/microtype/mt-msb.cfg)
(/usr/local/texlive/2025/texmf-dist/tex/latex/microtype/mt-cmr.cfg)
[2]
[3]
[4]
[5]
[6]
[7]
[8]
[9]
[10]
[11]
[12]
[13]
[14]
[15]
[16]
[17]
[18]
[19]
[20]
[21]
[22]
[23]
[24]
[25]
[26]
[27]
[28]
[29]
[30]
[31]
[32]
[33]
[34]
[35]
[36]
[37]
[38]
[39]
[40]
[41]
[42] (./fragments/V01.tex
[43]
[44]
[45]
[46]
[47]
[48]
[49]
[50]
[51]
[52]
[53]
[54]
[55]
[56]
[57]
[58]
[59]
[60]
[61]
[62]
[63]
[64]
[65]
[66]
[67]
[68]
[69]
[70]
[71]
[72]
Underfull \hbox (badness 10000) in paragraph at lines 361--361
[]|[]\TU/lmss/bx/n/7 Src BOOK-

Underfull \hbox (badness 1158) in paragraph at lines 361--361
[]|\TU/lmss/m/n/7 An Introduction to Quantum Field

[73]) (./fragments/V02.tex
[74]
[75]
[76]
[77]
[78]
[79]
[80]
[81]
[82]
[83]
[84]
[85]
[86]
[87]
[88]
[89]
[90]
[91]
[92]
[93]
[94]
[95]
[96]
[97]
[98]
[99]
[100]
[101]
[102]
[103]
Underfull \hbox (badness 1158) in paragraph at lines 359--359
[]|\TU/lmss/m/n/7 An Introduction to Quantum Field

Underfull \hbox (badness 10000) in paragraph at lines 359--359
[]|[]\TU/lmss/bx/n/7 Src BOOK-

[104]) (./fragments/V03.tex
[105]
[106]
[107]
[108]
[109]
[110]
[111]
[112]
[113]
[114]
[115]
[116]
[117]
[118]
[119]
[120]
[121]
[122]
[123]
[124]
[125]
[126]
[127]
[128]
[129]
[130]
[131]
[132]
[133]
[134]
Underfull \hbox (badness 10000) in paragraph at lines 360--360
[]|[]\TU/lmss/bx/n/7 Src BOOK-

[135]
[136]) (./fragments/V04.tex
[137]
[138]
[139]
[140]
[141]
[142]
[143]
[144]
[145]
[146]
[147]
[148]
[149]
[150]
[151]
[152]
[153]
[154]
[155]
[156]
[157]
[158]
[159]
[160]
[161]
[162]
[163]
[164]
[165]
[166]
Underfull \hbox (badness 1158) in paragraph at lines 359--359
[]|\TU/lmss/m/n/7 An Introduction to Quantum Field

Underfull \hbox (badness 10000) in paragraph at lines 359--359
[]|[]\TU/lmss/bx/n/7 Src BOOK-

[167]) (./fragments/V05.tex
[168]
[169]
[170]
[171]
[172]
[173]
[174]
[175]
[176]
[177]
[178]
[179]
[180]
[181]
[182]
[183]
[184]
[185]
[186]
[187]
[188]
[189]
[190]
[191]
[192]
[193]
[194]
[195]
[196]
[197]
Underfull \hbox (badness 1158) in paragraph at lines 361--361
[]|\TU/lmss/m/n/7 An Introduction to Quantum Field

[198]) (./fragments/V06.tex
[199]
[200]
[201]
[202]
[203]
[204]
[205]
[206]
[207]
[208]
[209]
[210]
[211]
[212]
[213]
[214]
[215]
[216]
[217]
[218]
[219]
[220]
[221]
[222]
[223]
[224]
[225]
[226]
[227]
[228]
Underfull \hbox (badness 1158) in paragraph at lines 361--361
[]|\TU/lmss/m/n/7 An Introduction to Quantum Field

Underfull \hbox (badness 10000) in paragraph at lines 361--361
[]|[]\TU/lmss/bx/n/7 Src MYQCD-

[229]) (./fragments/V07.tex
[230]
[231]
[232]
[233]
[234]
[235]
[236]
[237]
[238]
[239]
Underfull \hbox (badness 1178) in paragraph at lines 129--129
[]|[]\TU/lmss/bx/n/8 Def 07.02-2c00ee4eef[] \TU/lmss/m/n/8 Gell–Mann

[240]
[241]
[242]
[243]
[244]
[245]
[246]
[247]
[248]
[249]
[250]
[251]
[252]
[253]
[254]
[255]
[256]
[257]
[258]
[259]
Underfull \hbox (badness 1158) in paragraph at lines 364--364
[]|\TU/lmss/m/n/7 An Introduction to Quantum Field

Underfull \hbox (badness 10000) in paragraph at lines 364--364
[]|[]\TU/lmss/bx/n/7 Src MYQCD-

[260]) (./fragments/V08.tex
[261]
[262]
[263]
[264]
[265]
[266]
[267]
[268]
[269]
[270]
[271]
[272]
[273]
[274]
[275]
[276]
[277]
[278]
[279]
[280]
[281]
[282]
[283]
[284]
[285]
[286]
[287]
[288]
[289]
[290]
Underfull \hbox (badness 10000) in paragraph at lines 361--361
[]|[]\TU/lmss/bx/n/7 Src BOOK-QCD-

Underfull \hbox (badness 10000) in paragraph at lines 361--361
[]|[]\TU/lmss/bx/n/7 Src MYQCD-

[291]) (./fragments/V09.tex
[292]
[293]
[294]
[295]
[296]
[297]
[298]
[299]
[300]
[301]
Underfull \hbox (badness 10000) in paragraph at lines 131--131
[]|[]\TU/lmss/bx/n/8 Def 09.02-bc4e7f563c[] \TU/lmss/m/n/8 Nielsen–

[302]
[303]
[304]
[305]
[306]
[307]
[308]
[309]
[310]
[311]
[312]
[313]
[314]
[315]
[316]
Underfull \hbox (badness 2173) in paragraph at lines 305--305
[]|[]\TU/lmss/bx/n/8 Def 09.05-990d9ca07f[] \TU/lmss/m/n/8 Gaussian/

[317]
[318]
[319]
[320]
[321]
Underfull \hbox (badness 10000) in paragraph at lines 363--363
[]|[]\TU/lmss/bx/n/7 Src PYQCD-

Underfull \hbox (badness 1158) in paragraph at lines 363--363
[]|\TU/lmss/m/n/7 An Introduction to Quantum Field

[322]
Underfull \hbox (badness 10000) in paragraph at lines 373--373
[]|[]\TU/lmss/bx/n/7 Src PYQCD-

Underfull \hbox (badness 10000) in paragraph at lines 373--373
[]|[]\TU/lmss/bx/n/7 Src BOOK-QCD-

Underfull \hbox (badness 10000) in paragraph at lines 373--373
[]|[]\TU/lmss/bx/n/7 Src BOOK-

Underfull \hbox (badness 10000) in paragraph at lines 373--373
[]|[]\TU/lmss/bx/n/7 Src MYQCD-

[323]) (./fragments/V10.tex
[324]
[325]
[326]
[327]
[328]
[329]
[330]
[331]
[332]
[333]
[334]
[335]
[336]
[337]
[338]
[339]
[340]
[341]
[342]
[343]
[344]
[345]
[346]
[347]
[348]
[349]
[350]
[351]
[352]
[353]
Underfull \hbox (badness 10000) in paragraph at lines 362--362
[]|[]\TU/lmss/bx/n/7 Src PYQCD-

Underfull \hbox (badness 10000) in paragraph at lines 362--362
[]|[]\TU/lmss/bx/n/7 Src PYQCD-

[354]) (./fragments/V11.tex
[355]
[356]
[357]
[358]
[359]
[360]
[361]
[362]
[363]
[364]
[365]
[366]
[367]
[368]
[369]
[370]
[371]
[372]
[373]
[374]
Underfull \hbox (badness 2376) in paragraph at lines 245--245
[]|[]\TU/lmss/bx/n/8 Def 11.04-dc2e342a9a[] \TU/lmss/m/n/8 Euclidean

[375]
[376]
[377]
[378]
[379]
[380]
[381]
[382]
[383]
[384]
Underfull \hbox (badness 10000) in paragraph at lines 362--362
[]|[]\TU/lmss/bx/n/7 Src DOC-

Underfull \hbox (badness 10000) in paragraph at lines 362--362
[]|[]\TU/lmss/bx/n/7 Src PYQCD-

Underfull \hbox (badness 10000) in paragraph at lines 362--362
[]|[]\TU/lmss/bx/n/7 Src PYQCD-

[385]
[386]) (./fragments/V12.tex
[387]
[388]
[389]
[390]
[391]
[392]
[393]
[394]
[395]
[396]
[397]
[398]
[399]
[400]
[401]
[402]
[403]
[404]
[405]
[406]
[407]
[408]
[409]
[410]
[411]
[412]
[413]
[414]
[415]
[416]
Underfull \hbox (badness 10000) in paragraph at lines 360--360
[]|[]\TU/lmss/bx/n/7 Src PYQCD-

Underfull \hbox (badness 10000) in paragraph at lines 360--360
[]|[]\TU/lmss/bx/n/7 Src PYQCD-

Underfull \hbox (badness 10000) in paragraph at lines 360--360
[]|[]\TU/lmss/bx/n/7 Src MYQCD-

[417]) (./fragments/V13.tex
[418]
[419]
[420]
[421]
[422]
[423]
[424]
[425]
[426]
[427]
[428]
[429]
[430]
[431]
[432]
[433]
[434]
[435]
[436]
[437]
[438]
[439]
[440]
[441]
[442]
Underfull \hbox (badness 10000) in paragraph at lines 305--305
[]|[]\TU/lmss/bx/n/8 Def 13.05-7c358fe92a[] \TU/lmss/m/n/8 small-bT

[443]
[444]
[445]
[446]
[447]
[448]
Underfull \hbox (badness 1158) in paragraph at lines 373--373
[]|\TU/lmss/m/n/7 An Introduction to Quantum Field

[449]
[450]) (./fragments/V14.tex
[451]
[452]
[453]
[454]
[455]
[456]
[457]
[458]
[459]
[460]
[461]
[462]
[463]
[464]
[465]
[466]
[467]
[468]
[469]
[470]
Underfull \hbox (badness 4217) in paragraph at lines 247--247
[]|[]\TU/lmss/bx/n/8 Def 14.04-89e778acf7[] \TU/lmss/m/n/8 Ioffe-time

[471]
[472]
[473]
[474]
[475]
Underfull \hbox (badness 10000) in paragraph at lines 305--305
[]|[]\TU/lmss/bx/n/8 Def 14.05-c88ee0eb9d[] \TU/lmss/m/n/8 Collins–

[476]
[477]
[478]
[479]
[480]
[481]
[482]
[483]) (./fragments/V15.tex
[484]
[485]
[486]
[487]
[488]
[489]
[490]
[491]
[492]
[493]
Underfull \hbox (badness 4084) in paragraph at lines 130--130
[]|[]\TU/lmss/bx/n/8 Def 15.02-6f944159bc[] \TU/lmss/m/n/8 [-,-] link

[494]
[495]
[496]
[497]
[498]
[499]
[500]
[501]
[502]
[503]
Underfull \hbox (badness 10000) in paragraph at lines 246--246
[]|[]\TU/lmss/bx/n/8 Def 15.04-19e6ec18c2[] \TU/STXihei(0)/m/n/8 螺 旋 度

Underfull \hbox (badness 10000) in paragraph at lines 246--246
[]|[]\TU/lmss/bx/n/8 Def 15.04-4a8e7eacb8[] \TU/STXihei(0)/m/n/8 线 偏 振

[504]
[505]
[506]
[507]
[508]
[509]
[510]
[511]
[512]
[513]
Underfull \hbox (badness 10000) in paragraph at lines 364--364
[]|[]\TU/lmss/bx/n/7 Src PYQCD-TMD-

[514]
Underfull \hbox (badness 10000) in paragraph at lines 374--374
[]|[]\TU/lmss/bx/n/7 Src DOC-FIELD-

Underfull \hbox (badness 10000) in paragraph at lines 374--374
[]|[]\TU/lmss/bx/n/7 Src DOC-GLUON-

[515]) (./fragments/V16.tex
[516]
[517]
[518]
[519]
[520]
[521]
[522]
[523]
[524]
[525]
[526]
[527]
[528]
[529]
[530]
[531]
[532]
[533]
[534]
[535]
[536]
[537]
[538]
[539]
[540]
[541]
[542]
[543]
[544]
[545]
[546]
[547]
[548]) (./fragments/V17.tex
[549]
[550]
[551]
[552]
[553]
[554]
[555]
[556]
[557]
[558]
[559]
[560]
[561]
[562]
[563]
[564]
[565]
[566]
[567]
[568]
[569]
[570]
[571]
[572]
[573]
[574]
[575]
[576]
[577]
[578]
Underfull \hbox (badness 10000) in paragraph at lines 364--364
[]|[]\TU/lmss/bx/n/7 Src PYQCD-

[579]
Underfull \hbox (badness 10000) in paragraph at lines 374--374
[]|[]\TU/lmss/bx/n/7 Src PYQCD-TMD-

Underfull \hbox (badness 10000) in paragraph at lines 374--374
[]|[]\TU/lmss/bx/n/7 Src PYQCD-

[580]
[581]) (./fragments/V18.tex
[582]
[583]
[584]
[585]
[586]
[587]
[588]
[589]
[590]
[591]
Underfull \hbox (badness 1259) in paragraph at lines 130--130
[]|[]\TU/lmss/bx/n/8 Def 18.02-153db619b7[] \TU/lmss/m/n/8 quasi-soft

[592]
[593]
[594]
[595]
[596]
[597]
[598]
[599]
[600]
[601]
[602]
[603]
[604]
[605]
[606]
[607]
[608]
[609]
[610]
[611]
[612]
Underfull \hbox (badness 10000) in paragraph at lines 372--372
[]|[]\TU/lmss/bx/n/7 Src PYQCD-TMD-

[613]
[614]) (./fragments/V19.tex
[615]
[616]
[617]
[618]
[619]
[620]
[621]
[622]
[623]
[624]
[625]
[626]
[627]
[628]
[629]
[630]
[631]
[632]
[633]
[634]
[635]
[636]
[637]
[638]
[639]
[640]
[641]
[642]
[643]
[644]
Underfull \hbox (badness 10000) in paragraph at lines 367--367
[]|[]\TU/lmss/bx/n/7 Src PYQCD-TMD-

[645]
Underfull \hbox (badness 10000) in paragraph at lines 377--377
[]|[]\TU/lmss/bx/n/7 Src DOC-

[646]
Underfull \hbox (badness 10000) in paragraph at lines 385--385
[]|[]\TU/lmss/bx/n/7 Src PYQCD-

[647]) (./fragments/V20.tex
[648]
[649]
[650]
[651]
[652]
[653]
[654]
[655]
[656]
[657]
[658]
[659]
[660]
[661]
[662]
[663]
[664]
[665]
[666]
[667]
[668]
[669]
[670]
[671]
[672]
[673]
[674]
[675]
[676]
[677]
Underfull \hbox (badness 10000) in paragraph at lines 361--361
[]|[]\TU/lmss/bx/n/7 Src PYQCD-

[678]
Underfull \hbox (badness 10000) in paragraph at lines 371--371
[]|[]\TU/lmss/bx/n/7 Src PYQCD-TMD-

Underfull \hbox (badness 10000) in paragraph at lines 371--371
[]|[]\TU/lmss/bx/n/7 Src PYQCD-

[679]
Underfull \hbox (badness 10000) in paragraph at lines 377--377
[]|[]\TU/lmss/bx/n/7 Src MYQCD-

[680]) (./fragments/V21.tex
[681]
[682]
[683]
[684]
[685]
[686]
[687]
[688]
[689]
[690]
[691]
[692]
[693]
[694]
[695]
[696]
[697]
[698]
[699]
[700]
[701]
[702]
[703]
[704]
[705]
[706]
[707]
[708]
[709]
[710]
Underfull \hbox (badness 10000) in paragraph at lines 360--360
[]|[]\TU/lmss/bx/n/7 Src PYQCD-

[711]) (./fragments/V22.tex
[712]
[713]
[714]
[715]
[716]
[717]
[718]
[719]
[720]
[721]
[722]
[723]
[724]
[725]
[726]
[727]
[728]
[729]
[730]
[731]
[732]
[733]
[734]
[735]
[736]
[737]
[738]
[739]
[740]
[741]
Underfull \hbox (badness 1158) in paragraph at lines 360--360
[]|\TU/lmss/m/n/7 An Introduction to Quantum Field

Underfull \hbox (badness 10000) in paragraph at lines 360--360
[]|[]\TU/lmss/bx/n/7 Src MYQCD-

[742]) (./fragments/V23.tex
[743]
[744]
[745]
[746]
[747]
Underfull \hbox (badness 1681) in paragraph at lines 71--71
[]|[]\TU/lmss/bx/n/8 Def 23.01-286ecdb958[] \TU/STXihei(0)/m/n/8 电 弱 超 荷

[748]
[749]
[750]
[751]
[752]
Underfull \hbox (badness 2671) in paragraph at lines 129--129
[]|[]\TU/lmss/bx/n/8 Def 23.02-0fb80e2e21[] \TU/STXihei(0)/m/n/8 强 子 超 荷

[753]
[754]
[755]
[756]
[757]
[758]
[759]
[760]
[761]
[762]
[763]
[764]
[765]
[766]
[767]
[768]
[769]
[770]
[771]
[772]
Underfull \hbox (badness 1158) in paragraph at lines 361--361
[]|\TU/lmss/m/n/7 An Introduction to Quantum Field

Underfull \hbox (badness 10000) in paragraph at lines 361--361
[]|[]\TU/lmss/bx/n/7 Src PYQCD-

[773]
[774]) (./fragments/V24.tex
[775]
[776]
[777]
[778]
[779]
[780]
[781]
[782]
[783]
[784]
[785]
[786]
[787]
[788]
[789]
[790]
[791]
[792]
[793]
[794]
[795]
[796]
[797]
[798]
[799]
[800]
[801]
[802]
[803]
[804]
Underfull \hbox (badness 1158) in paragraph at lines 364--364
[]|\TU/lmss/m/n/7 An Introduction to Quantum Field

[805]) (./fragments/V25.tex
[806]
[807]
[808]
[809]
[810]
[811]
[812]
[813]
[814]
[815]
Underfull \hbox (badness 5878) in paragraph at lines 131--131
[]|[]\TU/lmss/bx/n/8 Def 25.02-69eba53f1e[] \TU/lmss/m/n/8 Faddeev–

[816]
[817]
[818]
[819]
[820]
[821]
[822]
[823]
[824]
[825]
Underfull \hbox (badness 10000) in paragraph at lines 252--252
[]|[]\TU/lmss/bx/n/8 Def 25.04-79454c87bf[] \TU/lmss/m/n/8 Slavnov–

[826]
[827]
[828]
[829]
[830]
[831]
[832]
[833]
[834]
[835]
Underfull \hbox (badness 1158) in paragraph at lines 369--369
[]|\TU/lmss/m/n/7 An Introduction to Quantum Field

[836]) (./fragments/V26.tex
[837]
[838]
[839]
[840]
[841]
[842]
[843]
[844]
[845]
[846]
Underfull \hbox (badness 10000) in paragraph at lines 128--128
[]|[]\TU/lmss/bx/n/8 Def 26.02-26b2784a2c[] \TU/lmss/m/n/8 unitary

[847]
[848]
[849]
[850]
[851]
[852]
[853]
[854]
[855]
[856]
[857]
[858]
[859]
[860]
[861]
Underfull \hbox (badness 4595) in paragraph at lines 307--307
[]|[]\TU/lmss/bx/n/8 Def 26.05-00dd0416c5[] \TU/lmss/m/n/8 Polyakov

[862]
[863]
[864]
[865]
[866]
Underfull \hbox (badness 1158) in paragraph at lines 366--366
[]|\TU/lmss/m/n/7 An Introduction to Quantum Field

[867]
Underfull \hbox (badness 10000) in paragraph at lines 373--373
[]|[]\TU/lmss/bx/n/7 Src BOOK-QCD-

[868]) (./fragments/V27.tex
[869]
[870]
[871]
[872]
[873]
[874]
[875]
[876]
[877]
[878]
[879]
[880]
[881]
[882]
[883]
[884]
[885]
[886]
[887]
[888]
[889]
[890]
[891]
[892]
[893]
[894]
[895]
[896]
[897]
[898]
Underfull \hbox (badness 10000) in paragraph at lines 367--367
[]|[]\TU/lmss/bx/n/7 Src PYQCD-

Underfull \hbox (badness 10000) in paragraph at lines 367--367
[]|[]\TU/lmss/bx/n/7 Src PYQCD-

Underfull \hbox (badness 10000) in paragraph at lines 367--367
[]|[]\TU/lmss/bx/n/7 Src PYQCD-

[899]
Underfull \hbox (badness 10000) in paragraph at lines 375--375
[]|[]\TU/lmss/bx/n/7 Src PYQCD-

Underfull \hbox (badness 10000) in paragraph at lines 375--375
[]|[]\TU/lmss/bx/n/7 Src PYQCD-

[900]) (./fragments/V28.tex
[901]
[902]
[903]
[904]
[905]
[906]
[907]
[908]
[909]
[910]
[911]
[912]
[913]
[914]
[915]
[916]
[917]
[918]
[919]
[920]
Underfull \hbox (badness 10000) in paragraph at lines 248--248
[]|[]\TU/lmss/bx/n/8 Def 28.04-d017a8a347[] \TU/lmss/m/n/8 moving

[921]
[922]
[923]
[924]
[925]
Underfull \hbox (badness 7631) in paragraph at lines 307--307
[]|[]\TU/lmss/bx/n/8 Def 28.05-c83423fdd7[] \TU/lmss/m/n/8 Riemann

[926]
[927]
[928]
[929]
[930]
Underfull \hbox (badness 1158) in paragraph at lines 366--366
[]|\TU/lmss/m/n/7 An Introduction to Quantum Field

Underfull \hbox (badness 10000) in paragraph at lines 366--366
[]|[]\TU/lmss/bx/n/7 Src PYQCD-

Underfull \hbox (badness 10000) in paragraph at lines 366--366
[]|[]\TU/lmss/bx/n/7 Src PYQCD-

[931]
Underfull \hbox (badness 10000) in paragraph at lines 373--373
[]|[]\TU/lmss/bx/n/7 Src BOOK-QCD-

[932]) (./fragments/V29.tex
[933]
[934]
[935]
[936]
[937]
[938]
[939]
[940]
[941]
[942]
[943]
[944]
[945]
[946]
[947]
Underfull \hbox (badness 10000) in paragraph at lines 188--188
[]|[]\TU/lmss/bx/n/8 Def 29.03-c1673cb7b3[] \TU/lmss/m/n/8 reduced

[948]
[949]
[950]
[951]
[952]
[953]
[954]
[955]
[956]
[957]
[958]
[959]
[960]
[961]
[962]
Underfull \hbox (badness 10000) in paragraph at lines 364--364
[]|[]\TU/lmss/bx/n/7 Src DOC-

Underfull \hbox (badness 10000) in paragraph at lines 364--364
[]|[]\TU/lmss/bx/n/7 Src PYQCD-

Underfull \hbox (badness 10000) in paragraph at lines 364--364
[]|[]\TU/lmss/bx/n/7 Src PYQCD-

[963]
Underfull \hbox (badness 1158) in paragraph at lines 370--370
[]|\TU/lmss/m/n/7 An Introduction to Quantum Field

[964]) (./fragments/V30.tex
[965]
[966]
[967]
[968]
[969]
Underfull \hbox (badness 1158) in paragraph at lines 71--71
[]|[]\TU/lmss/bx/n/8 Def 30.01-5e8cf8e961[] \TU/lmss/m/n/8 Matsubara

[970]
[971]
[972]
[973]
[974]
Underfull \hbox (badness 10000) in paragraph at lines 130--130
[]|[]\TU/lmss/bx/n/8 Def 30.02-4e7ca4fce5[] \TU/lmss/m/n/8 Polyakov

[975]
[976]
[977]
[978]
[979]
[980]
[981]
[982]
[983]
[984]
Underfull \hbox (badness 10000) in paragraph at lines 248--248
[]|[]\TU/lmss/bx/n/8 Def 30.04-8387eb6af6[] \TU/lmss/m/n/8 trace

[985]
[986]
[987]
[988]
[989]
[990]
[991]
[992]
[993]
[994]
Underfull \hbox (badness 1158) in paragraph at lines 366--366
[]|\TU/lmss/m/n/7 An Introduction to Quantum Field

Underfull \hbox (badness 10000) in paragraph at lines 366--366
[]|[]\TU/lmss/bx/n/7 Src PYQCD-

Underfull \hbox (badness 10000) in paragraph at lines 366--366
[]|[]\TU/lmss/bx/n/7 Src PYQCD-

[995]
Underfull \hbox (badness 10000) in paragraph at lines 372--372
[]|[]\TU/lmss/bx/n/7 Src BOOK-

[996]) (./fragments/V31.tex
[997]
[998]
[999]
[1000]
[1001]
[1002]
[1003]
[1004]
[1005]
[1006]
[1007]
[1008]
[1009]
[1010]
[1011]
Underfull \hbox (badness 2894) in paragraph at lines 190--190
[]|[]\TU/lmss/bx/n/8 Def 31.03-0d541e3d5f[] \TU/lmss/m/n/8 Ginsparg–

[1012]
[1013]
[1014]
[1015]
[1016]
Underfull \hbox (badness 10000) in paragraph at lines 249--249
[]|[]\TU/lmss/bx/n/8 Def 31.04-aba9b6662e[] \TU/lmss/m/n/8 twisted

[1017]
[1018]
[1019]
[1020]
[1021]
Underfull \hbox (badness 10000) in paragraph at lines 308--308
[]|[]\TU/lmss/bx/n/8 Def 31.05-e79d5f1841[] \TU/lmss/m/n/8 partial

[1022]
[1023]
[1024]
[1025]
[1026]
Underfull \hbox (badness 10000) in paragraph at lines 367--367
[]|[]\TU/lmss/bx/n/7 Src PYQCD-

Underfull \hbox (badness 1158) in paragraph at lines 367--367
[]|\TU/lmss/m/n/7 An Introduction to Quantum Field

[1027]) (./fragments/V32.tex
[1028]
[1029]
[1030]
[1031]
[1032]
Underfull \hbox (badness 3343) in paragraph at lines 73--73
[]|[]\TU/lmss/bx/n/8 Def 32.01-8d88e16b2d[] \TU/lmss/m/n/8 tree-level

Underfull \hbox (badness 3260) in paragraph at lines 73--73
[]|[]\TU/lmss/bx/n/8 Def 32.01-ddab0298a8[] \TU/lmss/m/n/8 rectangle

[1033]
[1034]
[1035]
[1036]
[1037]
Underfull \hbox (badness 10000) in paragraph at lines 132--132
[]|[]\TU/lmss/bx/n/8 Def 32.02-96a2955f18[] \TU/lmss/m/n/8 bare

Underfull \hbox (badness 7777) in paragraph at lines 132--132
[]|[]\TU/lmss/bx/n/8 Def 32.02-9f14c2b727[] \TU/lmss/m/n/8 speed-of-

[1038]
[1039]
[1040]
[1041]
[1042]
Underfull \hbox (badness 7081) in paragraph at lines 191--191
[]|[]\TU/lmss/bx/n/8 Def 32.03-2375b114be[] \TU/lmss/m/n/8 effective

[1043]
[1044]
[1045]
[1046]
[1047]
Underfull \hbox (badness 2837) in paragraph at lines 250--250
[]|[]\TU/lmss/bx/n/8 Def 32.04-a887664555[] \TU/lmss/m/n/8 boundary

[1048]
[1049]
[1050]
[1051]
[1052]
Underfull \hbox (badness 5050) in paragraph at lines 309--309
[]|[]\TU/lmss/bx/n/8 Def 32.05-0bbcbda519[] \TU/lmss/m/n/8 gradient-

Underfull \hbox (badness 10000) in paragraph at lines 309--309
[]|[]\TU/lmss/bx/n/8 Def 32.05-67ebebc9c6[] \TU/lmss/m/n/8 mass-

[1053]
[1054]
[1055]
[1056]
[1057]
Underfull \hbox (badness 10000) in paragraph at lines 368--368
[]|[]\TU/lmss/bx/n/7 Src PYQCD-

Underfull \hbox (badness 10000) in paragraph at lines 368--368
[]|[]\TU/lmss/bx/n/7 Src PYQCD-

[1058]
Underfull \hbox (badness 10000) in paragraph at lines 378--378
[]|[]\TU/lmss/bx/n/7 Src PYQCD-

Underfull \hbox (badness 10000) in paragraph at lines 378--378
[]|[]\TU/lmss/bx/n/7 Src DOC-

[1059]) (./fragments/V33.tex
[1060]
[1061]
[1062]
[1063]
[1064]
[1065]
[1066]
[1067]
[1068]
[1069]
[1070]
[1071]
[1072]
[1073]
[1074]
Underfull \hbox (badness 5105) in paragraph at lines 189--189
[]|[]\TU/lmss/bx/n/8 Def 33.03-62495e7eb7[] \TU/lmss/m/n/8 projector

[1075]
[1076]
[1077]
[1078]
[1079]
Underfull \hbox (badness 1248) in paragraph at lines 248--248
[]|[]\TU/lmss/bx/n/8 Def 33.04-f98e334cc4[] \TU/lmss/m/n/8 continuum

[1080]
[1081]
[1082]
[1083]
[1084]
[1085]
[1086]
[1087]
[1088]
[1089]
Underfull \hbox (badness 1158) in paragraph at lines 366--366
[]|\TU/lmss/m/n/7 An Introduction to Quantum Field

[1090]
Underfull \hbox (badness 10000) in paragraph at lines 376--376
[]|[]\TU/lmss/bx/n/7 Src PYQCD-

[1091]
[1092]) (./fragments/V34.tex
[1093]
[1094]
[1095]
[1096]
[1097]
[1098]
[1099]
[1100]
[1101]
[1102]
Underfull \hbox (badness 10000) in paragraph at lines 132--132
[]|[]\TU/lmss/bx/n/8 Def 34.02-a2095b2cd2[] \TU/lmss/m/n/8 auxiliary

Underfull \hbox (badness 4846) in paragraph at lines 132--132
[]|[]\TU/lmss/bx/n/8 Def 34.02-5bb129c110[] \TU/lmss/m/n/8 endpoint

[1103]
[1104]
[1105]
[1106]
[1107]
Underfull \hbox (badness 10000) in paragraph at lines 191--191
[]|[]\TU/lmss/bx/n/8 Def 34.03-32644db312[] \TU/lmss/m/n/8 ratio

Underfull \hbox (badness 10000) in paragraph at lines 191--191
[]|[]\TU/lmss/bx/n/8 Def 34.03-f215525ae5[] \TU/lmss/m/n/8 self-

[1108]
[1109]
[1110]
[1111]
[1112]
Underfull \hbox (badness 3977) in paragraph at lines 250--250
[]|[]\TU/lmss/bx/n/8 Def 34.04-193830f581[] \TU/lmss/m/n/8 switching

Underfull \hbox (badness 1460) in paragraph at lines 250--250
[]|[]\TU/lmss/bx/n/8 Def 34.04-d55a5c5a27[] \TU/lmss/m/n/8 continuity

[1113]
[1114]
[1115]
[1116]
[1117]
Underfull \hbox (badness 10000) in paragraph at lines 309--309
[]|[]\TU/lmss/bx/n/8 Def 34.05-9520262806[] \TU/lmss/m/n/8 Collins–

[1118]
[1119]
[1120]
[1121]
[1122]
Underfull \hbox (badness 10000) in paragraph at lines 368--368
[]|[]\TU/lmss/bx/n/7 Src PYQCD-TMD-

[1123]
Underfull \hbox (badness 1158) in paragraph at lines 378--378
[]|\TU/lmss/m/n/7 An Introduction to Quantum Field

[1124]
[1125]
[1126]) (./fragments/V35.tex
[1127]
[1128]
[1129]
[1130]
[1131]
Underfull \hbox (badness 4416) in paragraph at lines 75--75
[]|[]\TU/lmss/bx/n/8 Def 35.01-41773dd5c2[] \TU/lmss/m/n/8 evidence-

Underfull \hbox (badness 10000) in paragraph at lines 75--75
[]|[]\TU/lmss/bx/n/8 Def 35.01-8f933d7984[] \TU/lmss/m/n/8 stopping

[1132]
[1133]
[1134]
[1135]
[1136]
Underfull \hbox (badness 6526) in paragraph at lines 134--134
[]|[]\TU/lmss/bx/n/8 Def 35.02-13477d0039[] \TU/lmss/m/n/8 nonlocal

[1137]
[1138]
[1139]
[1140]
[1141]
Underfull \hbox (badness 1742) in paragraph at lines 193--193
[]|[]\TU/lmss/bx/n/8 Def 35.03-4757a69c85[] \TU/lmss/m/n/8 resolution

Underfull \hbox (badness 4120) in paragraph at lines 193--193
[]|[]\TU/lmss/bx/n/8 Def 35.03-5c0ed5f5f8[] \TU/lmss/m/n/8 regulariza-

[1142]
[1143]
[1144]
[1145]
[1146]
Underfull \hbox (badness 10000) in paragraph at lines 252--252
[]|[]\TU/lmss/bx/n/8 Def 35.04-098cc46aa9[] \TU/lmss/m/n/8 idempo-

[1147]
[1148]
[1149]
[1150]
[1151]
Underfull \hbox (badness 7238) in paragraph at lines 311--311
[]|[]\TU/lmss/bx/n/8 Def 35.05-32fcb63a30[] \TU/lmss/m/n/8 state 1:

[1152]
[1153]
[1154]
[1155]
[1156]
Underfull \hbox (badness 10000) in paragraph at lines 370--370
[]|[]\TU/lmss/bx/n/7 Src PYQCD-TMD-

Underfull \hbox (badness 10000) in paragraph at lines 370--370
[]|[]\TU/lmss/bx/n/7 Src PYQCD-

Underfull \hbox (badness 10000) in paragraph at lines 370--370
[]|[]\TU/lmss/bx/n/7 Src PYQCD-

[1157]
Underfull \hbox (badness 10000) in paragraph at lines 380--380
[]|[]\TU/lmss/bx/n/7 Src DOC-

Underfull \hbox (badness 10000) in paragraph at lines 380--380
[]|[]\TU/lmss/bx/n/7 Src BOOK-

[1158]
Underfull \hbox (badness 10000) in paragraph at lines 389--389
[]|[]\TU/lmss/bx/n/7 Src PYQCD-

Underfull \hbox (badness 10000) in paragraph at lines 389--389
[]|[]\TU/lmss/bx/n/7 Src PYQCD-TMD-

Underfull \hbox (badness 10000) in paragraph at lines 389--389
[]|[]\TU/lmss/bx/n/7 Src PYQCD-TMD-

[1159])
(/Users/zhangxin/MyQCD/docs/lattice_qcd_gluon_tmd_course/build/core_complete/co
re_complete.aux) )
(see the transcript file for additional information)
Output written on /Users/zhangxin/MyQCD/docs/lattice_qcd_gluon_tmd_course/build
/core_complete/core_complete.pdf (1159 pages).
Transcript written on /Users/zhangxin/MyQCD/docs/lattice_qcd_gluon_tmd_course/b
uild/core_complete/core_complete.log.
