This is XeTeX, Version 3.141592653-2.6-0.999997 (TeX Live 2025) (preloaded format=xelatex 2025.12.7)  7 SEP 2026 04:48
entering extended mode
 restricted \write18 enabled.
 file:line:error style messages enabled.
 %&-line parsing enabled.
**report_pyqcd_lattice_qcd_theory_20260906.tex
(./report_pyqcd_lattice_qcd_theory_20260906.tex
LaTeX2e <2024-11-01> patch level 2
L3 programming layer <2025-01-18>
(/usr/local/texlive/2025/texmf-dist/tex/latex/ctex/ctexbook.cls
(/usr/local/texlive/2025/texmf-dist/tex/latex/ctex/config/ctexbackend.cfg
File: ctexbackend.cfg 2022/07/14 v2.5.10 Backend configuration file (CTEX)
)
(/usr/local/texlive/2025/texmf-dist/tex/latex/l3kernel/expl3.sty
Package: expl3 2025-01-18 L3 programming layer (loader) 

(/usr/local/texlive/2025/texmf-dist/tex/latex/l3backend/l3backend-xetex.def
File: l3backend-xetex.def 2024-05-08 L3 backend support: XeTeX
\g__graphics_track_int=\count192
\l__pdf_internal_box=\box52
\g__pdf_backend_annotation_int=\count193
\g__pdf_backend_link_int=\count194
))
Document Class: ctexbook 2022/07/14 v2.5.10 Chinese adapter for class book (CTE
X)
(/usr/local/texlive/2025/texmf-dist/tex/latex/ctex/ctexhook.sty
Package: ctexhook 2022/07/14 v2.5.10 Document and package hooks (CTEX)
)
(/usr/local/texlive/2025/texmf-dist/tex/latex/ctex/ctexpatch.sty
Package: ctexpatch 2022/07/14 v2.5.10 Patching commands (CTEX)
)
(/usr/local/texlive/2025/texmf-dist/tex/latex/base/fix-cm.sty
Package: fix-cm 2020/11/24 v1.1t fixes to LaTeX

(/usr/local/texlive/2025/texmf-dist/tex/latex/base/ts1enc.def
File: ts1enc.def 2001/06/05 v3.0e (jk/car/fm) Standard LaTeX file
LaTeX Font Info:    Redeclaring font encoding TS1 on input line 47.
))
\l__ctex_tmp_int=\count195
\l__ctex_tmp_box=\box53
\l__ctex_tmp_dim=\dimen141
\g__ctex_section_depth_int=\count196
\g__ctex_font_size_int=\count197

(/usr/local/texlive/2025/texmf-dist/tex/latex/ctex/config/ctexopts.cfg
File: ctexopts.cfg 2022/07/14 v2.5.10 Option configuration file (CTEX)
)
(/usr/local/texlive/2025/texmf-dist/tex/latex/base/book.cls
Document Class: book 2024/06/29 v1.4n Standard LaTeX document class
(/usr/local/texlive/2025/texmf-dist/tex/latex/base/bk11.clo
File: bk11.clo 2024/06/29 v1.4n Standard LaTeX file (size option)
)
\c@part=\count198
\c@chapter=\count199
\c@section=\count266
\c@subsection=\count267
\c@subsubsection=\count268
\c@paragraph=\count269
\c@subparagraph=\count270
\c@figure=\count271
\c@table=\count272
\abovecaptionskip=\skip49
\belowcaptionskip=\skip50
\bibindent=\dimen142
)
(/usr/local/texlive/2025/texmf-dist/tex/latex/ctex/engine/ctex-engine-xetex.def
File: ctex-engine-xetex.def 2022/07/14 v2.5.10 XeLaTeX adapter (CTEX)
(/usr/local/texlive/2025/texmf-dist/tex/xelatex/xecjk/xeCJK.sty
Package: xeCJK 2022/08/05 v3.9.1 Typesetting CJK scripts with XeLaTeX

(/usr/local/texlive/2025/texmf-dist/tex/latex/l3packages/xtemplate/xtemplate.st
y
Package: xtemplate 2024-08-16 L3 Experimental prototype document functions
)
\l__xeCJK_tmp_int=\count273
\l__xeCJK_tmp_box=\box54
\l__xeCJK_tmp_dim=\dimen143
\l__xeCJK_tmp_skip=\skip51
\g__xeCJK_space_factor_int=\count274
\l__xeCJK_begin_int=\count275
\l__xeCJK_end_int=\count276
\c__xeCJK_CJK_class_int=\XeTeXcharclass1
\c__xeCJK_FullLeft_class_int=\XeTeXcharclass2
\c__xeCJK_FullRight_class_int=\XeTeXcharclass3
\c__xeCJK_HalfLeft_class_int=\XeTeXcharclass4
\c__xeCJK_HalfRight_class_int=\XeTeXcharclass5
\c__xeCJK_NormalSpace_class_int=\XeTeXcharclass6
\c__xeCJK_CM_class_int=\XeTeXcharclass7
\c__xeCJK_HangulJamo_class_int=\XeTeXcharclass8
\l__xeCJK_last_skip=\skip52
\c__xeCJK_none_node=\count277
\g__xeCJK_node_int=\count278
\c__xeCJK_CJK_node_dim=\dimen144
\c__xeCJK_CJK-space_node_dim=\dimen145
\c__xeCJK_default_node_dim=\dimen146
\c__xeCJK_CJK-widow_node_dim=\dimen147
\c__xeCJK_normalspace_node_dim=\dimen148
\c__xeCJK_default-space_node_skip=\skip53
\l__xeCJK_ccglue_skip=\skip54
\l__xeCJK_ecglue_skip=\skip55
\l__xeCJK_punct_kern_skip=\skip56
\l__xeCJK_indent_box=\box55
\l__xeCJK_last_penalty_int=\count279
\l__xeCJK_last_bound_dim=\dimen149
\l__xeCJK_last_kern_dim=\dimen150
\l__xeCJK_widow_penalty_int=\count280

LaTeX template Info: Declaring template type 'xeCJK/punctuation' taking 0
(template)           argument(s) on line 2396.

\l__xeCJK_fixed_punct_width_dim=\dimen151
\l__xeCJK_mixed_punct_width_dim=\dimen152
\l__xeCJK_middle_punct_width_dim=\dimen153
\l__xeCJK_fixed_margin_width_dim=\dimen154
\l__xeCJK_mixed_margin_width_dim=\dimen155
\l__xeCJK_middle_margin_width_dim=\dimen156
\l__xeCJK_bound_punct_width_dim=\dimen157
\l__xeCJK_bound_margin_width_dim=\dimen158
\l__xeCJK_margin_minimum_dim=\dimen159
\l__xeCJK_kerning_total_width_dim=\dimen160
\l__xeCJK_same_align_margin_dim=\dimen161
\l__xeCJK_different_align_margin_dim=\dimen162
\l__xeCJK_kerning_margin_width_dim=\dimen163
\l__xeCJK_kerning_margin_minimum_dim=\dimen164
\l__xeCJK_bound_dim=\dimen165
\l__xeCJK_reverse_bound_dim=\dimen166
\l__xeCJK_margin_dim=\dimen167
\l__xeCJK_minimum_bound_dim=\dimen168
\l__xeCJK_kerning_margin_dim=\dimen169
\g__xeCJK_family_int=\count281
\l__xeCJK_fam_int=\count282
\g__xeCJK_fam_allocation_int=\count283
\l__xeCJK_verb_case_int=\count284
\l__xeCJK_verb_exspace_skip=\skip57
 (/usr/local/texlive/2025/texmf-dist/tex/latex/fontspec/fontspec.sty
(/usr/local/texlive/2025/texmf-dist/tex/latex/l3packages/xparse/xparse.sty
Package: xparse 2024-08-16 L3 Experimental document command parser
)
Package: fontspec 2024/05/11 v2.9e Font selection for XeLaTeX and LuaLaTeX

(/usr/local/texlive/2025/texmf-dist/tex/latex/fontspec/fontspec-xetex.sty
Package: fontspec-xetex 2024/05/11 v2.9e Font selection for XeLaTeX and LuaLaTe
X
\l__fontspec_script_int=\count285
\l__fontspec_language_int=\count286
\l__fontspec_strnum_int=\count287
\l__fontspec_tmp_int=\count288
\l__fontspec_tmpa_int=\count289
\l__fontspec_tmpb_int=\count290
\l__fontspec_tmpc_int=\count291
\l__fontspec_em_int=\count292
\l__fontspec_emdef_int=\count293
\l__fontspec_strong_int=\count294
\l__fontspec_strongdef_int=\count295
\l__fontspec_tmpa_dim=\dimen170
\l__fontspec_tmpb_dim=\dimen171
\l__fontspec_tmpc_dim=\dimen172

(/usr/local/texlive/2025/texmf-dist/tex/latex/base/fontenc.sty
Package: fontenc 2021/04/29 v2.0v Standard LaTeX package
)
(/usr/local/texlive/2025/texmf-dist/tex/latex/fontspec/fontspec.cfg)))
(/usr/local/texlive/2025/texmf-dist/tex/xelatex/xecjk/xeCJK.cfg
File: xeCJK.cfg 2022/08/05 v3.9.1 Configuration file for xeCJK package
))
\ccwd=\dimen173
\l__ctex_ccglue_skip=\skip58
)
\l__ctex_ziju_dim=\dimen174

(/usr/local/texlive/2025/texmf-dist/tex/latex/zhnumber/zhnumber.sty
Package: zhnumber 2022/07/14 v3.0 Typesetting numbers with Chinese glyphs
\l__zhnum_scale_int=\count296
\l__zhnum_tmp_int=\count297

(/usr/local/texlive/2025/texmf-dist/tex/latex/zhnumber/zhnumber-utf8.cfg
File: zhnumber-utf8.cfg 2022/07/14 v3.0 Chinese numerals with UTF8 encoding
))
\l__ctex_heading_skip=\skip59

(/usr/local/texlive/2025/texmf-dist/tex/latex/ctex/scheme/ctex-scheme-chinese-b
ook.def
File: ctex-scheme-chinese-book.def 2022/07/14 v2.5.10 Chinese scheme for book (
CTEX)

(/usr/local/texlive/2025/texmf-dist/tex/latex/ctex/config/ctex-name-utf8.cfg
File: ctex-name-utf8.cfg 2022/07/14 v2.5.10 Caption with encoding UTF-8 (CTEX)
))
(/usr/local/texlive/2025/texmf-dist/tex/latex/ctex/fontset/ctex-fontset-mac.def
File: ctex-fontset-mac.def 2022/07/14 v2.5.10 macOS fonts definition (CTEX)

(/usr/local/texlive/2025/texmf-dist/tex/latex/ctex/fontset/ctex-fontset-macold.
def
File: ctex-fontset-macold.def 2022/07/14 v2.5.10 macOS fonts definition for Yos
emite or earlier version (CTEX)

Package fontspec Info: 
(fontspec)             Script 'CJK' not explicitly supported within font
(fontspec)             'STSong'. Check the typeset output, and if it is okay
(fontspec)             then ignore this warning. Otherwise a different font
(fontspec)             should be chosen.


Package fontspec Info: 
(fontspec)             Could not resolve font "STKaiti/B" (it probably doesn't
(fontspec)             exist).


Package fontspec Info: 
(fontspec)             Could not resolve font "STHeiti/I" (it probably doesn't
(fontspec)             exist).


Package fontspec Info: 
(fontspec)             Could not resolve font "STSong/BI" (it probably doesn't
(fontspec)             exist).


Package fontspec Info: 
(fontspec)             Font family 'STSong(0)' created for font 'STSong' with
(fontspec)             options
(fontspec)             [Script={CJK},BoldFont={STHeiti},ItalicFont={STKaiti}].
(fontspec)              
(fontspec)              This font family consists of the following NFSS
(fontspec)             series/shapes:
(fontspec)              
(fontspec)             - 'normal' (m/n) with NFSS spec.:
(fontspec)             <->"STSong/OT:script=hani;language=dflt;"
(fontspec)             - 'bold' (b/n) with NFSS spec.:
(fontspec)             <->"STHeiti/OT:script=hani;language=dflt;"
(fontspec)             - 'italic' (m/it) with NFSS spec.:
(fontspec)             <->"STKaiti/OT:script=hani;language=dflt;"

))) (/usr/local/texlive/2025/texmf-dist/tex/latex/ctex/config/ctex.cfg
File: ctex.cfg 2022/07/14 v2.5.10 Configuration file (CTEX)
)
(/usr/local/texlive/2025/texmf-dist/tex/latex/geometry/geometry.sty
Package: geometry 2020/01/02 v5.9 Page Geometry

(/usr/local/texlive/2025/texmf-dist/tex/latex/graphics/keyval.sty
Package: keyval 2022/05/29 v1.15 key=value parser (DPC)
\KV@toks@=\toks17
)
(/usr/local/texlive/2025/texmf-dist/tex/generic/iftex/ifvtex.sty
Package: ifvtex 2019/10/25 v1.7 ifvtex legacy package. Use iftex instead.

(/usr/local/texlive/2025/texmf-dist/tex/generic/iftex/iftex.sty
Package: iftex 2024/12/12 v1.0g TeX engine tests
))
\Gm@cnth=\count298
\Gm@cntv=\count299
\c@Gm@tempcnt=\count300
\Gm@bindingoffset=\dimen175
\Gm@wd@mp=\dimen176
\Gm@odd@mp=\dimen177
\Gm@even@mp=\dimen178
\Gm@layoutwidth=\dimen179
\Gm@layoutheight=\dimen180
\Gm@layouthoffset=\dimen181
\Gm@layoutvoffset=\dimen182
\Gm@dimlist=\toks18
)
(/usr/local/texlive/2025/texmf-dist/tex/latex/amsmath/amsmath.sty
Package: amsmath 2024/11/05 v2.17t AMS math features
\@mathmargin=\skip60

For additional information on amsmath, use the `?' option.
(/usr/local/texlive/2025/texmf-dist/tex/latex/amsmath/amstext.sty
Package: amstext 2021/08/26 v2.01 AMS text

(/usr/local/texlive/2025/texmf-dist/tex/latex/amsmath/amsgen.sty
File: amsgen.sty 1999/11/30 v2.0 generic functions
\@emptytoks=\toks19
\ex@=\dimen183
))
(/usr/local/texlive/2025/texmf-dist/tex/latex/amsmath/amsbsy.sty
Package: amsbsy 1999/11/29 v1.2d Bold Symbols
\pmbraise@=\dimen184
)
(/usr/local/texlive/2025/texmf-dist/tex/latex/amsmath/amsopn.sty
Package: amsopn 2022/04/08 v2.04 operator names
)
\inf@bad=\count301
LaTeX Info: Redefining \frac on input line 233.
\uproot@=\count302
\leftroot@=\count303
LaTeX Info: Redefining \overline on input line 398.
LaTeX Info: Redefining \colon on input line 409.
\classnum@=\count304
\DOTSCASE@=\count305
LaTeX Info: Redefining \ldots on input line 495.
LaTeX Info: Redefining \dots on input line 498.
LaTeX Info: Redefining \cdots on input line 619.
\Mathstrutbox@=\box56
\strutbox@=\box57
LaTeX Info: Redefining \big on input line 721.
LaTeX Info: Redefining \Big on input line 722.
LaTeX Info: Redefining \bigg on input line 723.
LaTeX Info: Redefining \Bigg on input line 724.
\big@size=\dimen185
LaTeX Font Info:    Redeclaring font encoding OML on input line 742.
LaTeX Font Info:    Redeclaring font encoding OMS on input line 743.
\macc@depth=\count306
LaTeX Info: Redefining \bmod on input line 904.
LaTeX Info: Redefining \pmod on input line 909.
LaTeX Info: Redefining \smash on input line 939.
LaTeX Info: Redefining \relbar on input line 969.
LaTeX Info: Redefining \Relbar on input line 970.
\c@MaxMatrixCols=\count307
\dotsspace@=\muskip17
\c@parentequation=\count308
\dspbrk@lvl=\count309
\tag@help=\toks20
\row@=\count310
\column@=\count311
\maxfields@=\count312
\andhelp@=\toks21
\eqnshift@=\dimen186
\alignsep@=\dimen187
\tagshift@=\dimen188
\tagwidth@=\dimen189
\totwidth@=\dimen190
\lineht@=\dimen191
\@envbody=\toks22
\multlinegap=\skip61
\multlinetaggap=\skip62
\mathdisplay@stack=\toks23
LaTeX Info: Redefining \[ on input line 2953.
LaTeX Info: Redefining \] on input line 2954.
)
(/usr/local/texlive/2025/texmf-dist/tex/latex/amsfonts/amssymb.sty
Package: amssymb 2013/01/14 v3.01 AMS font symbols

(/usr/local/texlive/2025/texmf-dist/tex/latex/amsfonts/amsfonts.sty
Package: amsfonts 2013/01/14 v3.01 Basic AMSFonts support
\symAMSa=\mathgroup4
\symAMSb=\mathgroup5
LaTeX Font Info:    Redeclaring math symbol \hbar on input line 98.
LaTeX Font Info:    Overwriting math alphabet `\mathfrak' in version `bold'
(Font)                  U/euf/m/n --> U/euf/b/n on input line 106.
))
(/usr/local/texlive/2025/texmf-dist/tex/latex/mathtools/mathtools.sty
Package: mathtools 2024/10/04 v1.31 mathematical typesetting tools

(/usr/local/texlive/2025/texmf-dist/tex/latex/tools/calc.sty
Package: calc 2023/07/08 v4.3 Infix arithmetic (KKT,FJ)
\calc@Acount=\count313
\calc@Bcount=\count314
\calc@Adimen=\dimen192
\calc@Bdimen=\dimen193
\calc@Askip=\skip63
\calc@Bskip=\skip64
LaTeX Info: Redefining \setlength on input line 80.
LaTeX Info: Redefining \addtolength on input line 81.
\calc@Ccount=\count315
\calc@Cskip=\skip65
)
(/usr/local/texlive/2025/texmf-dist/tex/latex/mathtools/mhsetup.sty
Package: mhsetup 2021/03/18 v1.4 programming setup (MH)
)
\g_MT_multlinerow_int=\count316
\l_MT_multwidth_dim=\dimen194
\origjot=\skip66
\l_MT_shortvdotswithinadjustabove_dim=\dimen195
\l_MT_shortvdotswithinadjustbelow_dim=\dimen196
\l_MT_above_intertext_sep=\dimen197
\l_MT_below_intertext_sep=\dimen198
\l_MT_above_shortintertext_sep=\dimen199
\l_MT_below_shortintertext_sep=\dimen256
\xmathstrut@box=\box58
\xmathstrut@dim=\dimen257
)
(/usr/local/texlive/2025/texmf-dist/tex/latex/booktabs/booktabs.sty
Package: booktabs 2020/01/12 v1.61803398 Publication quality tables
\heavyrulewidth=\dimen258
\lightrulewidth=\dimen259
\cmidrulewidth=\dimen260
\belowrulesep=\dimen261
\belowbottomsep=\dimen262
\aboverulesep=\dimen263
\abovetopsep=\dimen264
\cmidrulesep=\dimen265
\cmidrulekern=\dimen266
\defaultaddspace=\dimen267
\@cmidla=\count317
\@cmidlb=\count318
\@aboverulesep=\dimen268
\@belowrulesep=\dimen269
\@thisruleclass=\count319
\@lastruleclass=\count320
\@thisrulewidth=\dimen270
)
(/usr/local/texlive/2025/texmf-dist/tex/latex/tools/longtable.sty
Package: longtable 2024-10-27 v4.22 Multi-page Table package (DPC)
\LTleft=\skip67
\LTright=\skip68
\LTpre=\skip69
\LTpost=\skip70
\LTchunksize=\count321
\LTcapwidth=\dimen271
\LT@head=\box59
\LT@firsthead=\box60
\LT@foot=\box61
\LT@lastfoot=\box62
\LT@gbox=\box63
\LT@cols=\count322
\LT@rows=\count323
\c@LT@tables=\count324
\c@LT@chunks=\count325
\LT@p@ftn=\toks24
)
(/usr/local/texlive/2025/texmf-dist/tex/latex/tools/tabularx.sty
Package: tabularx 2023/12/11 v2.12a `tabularx' package (DPC)

(/usr/local/texlive/2025/texmf-dist/tex/latex/tools/array.sty
Package: array 2024/10/17 v2.6g Tabular extension package (FMi)
\col@sep=\dimen272
\ar@mcellbox=\box64
\extrarowheight=\dimen273
\NC@list=\toks25
\extratabsurround=\skip71
\backup@length=\skip72
\ar@cellbox=\box65
)
\TX@col@width=\dimen274
\TX@old@table=\dimen275
\TX@old@col=\dimen276
\TX@target=\dimen277
\TX@delta=\dimen278
\TX@cols=\count326
\TX@ftn=\toks26
)
(/usr/local/texlive/2025/texmf-dist/tex/latex/multirow/multirow.sty
Package: multirow 2024/11/12 v2.9 Span multiple rows of a table
\multirow@colwidth=\skip73
\multirow@cntb=\count327
\multirow@dima=\skip74
\bigstrutjot=\dimen279
)
(/usr/local/texlive/2025/texmf-dist/tex/latex/enumitem/enumitem.sty
Package: enumitem 2025/02/06 v3.11 Customized lists
\labelindent=\skip75
\enit@outerparindent=\dimen280
\enit@toks=\toks27
\enit@inbox=\box66
\enit@count@id=\count328
\enitdp@description=\count329
)
(/usr/local/texlive/2025/texmf-dist/tex/latex/xcolor/xcolor.sty
Package: xcolor 2024/09/29 v3.02 LaTeX color extensions (UK)

(/usr/local/texlive/2025/texmf-dist/tex/latex/graphics-cfg/color.cfg
File: color.cfg 2016/01/02 v1.6 sample color configuration
)
Package xcolor Info: Driver file: xetex.def on input line 274.

(/usr/local/texlive/2025/texmf-dist/tex/latex/graphics-def/xetex.def
File: xetex.def 2022/09/22 v5.0n Graphics/color driver for xetex
)
(/usr/local/texlive/2025/texmf-dist/tex/latex/graphics/mathcolor.ltx)
Package xcolor Info: Model `cmy' substituted by `cmy0' on input line 1349.
Package xcolor Info: Model `RGB' extended on input line 1365.
Package xcolor Info: Model `HTML' substituted by `rgb' on input line 1367.
Package xcolor Info: Model `Hsb' substituted by `hsb' on input line 1368.
Package xcolor Info: Model `tHsb' substituted by `hsb' on input line 1369.
Package xcolor Info: Model `HSB' substituted by `hsb' on input line 1370.
Package xcolor Info: Model `Gray' substituted by `gray' on input line 1371.
Package xcolor Info: Model `wave' substituted by `hsb' on input line 1372.
)
(/usr/local/texlive/2025/texmf-dist/tex/latex/listings/listings.sty
\lst@mode=\count330
\lst@gtempboxa=\box67
\lst@token=\toks28
\lst@length=\count331
\lst@currlwidth=\dimen281
\lst@column=\count332
\lst@pos=\count333
\lst@lostspace=\dimen282
\lst@width=\dimen283
\lst@newlines=\count334
\lst@lineno=\count335
\lst@maxwidth=\dimen284

(/usr/local/texlive/2025/texmf-dist/tex/latex/listings/lstpatch.sty
File: lstpatch.sty 2024/09/23 1.10c (Carsten Heinz)
)
(/usr/local/texlive/2025/texmf-dist/tex/latex/listings/lstmisc.sty
File: lstmisc.sty 2024/09/23 1.10c (Carsten Heinz)
\c@lstnumber=\count336
\lst@skipnumbers=\count337
\lst@framebox=\box68
)
(/usr/local/texlive/2025/texmf-dist/tex/latex/listings/listings.cfg
File: listings.cfg 2024/09/23 1.10c listings configuration
))
Package: listings 2024/09/23 1.10c (Carsten Heinz)

(/usr/local/texlive/2025/texmf-dist/tex/xelatex/xecjk/xeCJK-listings.sty
Package: xeCJK-listings 2022/08/05 v3.9.1 xeCJK patch file for listings
\l__xeCJK_listings_max_char_int=\count338
\l__xeCJK_listings_flag_int=\count339
)
(/usr/local/texlive/2025/texmf-dist/tex/latex/url/url.sty
\Urlmuskip=\muskip18
Package: url 2013/09/16  ver 3.4  Verb mode for urls, etc.
)
(/usr/local/texlive/2025/texmf-dist/tex/latex/hyperref/hyperref.sty
Package: hyperref 2024-11-05 v7.01l Hypertext links for LaTeX

(/usr/local/texlive/2025/texmf-dist/tex/latex/kvsetkeys/kvsetkeys.sty
Package: kvsetkeys 2022-10-05 v1.19 Key value parser (HO)
)
(/usr/local/texlive/2025/texmf-dist/tex/generic/kvdefinekeys/kvdefinekeys.sty
Package: kvdefinekeys 2019-12-19 v1.6 Define keys (HO)
)
(/usr/local/texlive/2025/texmf-dist/tex/generic/pdfescape/pdfescape.sty
Package: pdfescape 2019/12/09 v1.15 Implements pdfTeX's escape features (HO)

(/usr/local/texlive/2025/texmf-dist/tex/generic/ltxcmds/ltxcmds.sty
Package: ltxcmds 2023-12-04 v1.26 LaTeX kernel commands for general use (HO)
)
(/usr/local/texlive/2025/texmf-dist/tex/generic/pdftexcmds/pdftexcmds.sty
Package: pdftexcmds 2020-06-27 v0.33 Utility functions of pdfTeX for LuaTeX (HO
)

(/usr/local/texlive/2025/texmf-dist/tex/generic/infwarerr/infwarerr.sty
Package: infwarerr 2019/12/03 v1.5 Providing info/warning/error messages (HO)
)
Package pdftexcmds Info: \pdf@primitive is available.
Package pdftexcmds Info: \pdf@ifprimitive is available.
Package pdftexcmds Info: \pdfdraftmode not found.
))
(/usr/local/texlive/2025/texmf-dist/tex/latex/hycolor/hycolor.sty
Package: hycolor 2020-01-27 v1.10 Color options for hyperref/bookmark (HO)
)
(/usr/local/texlive/2025/texmf-dist/tex/latex/hyperref/nameref.sty
Package: nameref 2023-11-26 v2.56 Cross-referencing by name of section

(/usr/local/texlive/2025/texmf-dist/tex/latex/refcount/refcount.sty
Package: refcount 2019/12/15 v3.6 Data extraction from label references (HO)
)
(/usr/local/texlive/2025/texmf-dist/tex/generic/gettitlestring/gettitlestring.s
ty
Package: gettitlestring 2019/12/15 v1.6 Cleanup title references (HO)
 (/usr/local/texlive/2025/texmf-dist/tex/latex/kvoptions/kvoptions.sty
Package: kvoptions 2022-06-15 v3.15 Key value format for package options (HO)
))
\c@section@level=\count340
)
(/usr/local/texlive/2025/texmf-dist/tex/latex/etoolbox/etoolbox.sty
Package: etoolbox 2025/02/11 v2.5l e-TeX tools for LaTeX (JAW)
\etb@tempcnta=\count341
)
(/usr/local/texlive/2025/texmf-dist/tex/generic/stringenc/stringenc.sty
Package: stringenc 2019/11/29 v1.12 Convert strings between diff. encodings (HO
)
)
\@linkdim=\dimen285
\Hy@linkcounter=\count342
\Hy@pagecounter=\count343

(/usr/local/texlive/2025/texmf-dist/tex/latex/hyperref/pd1enc.def
File: pd1enc.def 2024-11-05 v7.01l Hyperref: PDFDocEncoding definition (HO)
)
(/usr/local/texlive/2025/texmf-dist/tex/generic/intcalc/intcalc.sty
Package: intcalc 2019/12/15 v1.3 Expandable calculations with integers (HO)
)
\Hy@SavedSpaceFactor=\count344

(/usr/local/texlive/2025/texmf-dist/tex/latex/hyperref/puenc.def
File: puenc.def 2024-11-05 v7.01l Hyperref: PDF Unicode definition (HO)
)
Package hyperref Info: Option `unicode' set `true' on input line 4040.
Package hyperref Info: Hyper figures OFF on input line 4157.
Package hyperref Info: Link nesting OFF on input line 4162.
Package hyperref Info: Hyper index ON on input line 4165.
Package hyperref Info: Plain pages OFF on input line 4172.
Package hyperref Info: Backreferencing OFF on input line 4177.
Package hyperref Info: Implicit mode ON; LaTeX internals redefined.
Package hyperref Info: Bookmarks ON on input line 4424.
\c@Hy@tempcnt=\count345
LaTeX Info: Redefining \url on input line 4763.
\XeTeXLinkMargin=\dimen286

(/usr/local/texlive/2025/texmf-dist/tex/generic/bitset/bitset.sty
Package: bitset 2019/12/09 v1.3 Handle bit-vector datatype (HO)

(/usr/local/texlive/2025/texmf-dist/tex/generic/bigintcalc/bigintcalc.sty
Package: bigintcalc 2019/12/15 v1.5 Expandable calculations on big integers (HO
)
))
\Fld@menulength=\count346
\Field@Width=\dimen287
\Fld@charsize=\dimen288
Package hyperref Info: Hyper figures OFF on input line 6042.
Package hyperref Info: Link nesting OFF on input line 6047.
Package hyperref Info: Hyper index ON on input line 6050.
Package hyperref Info: backreferencing OFF on input line 6057.
Package hyperref Info: Link coloring OFF on input line 6062.
Package hyperref Info: Link coloring with OCG OFF on input line 6067.
Package hyperref Info: PDF/A mode OFF on input line 6072.

(/usr/local/texlive/2025/texmf-dist/tex/latex/base/atbegshi-ltx.sty
Package: atbegshi-ltx 2021/01/10 v1.0c Emulation of the original atbegshi
package with kernel methods
)
\Hy@abspage=\count347
\c@Item=\count348
\c@Hfootnote=\count349
)
Package hyperref Info: Driver (autodetected): hxetex.

(/usr/local/texlive/2025/texmf-dist/tex/latex/hyperref/hxetex.def
File: hxetex.def 2024-11-05 v7.01l Hyperref driver for XeTeX
\pdfm@box=\box69
\c@Hy@AnnotLevel=\count350
\HyField@AnnotCount=\count351
\Fld@listcount=\count352
\c@bookmark@seq@number=\count353

(/usr/local/texlive/2025/texmf-dist/tex/latex/rerunfilecheck/rerunfilecheck.sty
Package: rerunfilecheck 2022-07-10 v1.10 Rerun checks for auxiliary files (HO)
(/usr/local/texlive/2025/texmf-dist/tex/latex/base/atveryend-ltx.sty
Package: atveryend-ltx 2020/08/19 v1.0a Emulation of the original atveryend pac
kage
with kernel methods
)
(/usr/local/texlive/2025/texmf-dist/tex/generic/uniquecounter/uniquecounter.sty
Package: uniquecounter 2019/12/15 v1.4 Provide unlimited unique counter (HO)
)
Package uniquecounter Info: New unique counter `rerunfilecheck' on input line 2
85.
)
\Hy@SectionHShift=\skip76
) (/usr/local/texlive/2025/texmf-dist/tex/latex/fancyhdr/fancyhdr.sty
Package: fancyhdr 2025/02/07 v5.2 Extensive control of page headers and footers

\f@nch@headwidth=\skip77
\f@nch@offset@elh=\skip78
\f@nch@offset@erh=\skip79
\f@nch@offset@olh=\skip80
\f@nch@offset@orh=\skip81
\f@nch@offset@elf=\skip82
\f@nch@offset@erf=\skip83
\f@nch@offset@olf=\skip84
\f@nch@offset@orf=\skip85
\f@nch@height=\skip86
\f@nch@footalignment=\skip87
\f@nch@widthL=\skip88
\f@nch@widthC=\skip89
\f@nch@widthR=\skip90
\@temptokenb=\toks29
)
(/usr/local/texlive/2025/texmf-dist/tex/latex/microtype/microtype.sty
Package: microtype 2025/02/11 v3.2a Micro-typographical refinements (RS)
\MT@toks=\toks30
\MT@tempbox=\box70
\MT@count=\count354
LaTeX Info: Redefining \noprotrusionifhmode on input line 1087.
LaTeX Info: Redefining \leftprotrusion on input line 1088.
\MT@prot@toks=\toks31
LaTeX Info: Redefining \rightprotrusion on input line 1107.
LaTeX Info: Redefining \textls on input line 1449.
\MT@outer@kern=\dimen289
LaTeX Info: Redefining \microtypecontext on input line 2053.
LaTeX Info: Redefining \textmicrotypecontext on input line 2070.
\MT@listname@count=\count355

(/usr/local/texlive/2025/texmf-dist/tex/latex/microtype/microtype-xetex.def
File: microtype-xetex.def 2025/02/11 v3.2a Definitions specific to xetex (RS)
LaTeX Info: Redefining \lsstyle on input line 443.
LaTeX Info: Redefining \lslig on input line 451.
\MT@outer@space=\skip91
)
Package microtype Info: Loading configuration file microtype.cfg.

(/usr/local/texlive/2025/texmf-dist/tex/latex/microtype/microtype.cfg
File: microtype.cfg 2025/02/11 v3.2a microtype main configuration file (RS)
)
LaTeX Info: Redefining \microtypesetup on input line 3065.
)
Package hyperref Info: Option `colorlinks' set `true' on input line 42.

(./report_pyqcd_lattice_qcd_theory_20260906.aux)
\openout1 = `report_pyqcd_lattice_qcd_theory_20260906.aux'.

LaTeX Font Info:    Checking defaults for OML/cmm/m/it on input line 77.
LaTeX Font Info:    ... okay on input line 77.
LaTeX Font Info:    Checking defaults for OMS/cmsy/m/n on input line 77.
LaTeX Font Info:    ... okay on input line 77.
LaTeX Font Info:    Checking defaults for OT1/cmr/m/n on input line 77.
LaTeX Font Info:    ... okay on input line 77.
LaTeX Font Info:    Checking defaults for T1/cmr/m/n on input line 77.
LaTeX Font Info:    ... okay on input line 77.
LaTeX Font Info:    Checking defaults for TS1/cmr/m/n on input line 77.
LaTeX Font Info:    ... okay on input line 77.
LaTeX Font Info:    Checking defaults for TU/lmr/m/n on input line 77.
LaTeX Font Info:    ... okay on input line 77.
LaTeX Font Info:    Checking defaults for OMX/cmex/m/n on input line 77.
LaTeX Font Info:    ... okay on input line 77.
LaTeX Font Info:    Checking defaults for U/cmr/m/n on input line 77.
LaTeX Font Info:    ... okay on input line 77.
LaTeX Font Info:    Checking defaults for PD1/pdf/m/n on input line 77.
LaTeX Font Info:    ... okay on input line 77.
LaTeX Font Info:    Checking defaults for PU/pdf/m/n on input line 77.
LaTeX Font Info:    ... okay on input line 77.

Package fontspec Info: 
(fontspec)             Adjusting the maths setup (use [no-math] to avoid
(fontspec)             this).

\symlegacymaths=\mathgroup6
LaTeX Font Info:    Overwriting symbol font `legacymaths' in version `bold'
(Font)                  OT1/cmr/m/n --> OT1/cmr/bx/n on input line 77.
LaTeX Font Info:    Redeclaring math accent \acute on input line 77.
LaTeX Font Info:    Redeclaring math accent \grave on input line 77.
LaTeX Font Info:    Redeclaring math accent \ddot on input line 77.
LaTeX Font Info:    Redeclaring math accent \tilde on input line 77.
LaTeX Font Info:    Redeclaring math accent \bar on input line 77.
LaTeX Font Info:    Redeclaring math accent \breve on input line 77.
LaTeX Font Info:    Redeclaring math accent \check on input line 77.
LaTeX Font Info:    Redeclaring math accent \hat on input line 77.
LaTeX Font Info:    Redeclaring math accent \dot on input line 77.
LaTeX Font Info:    Redeclaring math accent \mathring on input line 77.
LaTeX Font Info:    Redeclaring math symbol \Gamma on input line 77.
LaTeX Font Info:    Redeclaring math symbol \Delta on input line 77.
LaTeX Font Info:    Redeclaring math symbol \Theta on input line 77.
LaTeX Font Info:    Redeclaring math symbol \Lambda on input line 77.
LaTeX Font Info:    Redeclaring math symbol \Xi on input line 77.
LaTeX Font Info:    Redeclaring math symbol \Pi on input line 77.
LaTeX Font Info:    Redeclaring math symbol \Sigma on input line 77.
LaTeX Font Info:    Redeclaring math symbol \Upsilon on input line 77.
LaTeX Font Info:    Redeclaring math symbol \Phi on input line 77.
LaTeX Font Info:    Redeclaring math symbol \Psi on input line 77.
LaTeX Font Info:    Redeclaring math symbol \Omega on input line 77.
LaTeX Font Info:    Redeclaring math symbol \mathdollar on input line 77.
LaTeX Font Info:    Redeclaring symbol font `operators' on input line 77.
LaTeX Font Info:    Encoding `OT1' has changed to `TU' for symbol font
(Font)              `operators' in the math version `normal' on input line 77.
LaTeX Font Info:    Overwriting symbol font `operators' in version `normal'
(Font)                  OT1/cmr/m/n --> TU/lmr/m/n on input line 77.
LaTeX Font Info:    Encoding `OT1' has changed to `TU' for symbol font
(Font)              `operators' in the math version `bold' on input line 77.
LaTeX Font Info:    Overwriting symbol font `operators' in version `bold'
(Font)                  OT1/cmr/bx/n --> TU/lmr/m/n on input line 77.
LaTeX Font Info:    Overwriting symbol font `operators' in version `normal'
(Font)                  TU/lmr/m/n --> TU/lmr/m/n on input line 77.
LaTeX Font Info:    Overwriting math alphabet `\mathit' in version `normal'
(Font)                  OT1/cmr/m/it --> TU/lmr/m/it on input line 77.
LaTeX Font Info:    Overwriting math alphabet `\mathbf' in version `normal'
(Font)                  OT1/cmr/bx/n --> TU/lmr/b/n on input line 77.
LaTeX Font Info:    Overwriting math alphabet `\mathsf' in version `normal'
(Font)                  OT1/cmss/m/n --> TU/lmss/m/n on input line 77.
LaTeX Font Info:    Overwriting math alphabet `\mathtt' in version `normal'
(Font)                  OT1/cmtt/m/n --> TU/lmtt/m/n on input line 77.
LaTeX Font Info:    Overwriting symbol font `operators' in version `bold'
(Font)                  TU/lmr/m/n --> TU/lmr/b/n on input line 77.
LaTeX Font Info:    Overwriting math alphabet `\mathit' in version `bold'
(Font)                  OT1/cmr/bx/it --> TU/lmr/b/it on input line 77.
LaTeX Font Info:    Overwriting math alphabet `\mathsf' in version `bold'
(Font)                  OT1/cmss/bx/n --> TU/lmss/b/n on input line 77.
LaTeX Font Info:    Overwriting math alphabet `\mathtt' in version `bold'
(Font)                  OT1/cmtt/m/n --> TU/lmtt/b/n on input line 77.

*geometry* driver: auto-detecting
*geometry* detected driver: xetex
*geometry* verbose mode - [ preamble ] result:
* driver: xetex
* paper: a4paper
* layout: <same size as paper>
* layoutoffset:(h,v)=(0.0pt,0.0pt)
* modes: 
* h-part:(L,W,R)=(69.70915pt, 458.08957pt, 69.70915pt)
* v-part:(T,H,B)=(69.70915pt, 705.62854pt, 69.70915pt)
* \paperwidth=597.50787pt
* \paperheight=845.04684pt
* \textwidth=458.08957pt
* \textheight=705.62854pt
* \oddsidemargin=-2.56084pt
* \evensidemargin=-2.56084pt
* \topmargin=-37.43463pt
* \headheight=15.0pt
* \headsep=19.8738pt
* \topskip=11.0pt
* \footskip=27.46295pt
* \marginparwidth=62.0pt
* \marginparsep=7.0pt
* \columnsep=10.0pt
* \skip\footins=10.0pt plus 4.0pt minus 2.0pt
* \hoffset=0.0pt
* \voffset=0.0pt
* \mag=1000
* \@twocolumnfalse
* \@twosidefalse
* \@mparswitchfalse
* \@reversemarginfalse
* (1in=72.27pt=25.4mm, 1cm=28.453pt)

(/usr/local/texlive/2025/texmf-dist/tex/latex/graphics/graphicx.sty
Package: graphicx 2021/09/16 v1.2d Enhanced LaTeX Graphics (DPC,SPQR)

(/usr/local/texlive/2025/texmf-dist/tex/latex/graphics/graphics.sty
Package: graphics 2024/08/06 v1.4g Standard LaTeX Graphics (DPC,SPQR)

(/usr/local/texlive/2025/texmf-dist/tex/latex/graphics/trig.sty
Package: trig 2023/12/02 v1.11 sin cos tan (DPC)
)
(/usr/local/texlive/2025/texmf-dist/tex/latex/graphics-cfg/graphics.cfg
File: graphics.cfg 2016/06/04 v1.11 sample graphics configuration
)
Package graphics Info: Driver file: xetex.def on input line 106.
)
\Gin@req@height=\dimen290
\Gin@req@width=\dimen291
)
\c@lstlisting=\count356
Package hyperref Info: Link coloring ON on input line 77.

(./report_pyqcd_lattice_qcd_theory_20260906.out)
(./report_pyqcd_lattice_qcd_theory_20260906.out)
\@outlinefile=\write3
\openout3 = `report_pyqcd_lattice_qcd_theory_20260906.out'.

LaTeX Info: Redefining \microtypecontext on input line 77.
Package microtype Info: Applying patch `item' on input line 77.
Package microtype Info: Applying patch `toc' on input line 77.
Package microtype Info: Applying patch `eqnum' on input line 77.
Package microtype Info: Applying patch `footnote' on input line 77.
Package microtype Info: Applying patch `verbatim' on input line 77.
LaTeX Info: Redefining \microtypesetup on input line 77.
Package microtype Info: Character protrusion enabled (level 2).
Package microtype Info: Using default protrusion set `alltext'.
Package microtype Info: No adjustment of tracking.
Package microtype Info: No adjustment of spacing.
Package microtype Info: No adjustment of kerning.

(/usr/local/texlive/2025/texmf-dist/tex/latex/microtype/mt-LatinModernRoman.cfg
File: mt-LatinModernRoman.cfg 2021/02/21 v1.1 microtype config. file: Latin Mod
ern Roman (RS)
)
LaTeX Font Info:    Trying to load font information for U+msa on input line 89.

 (/usr/local/texlive/2025/texmf-dist/tex/latex/amsfonts/umsa.fd
File: umsa.fd 2013/01/14 v3.01 AMS symbols A
)
(/usr/local/texlive/2025/texmf-dist/tex/latex/microtype/mt-msa.cfg
File: mt-msa.cfg 2006/02/04 v1.1 microtype config. file: AMS symbols (a) (RS)
)
LaTeX Font Info:    Trying to load font information for U+msb on input line 89.


(/usr/local/texlive/2025/texmf-dist/tex/latex/amsfonts/umsb.fd
File: umsb.fd 2013/01/14 v3.01 AMS symbols B
)
(/usr/local/texlive/2025/texmf-dist/tex/latex/microtype/mt-msb.cfg
File: mt-msb.cfg 2005/06/01 v1.0 microtype config. file: AMS symbols (b) (RS)
)
(/usr/local/texlive/2025/texmf-dist/tex/latex/microtype/mt-cmr.cfg
File: mt-cmr.cfg 2013/05/19 v2.2 microtype config. file: Computer Modern Roman 
(RS)
)

Package fontspec Info: 
(fontspec)             Script 'CJK' not explicitly supported within font
(fontspec)             'STFangsong'. Check the typeset output, and if it is
(fontspec)             okay then ignore this warning. Otherwise a different
(fontspec)             font should be chosen.


Package fontspec Info: 
(fontspec)             Could not resolve font "STFangsong/BI" (it probably
(fontspec)             doesn't exist).


Package fontspec Info: 
(fontspec)             Could not resolve font "STFangsong/B" (it probably
(fontspec)             doesn't exist).


Package fontspec Info: 
(fontspec)             Could not resolve font "STFangsong/I" (it probably
(fontspec)             doesn't exist).

Package microtype Info: Loading generic protrusion settings for font family
(microtype)             `lmtt' (encoding: TU).
(microtype)             For optimal results, create family-specific settings.
(microtype)             See the microtype manual for details.

Package fontspec Info: 
(fontspec)             Font family 'STFangsong(0)' created for font
(fontspec)             'STFangsong' with options [Script={CJK}].
(fontspec)              
(fontspec)              This font family consists of the following NFSS
(fontspec)             series/shapes:
(fontspec)              
(fontspec)             - 'normal' (m/n) with NFSS spec.:
(fontspec)             <->"STFangsong/OT:script=hani;language=dflt;"



[1



]

[1

]

[2

] (./report_pyqcd_lattice_qcd_theory_20260906.toc

[3

]

[4])
\tf@toc=\write4
\openout4 = `report_pyqcd_lattice_qcd_theory_20260906.toc'.



[5]
第一章
[1


]

[2]
第二章


[3

]

[4]
第三章
Missing character: There is no ； (U+FF1B) in font [lmmono8-regular]:!


[5

]
Missing character: There is no ； (U+FF1B) in font [lmmono8-regular]:!


[6]
Missing character: There is no ； (U+FF1B) in font [lmmono8-regular]:!
Missing character: There is no 中 (U+4E2D) in font [lmmono8-regular]:!
Missing character: There is no 与 (U+4E0E) in font [lmmono8-regular]:!
Missing character: There is no 推 (U+63A8) in font [lmmono8-regular]:!
Missing character: There is no 导 (U+5BFC) in font [lmmono8-regular]:!

Overfull \hbox (21.31056pt too wide) in paragraph at lines 506--507
[][]\TU/STSong(0)/m/n/8 来 源：| $[] [] [][][][][][] [] [][][][][] [] [][][][][][]
 [] [][][][][][][] [] [][] [] [][][][][][][][][][][][][][][][] [] [][][][][][][
][][][][][][][][][][][][][] [] [][][][][][][][][][][][] [] [][][][][][][][][][]
[][][][][][][][][][][][][][]$[] 
 []

Missing character: There is no 格 (U+683C) in font [lmmono8-regular]:!
Missing character: There is no 点 (U+70B9) in font [lmmono8-regular]:!
Missing character: There is no 蒸 (U+84B8) in font [lmmono8-regular]:!
Missing character: There is no 馏 (U+998F) in font [lmmono8-regular]:!
Missing character: There is no 方 (U+65B9) in font [lmmono8-regular]:!
Missing character: There is no 法 (U+6CD5) in font [lmmono8-regular]:!
Missing character: There is no 解 (U+89E3) in font [lmmono8-regular]:!
Missing character: There is no 析 (U+6790) in font [lmmono8-regular]:!
Missing character: There is no ； (U+FF1B) in font [lmmono8-regular]:!


[7]
Missing character: There is no ； (U+FF1B) in font [lmmono8-regular]:!


[8]
第四章

Underfull \hbox (badness 1910) in paragraph at lines 696--701
[]\TU/STSong(0)/m/n/10.95 本 次 审 计 结 果 落 盘 到 $[][][][] [] [][][][][] [] [][][][]
[][] [] [][][][][] [] [][][][][][] [] [][][][][] [] [][][][]$，|  由 $[] [] [][][
][][][] []
 []


Overfull \hbox (14.66853pt too wide) in paragraph at lines 716--716
[]|\TU/lmr/m/n/10 source_inventory.missing_files|  
 []


Overfull \hbox (4.57852pt too wide) in paragraph at lines 716--716
[]|\TU/lmr/m/n/10 existing_myqcd_core.status|  
 []

Missing character: There is no ； (U+FF1B) in font [lmmono8-regular]:!
Missing character: There is no 格 (U+683C) in font [lmmono10-regular]:!
Missing character: There is no 点 (U+70B9) in font [lmmono10-regular]:!
Missing character: There is no 导 (U+5BFC) in font [lmmono10-regular]:!
Missing character: There is no 论 (U+8BBA) in font [lmmono10-regular]:!
Missing character: There is no 格 (U+683C) in font [lmmono10-regular]:!
Missing character: There is no 点 (U+70B9) in font [lmmono10-regular]:!
Missing character: There is no 导 (U+5BFC) in font [lmmono10-regular]:!
Missing character: There is no 论 (U+8BBA) in font [lmmono10-regular]:!
Missing character: There is no 格 (U+683C) in font [lmmono10-regular]:!
Missing character: There is no 点 (U+70B9) in font [lmmono10-regular]:!
Missing character: There is no 导 (U+5BFC) in font [lmmono10-regular]:!
Missing character: There is no 论 (U+8BBA) in font [lmmono10-regular]:!
Missing character: There is no 格 (U+683C) in font [lmmono10-regular]:!
Missing character: There is no 点 (U+70B9) in font [lmmono10-regular]:!
Missing character: There is no 导 (U+5BFC) in font [lmmono10-regular]:!
Missing character: There is no 论 (U+8BBA) in font [lmmono10-regular]:!
Missing character: There is no 准 (U+51C6) in font [lmmono10-regular]:!
Missing character: There is no 部 (U+90E8) in font [lmmono10-regular]:!
Missing character: There is no 分 (U+5206) in font [lmmono10-regular]:!
Missing character: There is no 子 (U+5B50) in font [lmmono10-regular]:!
Missing character: There is no 分 (U+5206) in font [lmmono10-regular]:!
Missing character: There is no 布 (U+5E03) in font [lmmono10-regular]:!
Missing character: There is no 单 (U+5355) in font [lmmono10-regular]:!
Missing character: There is no 圈 (U+5708) in font [lmmono10-regular]:!
Missing character: There is no 匹 (U+5339) in font [lmmono10-regular]:!
Missing character: There is no 配 (U+914D) in font [lmmono10-regular]:!
Missing character: There is no 从 (U+4ECE) in font [lmmono10-regular]:!
Missing character: There is no 准 (U+51C6) in font [lmmono10-regular]:!
Missing character: There is no 波 (U+6CE2) in font [lmmono10-regular]:!
Missing character: There is no 函 (U+51FD) in font [lmmono10-regular]:!
Missing character: There is no 数 (U+6570) in font [lmmono10-regular]:!
Missing character: There is no 确 (U+786E) in font [lmmono10-regular]:!
Missing character: There is no 定 (U+5B9A) in font [lmmono10-regular]:!
Missing character: There is no 核 (U+6838) in font [lmmono10-regular]:!
Missing character: There is no 计 (U+8BA1) in font [lmmono10-regular]:!
Missing character: There is no 算 (U+7B97) in font [lmmono10-regular]:!
Missing character: There is no 软 (U+8F6F) in font [lmmono10-regular]:!
Missing character: There is no 函 (U+51FD) in font [lmmono10-regular]:!
Missing character: There is no 数 (U+6570) in font [lmmono10-regular]:!
Missing character: There is no 准 (U+51C6) in font [lmmono10-regular]:!
Missing character: There is no 部 (U+90E8) in font [lmmono10-regular]:!
Missing character: There is no 分 (U+5206) in font [lmmono10-regular]:!
Missing character: There is no 子 (U+5B50) in font [lmmono10-regular]:!
Missing character: There is no 分 (U+5206) in font [lmmono10-regular]:!
Missing character: There is no 布 (U+5E03) in font [lmmono10-regular]:!
Missing character: There is no 与 (U+4E0E) in font [lmmono10-regular]:!
Missing character: There is no 梯 (U+68AF) in font [lmmono10-regular]:!
Missing character: There is no 度 (U+5EA6) in font [lmmono10-regular]:!
Missing character: There is no 流 (U+6D41) in font [lmmono10-regular]:!
Missing character: There is no 格 (U+683C) in font [lmmono10-regular]:!
Missing character: There is no 点 (U+70B9) in font [lmmono10-regular]:!
Missing character: There is no 中 (U+4E2D) in font [lmmono10-regular]:!
Missing character: There is no 的 (U+7684) in font [lmmono10-regular]:!
Missing character: There is no 关 (U+5173) in font [lmmono10-regular]:!
Missing character: There is no 联 (U+8054) in font [lmmono10-regular]:!
Missing character: There is no 函 (U+51FD) in font [lmmono10-regular]:!
Missing character: There is no 数 (U+6570) in font [lmmono10-regular]:!
Missing character: There is no 格 (U+683C) in font [lmmono10-regular]:!
Missing character: There is no 点 (U+70B9) in font [lmmono10-regular]:!
Missing character: There is no 中 (U+4E2D) in font [lmmono10-regular]:!
Missing character: There is no 的 (U+7684) in font [lmmono10-regular]:!
Missing character: There is no 算 (U+7B97) in font [lmmono10-regular]:!
Missing character: There is no 符 (U+7B26) in font [lmmono10-regular]:!
Missing character: There is no 格 (U+683C) in font [lmmono10-regular]:!
Missing character: There is no 点 (U+70B9) in font [lmmono10-regular]:!
Missing character: There is no 中 (U+4E2D) in font [lmmono10-regular]:!
Missing character: There is no 的 (U+7684) in font [lmmono10-regular]:!
Missing character: There is no 格 (U+683C) in font [lmmono10-regular]:!
Missing character: There is no 点 (U+70B9) in font [lmmono10-regular]:!
Missing character: There is no 导 (U+5BFC) in font [lmmono10-regular]:!
Missing character: There is no 论 (U+8BBA) in font [lmmono10-regular]:!
Missing character: There is no 格 (U+683C) in font [lmmono10-regular]:!
Missing character: There is no 点 (U+70B9) in font [lmmono10-regular]:!
Missing character: There is no 导 (U+5BFC) in font [lmmono10-regular]:!
Missing character: There is no 论 (U+8BBA) in font [lmmono10-regular]:!
Missing character: There is no 格 (U+683C) in font [lmmono10-regular]:!
Missing character: There is no 点 (U+70B9) in font [lmmono10-regular]:!
Missing character: There is no 导 (U+5BFC) in font [lmmono10-regular]:!
Missing character: There is no 论 (U+8BBA) in font [lmmono10-regular]:!
Missing character: There is no 格 (U+683C) in font [lmmono10-regular]:!
Missing character: There is no 点 (U+70B9) in font [lmmono10-regular]:!
Missing character: There is no 导 (U+5BFC) in font [lmmono10-regular]:!
Missing character: There is no 论 (U+8BBA) in font [lmmono10-regular]:!
Missing character: There is no 准 (U+51C6) in font [lmmono10-regular]:!
Missing character: There is no 部 (U+90E8) in font [lmmono10-regular]:!
Missing character: There is no 分 (U+5206) in font [lmmono10-regular]:!
Missing character: There is no 子 (U+5B50) in font [lmmono10-regular]:!
Missing character: There is no 分 (U+5206) in font [lmmono10-regular]:!
Missing character: There is no 布 (U+5E03) in font [lmmono10-regular]:!
Missing character: There is no 单 (U+5355) in font [lmmono10-regular]:!
Missing character: There is no 圈 (U+5708) in font [lmmono10-regular]:!
Missing character: There is no 匹 (U+5339) in font [lmmono10-regular]:!
Missing character: There is no 配 (U+914D) in font [lmmono10-regular]:!
Missing character: There is no 从 (U+4ECE) in font [lmmono10-regular]:!
Missing character: There is no 准 (U+51C6) in font [lmmono10-regular]:!
Missing character: There is no 波 (U+6CE2) in font [lmmono10-regular]:!
Missing character: There is no 函 (U+51FD) in font [lmmono10-regular]:!
Missing character: There is no 数 (U+6570) in font [lmmono10-regular]:!
Missing character: There is no 确 (U+786E) in font [lmmono10-regular]:!
Missing character: There is no 定 (U+5B9A) in font [lmmono10-regular]:!
Missing character: There is no 核 (U+6838) in font [lmmono10-regular]:!
Missing character: There is no 计 (U+8BA1) in font [lmmono10-regular]:!
Missing character: There is no 算 (U+7B97) in font [lmmono10-regular]:!
Missing character: There is no 软 (U+8F6F) in font [lmmono10-regular]:!
Missing character: There is no 函 (U+51FD) in font [lmmono10-regular]:!
Missing character: There is no 数 (U+6570) in font [lmmono10-regular]:!
Missing character: There is no 准 (U+51C6) in font [lmmono10-regular]:!
Missing character: There is no 部 (U+90E8) in font [lmmono10-regular]:!
Missing character: There is no 分 (U+5206) in font [lmmono10-regular]:!
Missing character: There is no 子 (U+5B50) in font [lmmono10-regular]:!
Missing character: There is no 分 (U+5206) in font [lmmono10-regular]:!
Missing character: There is no 布 (U+5E03) in font [lmmono10-regular]:!
Missing character: There is no 与 (U+4E0E) in font [lmmono10-regular]:!
Missing character: There is no 梯 (U+68AF) in font [lmmono10-regular]:!
Missing character: There is no 度 (U+5EA6) in font [lmmono10-regular]:!
Missing character: There is no 流 (U+6D41) in font [lmmono10-regular]:!
Missing character: There is no 格 (U+683C) in font [lmmono10-regular]:!
Missing character: There is no 点 (U+70B9) in font [lmmono10-regular]:!
Missing character: There is no 中 (U+4E2D) in font [lmmono10-regular]:!
Missing character: There is no 的 (U+7684) in font [lmmono10-regular]:!
Missing character: There is no 关 (U+5173) in font [lmmono10-regular]:!
Missing character: There is no 联 (U+8054) in font [lmmono10-regular]:!
Missing character: There is no 函 (U+51FD) in font [lmmono10-regular]:!
Missing character: There is no 数 (U+6570) in font [lmmono10-regular]:!
Missing character: There is no 格 (U+683C) in font [lmmono10-regular]:!
Missing character: There is no 点 (U+70B9) in font [lmmono10-regular]:!
Missing character: There is no 中 (U+4E2D) in font [lmmono10-regular]:!
Missing character: There is no 的 (U+7684) in font [lmmono10-regular]:!
Missing character: There is no 算 (U+7B97) in font [lmmono10-regular]:!
Missing character: There is no 符 (U+7B26) in font [lmmono10-regular]:!
Missing character: There is no 格 (U+683C) in font [lmmono10-regular]:!
Missing character: There is no 点 (U+70B9) in font [lmmono10-regular]:!
Missing character: There is no 中 (U+4E2D) in font [lmmono10-regular]:!
Missing character: There is no 的 (U+7684) in font [lmmono10-regular]:!
Missing character: There is no 格 (U+683C) in font [lmmono10-regular]:!
Missing character: There is no 点 (U+70B9) in font [lmmono10-regular]:!
Missing character: There is no 导 (U+5BFC) in font [lmmono10-regular]:!
Missing character: There is no 论 (U+8BBA) in font [lmmono10-regular]:!
Missing character: There is no 格 (U+683C) in font [lmmono10-regular]:!
Missing character: There is no 点 (U+70B9) in font [lmmono10-regular]:!
Missing character: There is no 导 (U+5BFC) in font [lmmono10-regular]:!
Missing character: There is no 论 (U+8BBA) in font [lmmono10-regular]:!
Missing character: There is no 格 (U+683C) in font [lmmono10-regular]:!
Missing character: There is no 点 (U+70B9) in font [lmmono10-regular]:!
Missing character: There is no 导 (U+5BFC) in font [lmmono10-regular]:!
Missing character: There is no 论 (U+8BBA) in font [lmmono10-regular]:!
Missing character: There is no 格 (U+683C) in font [lmmono10-regular]:!
Missing character: There is no 点 (U+70B9) in font [lmmono10-regular]:!
Missing character: There is no 导 (U+5BFC) in font [lmmono10-regular]:!
Missing character: There is no 论 (U+8BBA) in font [lmmono10-regular]:!
Missing character: There is no 准 (U+51C6) in font [lmmono10-regular]:!
Missing character: There is no 部 (U+90E8) in font [lmmono10-regular]:!
Missing character: There is no 分 (U+5206) in font [lmmono10-regular]:!
Missing character: There is no 子 (U+5B50) in font [lmmono10-regular]:!
Missing character: There is no 分 (U+5206) in font [lmmono10-regular]:!
Missing character: There is no 布 (U+5E03) in font [lmmono10-regular]:!
Missing character: There is no 单 (U+5355) in font [lmmono10-regular]:!
Missing character: There is no 圈 (U+5708) in font [lmmono10-regular]:!
Missing character: There is no 匹 (U+5339) in font [lmmono10-regular]:!
Missing character: There is no 配 (U+914D) in font [lmmono10-regular]:!
Missing character: There is no 从 (U+4ECE) in font [lmmono10-regular]:!
Missing character: There is no 准 (U+51C6) in font [lmmono10-regular]:!
Missing character: There is no 波 (U+6CE2) in font [lmmono10-regular]:!
Missing character: There is no 函 (U+51FD) in font [lmmono10-regular]:!
Missing character: There is no 数 (U+6570) in font [lmmono10-regular]:!
Missing character: There is no 确 (U+786E) in font [lmmono10-regular]:!
Missing character: There is no 定 (U+5B9A) in font [lmmono10-regular]:!
Missing character: There is no 核 (U+6838) in font [lmmono10-regular]:!
Missing character: There is no 计 (U+8BA1) in font [lmmono10-regular]:!
Missing character: There is no 算 (U+7B97) in font [lmmono10-regular]:!
Missing character: There is no 软 (U+8F6F) in font [lmmono10-regular]:!
Missing character: There is no 函 (U+51FD) in font [lmmono10-regular]:!
Missing character: There is no 数 (U+6570) in font [lmmono10-regular]:!
Missing character: There is no 准 (U+51C6) in font [lmmono10-regular]:!
Missing character: There is no 部 (U+90E8) in font [lmmono10-regular]:!
Missing character: There is no 分 (U+5206) in font [lmmono10-regular]:!
Missing character: There is no 子 (U+5B50) in font [lmmono10-regular]:!
Missing character: There is no 分 (U+5206) in font [lmmono10-regular]:!
Missing character: There is no 布 (U+5E03) in font [lmmono10-regular]:!
Missing character: There is no 与 (U+4E0E) in font [lmmono10-regular]:!
Missing character: There is no 梯 (U+68AF) in font [lmmono10-regular]:!
Missing character: There is no 度 (U+5EA6) in font [lmmono10-regular]:!
Missing character: There is no 流 (U+6D41) in font [lmmono10-regular]:!
Missing character: There is no 格 (U+683C) in font [lmmono10-regular]:!
Missing character: There is no 点 (U+70B9) in font [lmmono10-regular]:!
Missing character: There is no 中 (U+4E2D) in font [lmmono10-regular]:!
Missing character: There is no 的 (U+7684) in font [lmmono10-regular]:!
Missing character: There is no 关 (U+5173) in font [lmmono10-regular]:!
Missing character: There is no 联 (U+8054) in font [lmmono10-regular]:!
Missing character: There is no 函 (U+51FD) in font [lmmono10-regular]:!
Missing character: There is no 数 (U+6570) in font [lmmono10-regular]:!
Missing character: There is no 格 (U+683C) in font [lmmono10-regular]:!
Missing character: There is no 点 (U+70B9) in font [lmmono10-regular]:!
Missing character: There is no 中 (U+4E2D) in font [lmmono10-regular]:!
Missing character: There is no 的 (U+7684) in font [lmmono10-regular]:!
Missing character: There is no 算 (U+7B97) in font [lmmono10-regular]:!
Missing character: There is no 符 (U+7B26) in font [lmmono10-regular]:!
Missing character: There is no 格 (U+683C) in font [lmmono10-regular]:!
Missing character: There is no 点 (U+70B9) in font [lmmono10-regular]:!
Missing character: There is no 中 (U+4E2D) in font [lmmono10-regular]:!
Missing character: There is no 的 (U+7684) in font [lmmono10-regular]:!


[9

]

[10]
第五章

LaTeX Warning: Reference `eq:deep-continuum-action' on page 11 undefined on inp
ut line 823.



[11

]

[12]

LaTeX Warning: Reference `eq:deep-wilson-fermion-action' on page 13 undefined o
n input line 941.



[13]

LaTeX Warning: Reference `eq:deep-continuum-fit' on page 14 undefined on input 
line 1038.

./report_pyqcd_lattice_qcd_theory_20260906.tex:1069: Missing $ inserted.
<inserted text> 
                $
l.1069 \(
         \mathrm{DB:}\;H(X')\text{ 与 }H(X)\text{ 按 Metropolis 详细平衡配对}\)\\
I've inserted a begin-math/end-math symbol since I think
you left one out. Proceed, with fingers crossed.

 
Here is how much of TeX's memory you used:
 21926 strings out of 473832
 475963 string characters out of 5729481
 923084 words of memory out of 5000000
 44644 multiletter control sequences out of 15000+600000
 573124 words of font info for 135 fonts, out of 8000000 for 9000
 1348 hyphenation exceptions out of 8191
 93i,18n,114p,1227b,995s stack positions out of 10000i,1000n,20000p,200000b,200000s
Output written on /Users/zhangxin/MyQCD/data/theory-report-build-aJoUA8/report_
pyqcd_lattice_qcd_theory_20260906.pdf (19 pages).
